---
source: crates/strider/tests/v1_baseline.rs
expression: snapshot_body
---
digraph "G" {
  graph [
    rankdir=TB,
    bgcolor="#1e1e1e",
    fontcolor=white,
  ];

  node [
    shape=box,
    style="filled,rounded",
    fillcolor="#2d2d2d",
    color="#888888",
    fontcolor=white,
    fontname=monospace,
    margin=0.2,
  ];

  edge [
    color="#aaaaaa",
    fontcolor=white,
    penwidth=1.2,
  ];

  "0" [label="Entry", shape=Mdiamond, fillcolor="#1a3a5c"];
  "1" [label="If", shape=diamond, fillcolor="#3a2a10"];
  "v2" [label="if.true", shape=trapezium, fillcolor="#3a2a10"];
  "1" -> "v2" [color="#00cccc", label=true, fontcolor="#cccccc", fontsize=9];
  "v3" [label="if.false", shape=trapezium, fillcolor="#3a2a10"];
  "1" -> "v3" [color="#00cccc", label=false, fontcolor="#cccccc", fontsize=9];
  "0" -> "1" [color="#00cccc", label=ctrl, fontcolor="#cccccc", fontsize=9];
  "4" -> "1" [color="#ff44ff", label=cond, fontcolor="#cccccc", fontsize=9];
  "5" [label="ControlState", shape=invhouse, fillcolor="#2a1a4a"];
  "v6" [label="if.false", shape=trapezium, fillcolor="#3a2a10"];
  "v6" -> "5" [color="#00cccc", label=ctrl, fontcolor="#cccccc", fontsize=9];
  "v3" -> "5" [color="#00cccc", label=ctrl, fontcolor="#cccccc", fontsize=9];
  "7" [label="If", shape=diamond, fillcolor="#3a2a10"];
  "v8" [label="if.true", shape=trapezium, fillcolor="#3a2a10"];
  "7" -> "v8" [color="#00cccc", label=true, fontcolor="#cccccc", fontsize=9];
  "7" -> "v6" [color="#00cccc", label=false, fontcolor="#cccccc", fontsize=9];
  "5" -> "7" [color="#00cccc", label=ctrl, fontcolor="#cccccc", fontsize=9];
  "9" -> "7" [color="#ff44ff", label=cond, fontcolor="#cccccc", fontsize=9];
  "10" [label="ControlState", shape=invhouse, fillcolor="#2a1a4a"];
  "v8" -> "10" [color="#00cccc", label=ctrl, fontcolor="#cccccc", fontsize=9];
  "11" -> "10" [color="#00cccc", label=ctrl, fontcolor="#cccccc", fontsize=9];
  "12" [label="Return", shape=doublecircle, fillcolor="#103a10"];
  "10" -> "12" [color="#00cccc", label=ctrl, fontcolor="#cccccc", fontsize=9];
  "13" -> "12" [color="#cc88aa", label=mem, fontcolor="#cccccc", fontsize=9];
  "14" -> "12" [color="#88cc88", label=r3, fontcolor="#cccccc", fontsize=9];
  "15" -> "12" [color="#88cc88", label=r4, fontcolor="#cccccc", fontsize=9];
  "16" -> "12" [color="#88cc88", label=f1, fontcolor="#cccccc", fontsize=9];
  "17" -> "12" [color="#88cc88", label=f2, fontcolor="#cccccc", fontsize=9];
  "17" [label="φ f2", shape=house, fillcolor="#163030"];
  "10" -> "17" [color="#dddddd", label=phi, fontcolor="#cccccc", fontsize=9];
  "18" -> "17" [color="#dddddd", label=in, fontcolor="#cccccc", fontsize=9];
  "v19" [label="Post Call\nf2", shape=box, fillcolor="#28102a", style="filled,dashed"];
  "11" -> "v19" [color="#888888", style=dashed];
  "v19" -> "17" [color="#dddddd", label=in, fontcolor="#cccccc", fontsize=9];
  "11" [label="Call", shape=rarrow, fillcolor="#3a1010"];
  "v2" -> "11" [color="#00cccc", label=ctrl, fontcolor="#cccccc", fontsize=9];
  "20" -> "11" [color="#cc88aa", label=mem, fontcolor="#cccccc", fontsize=9];
  "21" -> "11" [color="#ffdd44", label=target, fontcolor="#cccccc", fontsize=9];
  "21" [label="const 0x10010320:u32", shape=ellipse, fillcolor="#2d2d2d"];
  "22" -> "11" [color="#ff8800", label=arg0, fontcolor="#cccccc", fontsize=9];
  "23" -> "11" [color="#ff8800", label=arg1, fontcolor="#cccccc", fontsize=9];
  "23" [label="arg[1] ← r4", shape=Mdiamond, fillcolor="#1a3a5c"];
  "22" [label="Add:u32", shape=box, fillcolor="#2d2d2d"];
  "24" -> "22" [color="#4488ff", label=lhs, fontcolor="#cccccc", fontsize=9];
  "25" -> "22" [color="#ff4444", label=rhs, fontcolor="#cccccc", fontsize=9];
  "25" [label="const 0xffffffff:u32", shape=ellipse, fillcolor="#2d2d2d"];
  "24" [label="arg[0] ← r3", shape=Mdiamond, fillcolor="#1a3a5c"];
  "20" [label="StackStore u32\n→ ram[sp - 16]", shape=box3d, fillcolor="#20182a"];
  "26" -> "20" [color="#cc88aa", label=mem, fontcolor="#cccccc", fontsize=9];
  "v27" [label="init\nr1", shape=Mdiamond, fillcolor="#1a3a5c"];
  "v27" -> "20" [color="#cc88ff", label=sp, fontcolor="#cccccc", fontsize=9];
  "28" -> "20" [color="#ff8800", label=data, fontcolor="#cccccc", fontsize=9];
  "28" [label="Add:u32", shape=box, fillcolor="#2d2d2d"];
  "24" -> "28" [color="#4488ff", label=lhs, fontcolor="#cccccc", fontsize=9];
  "29" -> "28" [color="#ff4444", label=rhs, fontcolor="#cccccc", fontsize=9];
  "29" [label="const 0x7:u32", shape=ellipse, fillcolor="#2d2d2d"];
  "30" [label="init\nr1", shape=Mdiamond, fillcolor="#1a3a5c"];
  "26" [label="StackStore u32\n→ ram[sp - 20]", shape=box3d, fillcolor="#20182a"];
  "31" -> "26" [color="#cc88aa", label=mem, fontcolor="#cccccc", fontsize=9];
  "v32" [label="init\nr1", shape=Mdiamond, fillcolor="#1a3a5c"];
  "v32" -> "26" [color="#cc88ff", label=sp, fontcolor="#cccccc", fontsize=9];
  "33" -> "26" [color="#ff8800", label=data, fontcolor="#cccccc", fontsize=9];
  "33" [label="Add:u32", shape=box, fillcolor="#2d2d2d"];
  "24" -> "33" [color="#4488ff", label=lhs, fontcolor="#cccccc", fontsize=9];
  "34" -> "33" [color="#ff4444", label=rhs, fontcolor="#cccccc", fontsize=9];
  "34" [label="const 0x6:u32", shape=ellipse, fillcolor="#2d2d2d"];
  "31" [label="StackStore u32\n→ ram[sp - 24]", shape=box3d, fillcolor="#20182a"];
  "35" -> "31" [color="#cc88aa", label=mem, fontcolor="#cccccc", fontsize=9];
  "v36" [label="init\nr1", shape=Mdiamond, fillcolor="#1a3a5c"];
  "v36" -> "31" [color="#cc88ff", label=sp, fontcolor="#cccccc", fontsize=9];
  "37" -> "31" [color="#ff8800", label=data, fontcolor="#cccccc", fontsize=9];
  "37" [label="Add:u32", shape=box, fillcolor="#2d2d2d"];
  "24" -> "37" [color="#4488ff", label=lhs, fontcolor="#cccccc", fontsize=9];
  "38" -> "37" [color="#ff4444", label=rhs, fontcolor="#cccccc", fontsize=9];
  "38" [label="const 0x5:u32", shape=ellipse, fillcolor="#2d2d2d"];
  "35" [label="StackStore u32\n→ ram[sp - 28]", shape=box3d, fillcolor="#20182a"];
  "39" -> "35" [color="#cc88aa", label=mem, fontcolor="#cccccc", fontsize=9];
  "v40" [label="init\nr1", shape=Mdiamond, fillcolor="#1a3a5c"];
  "v40" -> "35" [color="#cc88ff", label=sp, fontcolor="#cccccc", fontsize=9];
  "41" -> "35" [color="#ff8800", label=data, fontcolor="#cccccc", fontsize=9];
  "41" [label="Add:u32", shape=box, fillcolor="#2d2d2d"];
  "24" -> "41" [color="#4488ff", label=lhs, fontcolor="#cccccc", fontsize=9];
  "42" -> "41" [color="#ff4444", label=rhs, fontcolor="#cccccc", fontsize=9];
  "42" [label="const 0x4:u32", shape=ellipse, fillcolor="#2d2d2d"];
  "39" [label="StackStore u32\n→ ram[sp - 32]", shape=box3d, fillcolor="#20182a"];
  "43" -> "39" [color="#cc88aa", label=mem, fontcolor="#cccccc", fontsize=9];
  "v44" [label="init\nr1", shape=Mdiamond, fillcolor="#1a3a5c"];
  "v44" -> "39" [color="#cc88ff", label=sp, fontcolor="#cccccc", fontsize=9];
  "45" -> "39" [color="#ff8800", label=data, fontcolor="#cccccc", fontsize=9];
  "45" [label="Add:u32", shape=box, fillcolor="#2d2d2d"];
  "24" -> "45" [color="#4488ff", label=lhs, fontcolor="#cccccc", fontsize=9];
  "46" -> "45" [color="#ff4444", label=rhs, fontcolor="#cccccc", fontsize=9];
  "46" [label="const 0x3:u32", shape=ellipse, fillcolor="#2d2d2d"];
  "43" [label="StackStore u32\n→ ram[sp - 36]", shape=box3d, fillcolor="#20182a"];
  "47" -> "43" [color="#cc88aa", label=mem, fontcolor="#cccccc", fontsize=9];
  "v48" [label="init\nr1", shape=Mdiamond, fillcolor="#1a3a5c"];
  "v48" -> "43" [color="#cc88ff", label=sp, fontcolor="#cccccc", fontsize=9];
  "49" -> "43" [color="#ff8800", label=data, fontcolor="#cccccc", fontsize=9];
  "49" [label="Add:u32", shape=box, fillcolor="#2d2d2d"];
  "24" -> "49" [color="#4488ff", label=lhs, fontcolor="#cccccc", fontsize=9];
  "50" -> "49" [color="#ff4444", label=rhs, fontcolor="#cccccc", fontsize=9];
  "50" [label="const 0x2:u32", shape=ellipse, fillcolor="#2d2d2d"];
  "47" [label="StackStore u32\n→ ram[sp - 40]", shape=box3d, fillcolor="#20182a"];
  "51" -> "47" [color="#cc88aa", label=mem, fontcolor="#cccccc", fontsize=9];
  "v52" [label="init\nr1", shape=Mdiamond, fillcolor="#1a3a5c"];
  "v52" -> "47" [color="#cc88ff", label=sp, fontcolor="#cccccc", fontsize=9];
  "53" -> "47" [color="#ff8800", label=data, fontcolor="#cccccc", fontsize=9];
  "53" [label="Add:u32", shape=box, fillcolor="#2d2d2d"];
  "24" -> "53" [color="#4488ff", label=lhs, fontcolor="#cccccc", fontsize=9];
  "54" -> "53" [color="#ff4444", label=rhs, fontcolor="#cccccc", fontsize=9];
  "54" [label="const 0x1:u32", shape=ellipse, fillcolor="#2d2d2d"];
  "51" [label="StackStore u32\n→ ram[sp - 44]", shape=box3d, fillcolor="#20182a"];
  "55" -> "51" [color="#cc88aa", label=mem, fontcolor="#cccccc", fontsize=9];
  "v56" [label="init\nr1", shape=Mdiamond, fillcolor="#1a3a5c"];
  "v56" -> "51" [color="#cc88ff", label=sp, fontcolor="#cccccc", fontsize=9];
  "24" -> "51" [color="#ff8800", label=data, fontcolor="#cccccc", fontsize=9];
  "55" [label="StackStore u32\n→ ram[sp - 12]", shape=box3d, fillcolor="#20182a"];
  "57" -> "55" [color="#cc88aa", label=mem, fontcolor="#cccccc", fontsize=9];
  "v58" [label="init\nr1", shape=Mdiamond, fillcolor="#1a3a5c"];
  "v58" -> "55" [color="#cc88ff", label=sp, fontcolor="#cccccc", fontsize=9];
  "24" -> "55" [color="#ff8800", label=data, fontcolor="#cccccc", fontsize=9];
  "57" [label="StackStore u32\n→ ram[sp - 4]", shape=box3d, fillcolor="#20182a"];
  "59" -> "57" [color="#cc88aa", label=mem, fontcolor="#cccccc", fontsize=9];
  "v60" [label="init\nr1", shape=Mdiamond, fillcolor="#1a3a5c"];
  "v60" -> "57" [color="#cc88ff", label=sp, fontcolor="#cccccc", fontsize=9];
  "61" -> "57" [color="#ff8800", label=data, fontcolor="#cccccc", fontsize=9];
  "61" [label="init\nr31", shape=Mdiamond, fillcolor="#1a3a5c"];
  "59" [label="StackStore u32\n→ ram[sp - 64]", shape=box3d, fillcolor="#20182a"];
  "62" -> "59" [color="#cc88aa", label=mem, fontcolor="#cccccc", fontsize=9];
  "v63" [label="init\nr1", shape=Mdiamond, fillcolor="#1a3a5c"];
  "v63" -> "59" [color="#cc88ff", label=sp, fontcolor="#cccccc", fontsize=9];
  "30" -> "59" [color="#ff8800", label=data, fontcolor="#cccccc", fontsize=9];
  "62" [label="StackStore u32\n→ ram[sp + 4]", shape=box3d, fillcolor="#20182a"];
  "64" -> "62" [color="#cc88aa", label=mem, fontcolor="#cccccc", fontsize=9];
  "v65" [label="init\nr1", shape=Mdiamond, fillcolor="#1a3a5c"];
  "v65" -> "62" [color="#cc88ff", label=sp, fontcolor="#cccccc", fontsize=9];
  "66" -> "62" [color="#ff8800", label=data, fontcolor="#cccccc", fontsize=9];
  "66" [label="init\nLR", shape=Mdiamond, fillcolor="#1a3a5c"];
  "64" [label="InitialMemory", shape=Mdiamond, fillcolor="#1a3a5c"];
  "18" [label="init\nf2", shape=Mdiamond, fillcolor="#1a3a5c"];
  "16" [label="φ f1", shape=house, fillcolor="#163030"];
  "10" -> "16" [color="#dddddd", label=phi, fontcolor="#cccccc", fontsize=9];
  "67" -> "16" [color="#dddddd", label=in, fontcolor="#cccccc", fontsize=9];
  "v68" [label="Post Call\nf1", shape=box, fillcolor="#28102a", style="filled,dashed"];
  "11" -> "v68" [color="#888888", style=dashed];
  "v68" -> "16" [color="#dddddd", label=in, fontcolor="#cccccc", fontsize=9];
  "67" [label="init\nf1", shape=Mdiamond, fillcolor="#1a3a5c"];
  "15" [label="φ r4", shape=house, fillcolor="#163030"];
  "10" -> "15" [color="#dddddd", label=phi, fontcolor="#cccccc", fontsize=9];
  "69" -> "15" [color="#dddddd", label=in, fontcolor="#cccccc", fontsize=9];
  "70" -> "15" [color="#dddddd", label=in, fontcolor="#cccccc", fontsize=9];
  "70" [label="Load u32\n← ram", shape=box3d, fillcolor="#102030"];
  "11" -> "70" [color="#cc88aa", label=mem, fontcolor="#cccccc", fontsize=9];
  "71" -> "70" [color="#cc88ff", label=addr, fontcolor="#cccccc", fontsize=9];
  "71" [label="Add:u32", shape=box, fillcolor="#2d2d2d"];
  "30" -> "71" [color="#4488ff", label=lhs, fontcolor="#cccccc", fontsize=9];
  "72" -> "71" [color="#ff4444", label=rhs, fontcolor="#cccccc", fontsize=9];
  "72" [label="const 0xffffffd4:u32", shape=ellipse, fillcolor="#2d2d2d"];
  "69" [label="φ r4", shape=house, fillcolor="#163030"];
  "5" -> "69" [color="#dddddd", label=phi, fontcolor="#cccccc", fontsize=9];
  "73" -> "69" [color="#dddddd", label=in, fontcolor="#cccccc", fontsize=9];
  "23" -> "69" [color="#dddddd", label=in, fontcolor="#cccccc", fontsize=9];
  "73" [label="Load u32\n← ram", shape=box3d, fillcolor="#102030"];
  "74" -> "73" [color="#cc88aa", label=mem, fontcolor="#cccccc", fontsize=9];
  "75" -> "73" [color="#cc88ff", label=addr, fontcolor="#cccccc", fontsize=9];
  "75" [label="Add:u32", shape=box, fillcolor="#2d2d2d"];
  "76" -> "75" [color="#4488ff", label=lhs, fontcolor="#cccccc", fontsize=9];
  "77" -> "75" [color="#ff4444", label=rhs, fontcolor="#cccccc", fontsize=9];
  "77" [label="And:u32", shape=box, fillcolor="#2d2d2d"];
  "78" -> "77" [color="#4488ff", label=lhs, fontcolor="#cccccc", fontsize=9];
  "79" -> "77" [color="#ff4444", label=rhs, fontcolor="#cccccc", fontsize=9];
  "79" [label="const 0xfffffffc:u32", shape=ellipse, fillcolor="#2d2d2d"];
  "78" [label="Or:u32", shape=box, fillcolor="#2d2d2d"];
  "80" -> "78" [color="#4488ff", label=lhs, fontcolor="#cccccc", fontsize=9];
  "81" -> "78" [color="#ff4444", label=rhs, fontcolor="#cccccc", fontsize=9];
  "81" [label="ShiftRight:u32", shape=box, fillcolor="#2d2d2d"];
  "82" -> "81" [color="#4488ff", label=lhs, fontcolor="#cccccc", fontsize=9];
  "83" -> "81" [color="#ff4444", label=rhs, fontcolor="#cccccc", fontsize=9];
  "83" [label="const 0x1e:u32", shape=ellipse, fillcolor="#2d2d2d"];
  "82" [label="φ Val", shape=house, fillcolor="#163030"];
  "5" -> "82" [color="#dddddd", label=phi, fontcolor="#cccccc", fontsize=9];
  "84" -> "82" [color="#dddddd", label=in, fontcolor="#cccccc", fontsize=9];
  "85" -> "82" [color="#dddddd", label=in, fontcolor="#cccccc", fontsize=9];
  "85" [label="const 0x0:u32", shape=ellipse, fillcolor="#2d2d2d"];
  "84" [label="Add:u32", shape=box, fillcolor="#2d2d2d"];
  "86" -> "84" [color="#4488ff", label=lhs, fontcolor="#cccccc", fontsize=9];
  "87" -> "84" [color="#ff4444", label=rhs, fontcolor="#cccccc", fontsize=9];
  "87" [label="const 0x1:u32", shape=ellipse, fillcolor="#2d2d2d"];
  "86" [label="φ Val", shape=house, fillcolor="#163030"];
  "5" -> "86" [color="#dddddd", label=phi, fontcolor="#cccccc", fontsize=9];
  "84" -> "86" [color="#dddddd", label=in, fontcolor="#cccccc", fontsize=9];
  "88" -> "86" [color="#dddddd", label=in, fontcolor="#cccccc", fontsize=9];
  "88" [label="const 0x0:u32", shape=ellipse, fillcolor="#2d2d2d"];
  "80" [label="ShiftLeft:u32", shape=box, fillcolor="#2d2d2d"];
  "82" -> "80" [color="#4488ff", label=lhs, fontcolor="#cccccc", fontsize=9];
  "89" -> "80" [color="#ff4444", label=rhs, fontcolor="#cccccc", fontsize=9];
  "89" [label="const 0x2:u32", shape=ellipse, fillcolor="#2d2d2d"];
  "76" [label="Add:u32", shape=box, fillcolor="#2d2d2d"];
  "30" -> "76" [color="#4488ff", label=lhs, fontcolor="#cccccc", fontsize=9];
  "90" -> "76" [color="#ff4444", label=rhs, fontcolor="#cccccc", fontsize=9];
  "90" [label="const 0xffffffd4:u32", shape=ellipse, fillcolor="#2d2d2d"];
  "74" [label="φ Mem", shape=house, fillcolor="#163030"];
  "5" -> "74" [color="#dddddd", label=phi, fontcolor="#cccccc", fontsize=9];
  "91" -> "74" [color="#cc88aa", label=mem, fontcolor="#cccccc", fontsize=9];
  "92" -> "74" [color="#cc88aa", label=mem, fontcolor="#cccccc", fontsize=9];
  "92" [label="StackStore u32\n→ ram[sp - 52]", shape=box3d, fillcolor="#20182a"];
  "93" -> "92" [color="#cc88aa", label=mem, fontcolor="#cccccc", fontsize=9];
  "v94" [label="init\nr1", shape=Mdiamond, fillcolor="#1a3a5c"];
  "v94" -> "92" [color="#cc88ff", label=sp, fontcolor="#cccccc", fontsize=9];
  "95" -> "92" [color="#ff8800", label=data, fontcolor="#cccccc", fontsize=9];
  "95" [label="const 0x0:u32", shape=ellipse, fillcolor="#2d2d2d"];
  "93" [label="StackStore u32\n→ ram[sp - 48]", shape=box3d, fillcolor="#20182a"];
  "20" -> "93" [color="#cc88aa", label=mem, fontcolor="#cccccc", fontsize=9];
  "v96" [label="init\nr1", shape=Mdiamond, fillcolor="#1a3a5c"];
  "v96" -> "93" [color="#cc88ff", label=sp, fontcolor="#cccccc", fontsize=9];
  "97" -> "93" [color="#ff8800", label=data, fontcolor="#cccccc", fontsize=9];
  "97" [label="const 0x0:u32", shape=ellipse, fillcolor="#2d2d2d"];
  "91" [label="StackStore u32\n→ ram[sp - 52]", shape=box3d, fillcolor="#20182a"];
  "98" -> "91" [color="#cc88aa", label=mem, fontcolor="#cccccc", fontsize=9];
  "v99" [label="init\nr1", shape=Mdiamond, fillcolor="#1a3a5c"];
  "v99" -> "91" [color="#cc88ff", label=sp, fontcolor="#cccccc", fontsize=9];
  "84" -> "91" [color="#ff8800", label=data, fontcolor="#cccccc", fontsize=9];
  "98" [label="StackStore u32\n→ ram[sp - 48]", shape=box3d, fillcolor="#20182a"];
  "74" -> "98" [color="#cc88aa", label=mem, fontcolor="#cccccc", fontsize=9];
  "v100" [label="init\nr1", shape=Mdiamond, fillcolor="#1a3a5c"];
  "v100" -> "98" [color="#cc88ff", label=sp, fontcolor="#cccccc", fontsize=9];
  "101" -> "98" [color="#ff8800", label=data, fontcolor="#cccccc", fontsize=9];
  "101" [label="Add:u32", shape=box, fillcolor="#2d2d2d"];
  "102" -> "101" [color="#4488ff", label=lhs, fontcolor="#cccccc", fontsize=9];
  "73" -> "101" [color="#ff4444", label=rhs, fontcolor="#cccccc", fontsize=9];
  "102" [label="φ Val", shape=house, fillcolor="#163030"];
  "5" -> "102" [color="#dddddd", label=phi, fontcolor="#cccccc", fontsize=9];
  "101" -> "102" [color="#dddddd", label=in, fontcolor="#cccccc", fontsize=9];
  "103" -> "102" [color="#dddddd", label=in, fontcolor="#cccccc", fontsize=9];
  "103" [label="const 0x0:u32", shape=ellipse, fillcolor="#2d2d2d"];
  "14" [label="φ Val", shape=house, fillcolor="#163030"];
  "10" -> "14" [color="#dddddd", label=phi, fontcolor="#cccccc", fontsize=9];
  "104" -> "14" [color="#dddddd", label=in, fontcolor="#cccccc", fontsize=9];
  "105" -> "14" [color="#dddddd", label=in, fontcolor="#cccccc", fontsize=9];
  "105" [label="Add:u32", shape=box, fillcolor="#2d2d2d"];
  "v106" [label="Post Call\nr3", shape=box, fillcolor="#28102a", style="filled,dashed"];
  "11" -> "v106" [color="#888888", style=dashed];
  "v106" -> "105" [color="#4488ff", label=lhs, fontcolor="#cccccc", fontsize=9];
  "70" -> "105" [color="#ff4444", label=rhs, fontcolor="#cccccc", fontsize=9];
  "104" [label="φ Val", shape=house, fillcolor="#163030"];
  "5" -> "104" [color="#dddddd", label=phi, fontcolor="#cccccc", fontsize=9];
  "101" -> "104" [color="#dddddd", label=in, fontcolor="#cccccc", fontsize=9];
  "107" -> "104" [color="#dddddd", label=in, fontcolor="#cccccc", fontsize=9];
  "107" [label="const 0x0:u32", shape=ellipse, fillcolor="#2d2d2d"];
  "13" [label="φ Mem", shape=house, fillcolor="#163030"];
  "10" -> "13" [color="#dddddd", label=phi, fontcolor="#cccccc", fontsize=9];
  "108" -> "13" [color="#cc88aa", label=mem, fontcolor="#cccccc", fontsize=9];
  "109" -> "13" [color="#cc88aa", label=mem, fontcolor="#cccccc", fontsize=9];
  "109" [label="StackStore u32\n→ ram[sp - 8]", shape=box3d, fillcolor="#20182a"];
  "11" -> "109" [color="#cc88aa", label=mem, fontcolor="#cccccc", fontsize=9];
  "v110" [label="init\nr1", shape=Mdiamond, fillcolor="#1a3a5c"];
  "v110" -> "109" [color="#cc88ff", label=sp, fontcolor="#cccccc", fontsize=9];
  "105" -> "109" [color="#ff8800", label=data, fontcolor="#cccccc", fontsize=9];
  "108" [label="StackStore u32\n→ ram[sp - 8]", shape=box3d, fillcolor="#20182a"];
  "74" -> "108" [color="#cc88aa", label=mem, fontcolor="#cccccc", fontsize=9];
  "v111" [label="init\nr1", shape=Mdiamond, fillcolor="#1a3a5c"];
  "v111" -> "108" [color="#cc88ff", label=sp, fontcolor="#cccccc", fontsize=9];
  "104" -> "108" [color="#ff8800", label=data, fontcolor="#cccccc", fontsize=9];
  "9" [label="Cast → bool\nfrom u8", shape=box, fillcolor="#2d2d2d"];
  "112" -> "9" [color="#88cc88", label=val, fontcolor="#cccccc", fontsize=9];
  "112" [label="And:u8", shape=box, fillcolor="#2d2d2d"];
  "113" -> "112" [color="#4488ff", label=lhs, fontcolor="#cccccc", fontsize=9];
  "114" -> "112" [color="#ff4444", label=rhs, fontcolor="#cccccc", fontsize=9];
  "114" [label="const 0x1:u8", shape=ellipse, fillcolor="#2d2d2d"];
  "113" [label="ShiftRight:u8", shape=box, fillcolor="#2d2d2d"];
  "115" -> "113" [color="#4488ff", label=lhs, fontcolor="#cccccc", fontsize=9];
  "116" -> "113" [color="#ff4444", label=rhs, fontcolor="#cccccc", fontsize=9];
  "116" [label="const 0x2:u8", shape=ellipse, fillcolor="#2d2d2d"];
  "115" [label="Or:u8", shape=box, fillcolor="#2d2d2d"];
  "117" -> "115" [color="#4488ff", label=lhs, fontcolor="#cccccc", fontsize=9];
  "118" -> "115" [color="#ff4444", label=rhs, fontcolor="#cccccc", fontsize=9];
  "118" [label="And:u8", shape=box, fillcolor="#2d2d2d"];
  "119" -> "118" [color="#4488ff", label=lhs, fontcolor="#cccccc", fontsize=9];
  "120" -> "118" [color="#ff4444", label=rhs, fontcolor="#cccccc", fontsize=9];
  "120" [label="const 0x1:u8", shape=ellipse, fillcolor="#2d2d2d"];
  "119" [label="init\nxer_so", shape=Mdiamond, fillcolor="#1a3a5c"];
  "117" [label="Or:u8", shape=box, fillcolor="#2d2d2d"];
  "121" -> "117" [color="#4488ff", label=lhs, fontcolor="#cccccc", fontsize=9];
  "122" -> "117" [color="#ff4444", label=rhs, fontcolor="#cccccc", fontsize=9];
  "122" [label="ShiftLeft:u8", shape=box, fillcolor="#2d2d2d"];
  "123" -> "122" [color="#4488ff", label=lhs, fontcolor="#cccccc", fontsize=9];
  "124" -> "122" [color="#ff4444", label=rhs, fontcolor="#cccccc", fontsize=9];
  "124" [label="const 0x1:u8", shape=ellipse, fillcolor="#2d2d2d"];
  "123" [label="Cast → u8\nfrom bool", shape=box, fillcolor="#2d2d2d"];
  "125" -> "123" [color="#88cc88", label=val, fontcolor="#cccccc", fontsize=9];
  "125" [label="Equal\nu32 → bool", shape=box, fillcolor="#2d2d2d"];
  "126" -> "125" [color="#4488ff", label=lhs, fontcolor="#cccccc", fontsize=9];
  "127" -> "125" [color="#ff4444", label=rhs, fontcolor="#cccccc", fontsize=9];
  "127" [label="const 0x7:u32", shape=ellipse, fillcolor="#2d2d2d"];
  "126" [label="φ Val", shape=house, fillcolor="#163030"];
  "5" -> "126" [color="#dddddd", label=phi, fontcolor="#cccccc", fontsize=9];
  "84" -> "126" [color="#dddddd", label=in, fontcolor="#cccccc", fontsize=9];
  "128" -> "126" [color="#dddddd", label=in, fontcolor="#cccccc", fontsize=9];
  "128" [label="const 0x0:u32", shape=ellipse, fillcolor="#2d2d2d"];
  "121" [label="Or:u8", shape=box, fillcolor="#2d2d2d"];
  "129" -> "121" [color="#4488ff", label=lhs, fontcolor="#cccccc", fontsize=9];
  "130" -> "121" [color="#ff4444", label=rhs, fontcolor="#cccccc", fontsize=9];
  "130" [label="ShiftLeft:u8", shape=box, fillcolor="#2d2d2d"];
  "131" -> "130" [color="#4488ff", label=lhs, fontcolor="#cccccc", fontsize=9];
  "132" -> "130" [color="#ff4444", label=rhs, fontcolor="#cccccc", fontsize=9];
  "132" [label="const 0x2:u8", shape=ellipse, fillcolor="#2d2d2d"];
  "131" [label="Cast → u8\nfrom bool", shape=box, fillcolor="#2d2d2d"];
  "133" -> "131" [color="#88cc88", label=val, fontcolor="#cccccc", fontsize=9];
  "133" [label="Sless\nu32 → bool", shape=box, fillcolor="#2d2d2d"];
  "134" -> "133" [color="#4488ff", label=lhs, fontcolor="#cccccc", fontsize=9];
  "134" [label="const 0x7:u32", shape=ellipse, fillcolor="#2d2d2d"];
  "126" -> "133" [color="#ff4444", label=rhs, fontcolor="#cccccc", fontsize=9];
  "129" [label="ShiftLeft:u8", shape=box, fillcolor="#2d2d2d"];
  "135" -> "129" [color="#4488ff", label=lhs, fontcolor="#cccccc", fontsize=9];
  "136" -> "129" [color="#ff4444", label=rhs, fontcolor="#cccccc", fontsize=9];
  "136" [label="const 0x3:u8", shape=ellipse, fillcolor="#2d2d2d"];
  "135" [label="Cast → u8\nfrom bool", shape=box, fillcolor="#2d2d2d"];
  "137" -> "135" [color="#88cc88", label=val, fontcolor="#cccccc", fontsize=9];
  "137" [label="Sless\nu32 → bool", shape=box, fillcolor="#2d2d2d"];
  "126" -> "137" [color="#4488ff", label=lhs, fontcolor="#cccccc", fontsize=9];
  "138" -> "137" [color="#ff4444", label=rhs, fontcolor="#cccccc", fontsize=9];
  "138" [label="const 0x7:u32", shape=ellipse, fillcolor="#2d2d2d"];
  "4" [label="Cast → bool\nfrom u8", shape=box, fillcolor="#2d2d2d"];
  "139" -> "4" [color="#88cc88", label=val, fontcolor="#cccccc", fontsize=9];
  "139" [label="And:u8", shape=box, fillcolor="#2d2d2d"];
  "140" -> "139" [color="#4488ff", label=lhs, fontcolor="#cccccc", fontsize=9];
  "141" -> "139" [color="#ff4444", label=rhs, fontcolor="#cccccc", fontsize=9];
  "141" [label="const 0x1:u8", shape=ellipse, fillcolor="#2d2d2d"];
  "140" [label="ShiftRight:u8", shape=box, fillcolor="#2d2d2d"];
  "142" -> "140" [color="#4488ff", label=lhs, fontcolor="#cccccc", fontsize=9];
  "143" -> "140" [color="#ff4444", label=rhs, fontcolor="#cccccc", fontsize=9];
  "143" [label="const 0x2:u8", shape=ellipse, fillcolor="#2d2d2d"];
  "142" [label="Or:u8", shape=box, fillcolor="#2d2d2d"];
  "144" -> "142" [color="#4488ff", label=lhs, fontcolor="#cccccc", fontsize=9];
  "145" -> "142" [color="#ff4444", label=rhs, fontcolor="#cccccc", fontsize=9];
  "145" [label="And:u8", shape=box, fillcolor="#2d2d2d"];
  "119" -> "145" [color="#4488ff", label=lhs, fontcolor="#cccccc", fontsize=9];
  "146" -> "145" [color="#ff4444", label=rhs, fontcolor="#cccccc", fontsize=9];
  "146" [label="const 0x1:u8", shape=ellipse, fillcolor="#2d2d2d"];
  "144" [label="Or:u8", shape=box, fillcolor="#2d2d2d"];
  "147" -> "144" [color="#4488ff", label=lhs, fontcolor="#cccccc", fontsize=9];
  "148" -> "144" [color="#ff4444", label=rhs, fontcolor="#cccccc", fontsize=9];
  "148" [label="ShiftLeft:u8", shape=box, fillcolor="#2d2d2d"];
  "149" -> "148" [color="#4488ff", label=lhs, fontcolor="#cccccc", fontsize=9];
  "150" -> "148" [color="#ff4444", label=rhs, fontcolor="#cccccc", fontsize=9];
  "150" [label="const 0x1:u8", shape=ellipse, fillcolor="#2d2d2d"];
  "149" [label="Cast → u8\nfrom bool", shape=box, fillcolor="#2d2d2d"];
  "151" -> "149" [color="#88cc88", label=val, fontcolor="#cccccc", fontsize=9];
  "151" [label="Equal\nu32 → bool", shape=box, fillcolor="#2d2d2d"];
  "24" -> "151" [color="#4488ff", label=lhs, fontcolor="#cccccc", fontsize=9];
  "152" -> "151" [color="#ff4444", label=rhs, fontcolor="#cccccc", fontsize=9];
  "152" [label="const 0x0:u32", shape=ellipse, fillcolor="#2d2d2d"];
  "147" [label="Or:u8", shape=box, fillcolor="#2d2d2d"];
  "153" -> "147" [color="#4488ff", label=lhs, fontcolor="#cccccc", fontsize=9];
  "154" -> "147" [color="#ff4444", label=rhs, fontcolor="#cccccc", fontsize=9];
  "154" [label="ShiftLeft:u8", shape=box, fillcolor="#2d2d2d"];
  "155" -> "154" [color="#4488ff", label=lhs, fontcolor="#cccccc", fontsize=9];
  "156" -> "154" [color="#ff4444", label=rhs, fontcolor="#cccccc", fontsize=9];
  "156" [label="const 0x2:u8", shape=ellipse, fillcolor="#2d2d2d"];
  "155" [label="Cast → u8\nfrom bool", shape=box, fillcolor="#2d2d2d"];
  "157" -> "155" [color="#88cc88", label=val, fontcolor="#cccccc", fontsize=9];
  "157" [label="Sless\nu32 → bool", shape=box, fillcolor="#2d2d2d"];
  "158" -> "157" [color="#4488ff", label=lhs, fontcolor="#cccccc", fontsize=9];
  "158" [label="const 0x0:u32", shape=ellipse, fillcolor="#2d2d2d"];
  "24" -> "157" [color="#ff4444", label=rhs, fontcolor="#cccccc", fontsize=9];
  "153" [label="ShiftLeft:u8", shape=box, fillcolor="#2d2d2d"];
  "159" -> "153" [color="#4488ff", label=lhs, fontcolor="#cccccc", fontsize=9];
  "160" -> "153" [color="#ff4444", label=rhs, fontcolor="#cccccc", fontsize=9];
  "160" [label="const 0x3:u8", shape=ellipse, fillcolor="#2d2d2d"];
  "159" [label="Cast → u8\nfrom bool", shape=box, fillcolor="#2d2d2d"];
  "161" -> "159" [color="#88cc88", label=val, fontcolor="#cccccc", fontsize=9];
  "161" [label="Sless\nu32 → bool", shape=box, fillcolor="#2d2d2d"];
  "24" -> "161" [color="#4488ff", label=lhs, fontcolor="#cccccc", fontsize=9];
  "162" -> "161" [color="#ff4444", label=rhs, fontcolor="#cccccc", fontsize=9];
  "162" [label="const 0x0:u32", shape=ellipse, fillcolor="#2d2d2d"];
}
