---
source: crates/strider/tests/v1_baseline.rs
expression: snapshot_body
---
digraph "G" {
  graph [
    rankdir=TB,
    bgcolor="#1e1e1e",
    fontcolor=white,
  ];

  node [
    shape=box,
    style="filled,rounded",
    fillcolor="#2d2d2d",
    color="#888888",
    fontcolor=white,
    fontname=monospace,
    margin=0.2,
  ];

  edge [
    color="#aaaaaa",
    fontcolor=white,
    penwidth=1.2,
  ];

  "0" [label="Entry", shape=Mdiamond, fillcolor="#1a3a5c"];
  "1" [label="Call", shape=rarrow, fillcolor="#3a1010"];
  "0" -> "1" [color="#00cccc", label=ctrl, fontcolor="#cccccc", fontsize=9];
  "2" -> "1" [color="#cc88aa", label=mem, fontcolor="#cccccc", fontsize=9];
  "3" -> "1" [color="#ffdd44", label=target, fontcolor="#cccccc", fontsize=9];
  "3" [label="const 0x100004bc:u32", shape=ellipse, fillcolor="#2d2d2d"];
  "4" -> "1" [color="#ff8800", label=arg0, fontcolor="#cccccc", fontsize=9];
  "4" [label="const 0xfffffffd:u32", shape=ellipse, fillcolor="#2d2d2d"];
  "5" -> "1" [color="#ff8800", label=arg1, fontcolor="#cccccc", fontsize=9];
  "6" -> "1" [color="#ff8800", label=arg2, fontcolor="#cccccc", fontsize=9];
  "7" -> "1" [color="#ff8800", label=arg3, fontcolor="#cccccc", fontsize=9];
  "8" -> "1" [color="#ff8800", label=arg4, fontcolor="#cccccc", fontsize=9];
  "8" [label="const 0x0:u32", shape=ellipse, fillcolor="#2d2d2d"];
  "9" -> "1" [color="#ff8800", label=arg5, fontcolor="#cccccc", fontsize=9];
  "10" [label="Call", shape=rarrow, fillcolor="#3a1010"];
  "1" -> "10" [color="#00cccc", label=ctrl, fontcolor="#cccccc", fontsize=9];
  "11" -> "10" [color="#cc88aa", label=mem, fontcolor="#cccccc", fontsize=9];
  "12" -> "10" [color="#ffdd44", label=target, fontcolor="#cccccc", fontsize=9];
  "12" [label="const 0x100004fc:u32", shape=ellipse, fillcolor="#2d2d2d"];
  "13" -> "10" [color="#ff8800", label=arg0, fontcolor="#cccccc", fontsize=9];
  "13" [label="const 0x3:u32", shape=ellipse, fillcolor="#2d2d2d"];
  "14" -> "10" [color="#ff8800", label=arg1, fontcolor="#cccccc", fontsize=9];
  "14" [label="const 0x4:u32", shape=ellipse, fillcolor="#2d2d2d"];
  "v15" [label="Post Call\nr5", shape=box, fillcolor="#28102a", style="filled,dashed"];
  "1" -> "v15" [color="#888888", style=dashed];
  "v15" -> "10" [color="#ff8800", label=arg2, fontcolor="#cccccc", fontsize=9];
  "v16" [label="Post Call\nr6", shape=box, fillcolor="#28102a", style="filled,dashed"];
  "1" -> "v16" [color="#888888", style=dashed];
  "v16" -> "10" [color="#ff8800", label=arg3, fontcolor="#cccccc", fontsize=9];
  "17" -> "10" [color="#ff8800", label=arg4, fontcolor="#cccccc", fontsize=9];
  "v18" [label="Post Call\nr3", shape=box, fillcolor="#28102a", style="filled,dashed"];
  "1" -> "v18" [color="#888888", style=dashed];
  "v18" -> "10" [color="#ff8800", label=arg5, fontcolor="#cccccc", fontsize=9];
  "19" [label="Call", shape=rarrow, fillcolor="#3a1010"];
  "10" -> "19" [color="#00cccc", label=ctrl, fontcolor="#cccccc", fontsize=9];
  "20" -> "19" [color="#cc88aa", label=mem, fontcolor="#cccccc", fontsize=9];
  "21" -> "19" [color="#ffdd44", label=target, fontcolor="#cccccc", fontsize=9];
  "21" [label="const 0x10000540:u32", shape=ellipse, fillcolor="#2d2d2d"];
  "22" -> "19" [color="#ff8800", label=arg0, fontcolor="#cccccc", fontsize=9];
  "22" [label="const 0x5:u32", shape=ellipse, fillcolor="#2d2d2d"];
  "23" -> "19" [color="#ff8800", label=arg1, fontcolor="#cccccc", fontsize=9];
  "23" [label="const 0x0:u32", shape=ellipse, fillcolor="#2d2d2d"];
  "24" -> "19" [color="#ff8800", label=arg2, fontcolor="#cccccc", fontsize=9];
  "24" [label="const 0xa:u32", shape=ellipse, fillcolor="#2d2d2d"];
  "v25" [label="Post Call\nr6", shape=box, fillcolor="#28102a", style="filled,dashed"];
  "10" -> "v25" [color="#888888", style=dashed];
  "v25" -> "19" [color="#ff8800", label=arg3, fontcolor="#cccccc", fontsize=9];
  "26" -> "19" [color="#ff8800", label=arg4, fontcolor="#cccccc", fontsize=9];
  "v27" [label="Post Call\nr3", shape=box, fillcolor="#28102a", style="filled,dashed"];
  "10" -> "v27" [color="#888888", style=dashed];
  "v27" -> "19" [color="#ff8800", label=arg5, fontcolor="#cccccc", fontsize=9];
  "28" [label="Call", shape=rarrow, fillcolor="#3a1010"];
  "19" -> "28" [color="#00cccc", label=ctrl, fontcolor="#cccccc", fontsize=9];
  "29" -> "28" [color="#cc88aa", label=mem, fontcolor="#cccccc", fontsize=9];
  "30" -> "28" [color="#ffdd44", label=target, fontcolor="#cccccc", fontsize=9];
  "30" [label="const 0x100005a0:u32", shape=ellipse, fillcolor="#2d2d2d"];
  "31" -> "28" [color="#ff8800", label=arg0, fontcolor="#cccccc", fontsize=9];
  "31" [label="const 0x1:u32", shape=ellipse, fillcolor="#2d2d2d"];
  "32" -> "28" [color="#ff8800", label=arg1, fontcolor="#cccccc", fontsize=9];
  "32" [label="const 0x2:u32", shape=ellipse, fillcolor="#2d2d2d"];
  "33" -> "28" [color="#ff8800", label=arg2, fontcolor="#cccccc", fontsize=9];
  "33" [label="const 0x3:u32", shape=ellipse, fillcolor="#2d2d2d"];
  "34" -> "28" [color="#ff8800", label=arg3, fontcolor="#cccccc", fontsize=9];
  "34" [label="const 0x1:u32", shape=ellipse, fillcolor="#2d2d2d"];
  "35" -> "28" [color="#ff8800", label=arg4, fontcolor="#cccccc", fontsize=9];
  "v36" [label="Post Call\nr3", shape=box, fillcolor="#28102a", style="filled,dashed"];
  "19" -> "v36" [color="#888888", style=dashed];
  "v36" -> "28" [color="#ff8800", label=arg5, fontcolor="#cccccc", fontsize=9];
  "37" [label="Call", shape=rarrow, fillcolor="#3a1010"];
  "28" -> "37" [color="#00cccc", label=ctrl, fontcolor="#cccccc", fontsize=9];
  "38" -> "37" [color="#cc88aa", label=mem, fontcolor="#cccccc", fontsize=9];
  "39" -> "37" [color="#ffdd44", label=target, fontcolor="#cccccc", fontsize=9];
  "39" [label="const 0x100005fc:u32", shape=ellipse, fillcolor="#2d2d2d"];
  "40" -> "37" [color="#ff8800", label=arg0, fontcolor="#cccccc", fontsize=9];
  "40" [label="const 0x5:u32", shape=ellipse, fillcolor="#2d2d2d"];
  "v41" [label="Post Call\nr4", shape=box, fillcolor="#28102a", style="filled,dashed"];
  "28" -> "v41" [color="#888888", style=dashed];
  "v41" -> "37" [color="#ff8800", label=arg1, fontcolor="#cccccc", fontsize=9];
  "v42" [label="Post Call\nr5", shape=box, fillcolor="#28102a", style="filled,dashed"];
  "28" -> "v42" [color="#888888", style=dashed];
  "v42" -> "37" [color="#ff8800", label=arg2, fontcolor="#cccccc", fontsize=9];
  "v43" [label="Post Call\nr6", shape=box, fillcolor="#28102a", style="filled,dashed"];
  "28" -> "v43" [color="#888888", style=dashed];
  "v43" -> "37" [color="#ff8800", label=arg3, fontcolor="#cccccc", fontsize=9];
  "44" -> "37" [color="#ff8800", label=arg4, fontcolor="#cccccc", fontsize=9];
  "v45" [label="Post Call\nr3", shape=box, fillcolor="#28102a", style="filled,dashed"];
  "28" -> "v45" [color="#888888", style=dashed];
  "v45" -> "37" [color="#ff8800", label=arg5, fontcolor="#cccccc", fontsize=9];
  "46" [label="Call", shape=rarrow, fillcolor="#3a1010"];
  "37" -> "46" [color="#00cccc", label=ctrl, fontcolor="#cccccc", fontsize=9];
  "47" -> "46" [color="#cc88aa", label=mem, fontcolor="#cccccc", fontsize=9];
  "48" -> "46" [color="#ffdd44", label=target, fontcolor="#cccccc", fontsize=9];
  "48" [label="const 0x10000664:u32", shape=ellipse, fillcolor="#2d2d2d"];
  "49" -> "46" [color="#ff8800", label=arg0, fontcolor="#cccccc", fontsize=9];
  "49" [label="const 0x5:u32", shape=ellipse, fillcolor="#2d2d2d"];
  "v50" [label="Post Call\nr4", shape=box, fillcolor="#28102a", style="filled,dashed"];
  "37" -> "v50" [color="#888888", style=dashed];
  "v50" -> "46" [color="#ff8800", label=arg1, fontcolor="#cccccc", fontsize=9];
  "v51" [label="Post Call\nr5", shape=box, fillcolor="#28102a", style="filled,dashed"];
  "37" -> "v51" [color="#888888", style=dashed];
  "v51" -> "46" [color="#ff8800", label=arg2, fontcolor="#cccccc", fontsize=9];
  "v52" [label="Post Call\nr6", shape=box, fillcolor="#28102a", style="filled,dashed"];
  "37" -> "v52" [color="#888888", style=dashed];
  "v52" -> "46" [color="#ff8800", label=arg3, fontcolor="#cccccc", fontsize=9];
  "53" -> "46" [color="#ff8800", label=arg4, fontcolor="#cccccc", fontsize=9];
  "v54" [label="Post Call\nr3", shape=box, fillcolor="#28102a", style="filled,dashed"];
  "37" -> "v54" [color="#888888", style=dashed];
  "v54" -> "46" [color="#ff8800", label=arg5, fontcolor="#cccccc", fontsize=9];
  "55" [label="Call", shape=rarrow, fillcolor="#3a1010"];
  "46" -> "55" [color="#00cccc", label=ctrl, fontcolor="#cccccc", fontsize=9];
  "56" -> "55" [color="#cc88aa", label=mem, fontcolor="#cccccc", fontsize=9];
  "57" -> "55" [color="#ffdd44", label=target, fontcolor="#cccccc", fontsize=9];
  "57" [label="const 0x100006cc:u32", shape=ellipse, fillcolor="#2d2d2d"];
  "58" -> "55" [color="#ff8800", label=arg0, fontcolor="#cccccc", fontsize=9];
  "58" [label="const 0xdeadbeef:u32", shape=ellipse, fillcolor="#2d2d2d"];
  "v59" [label="Post Call\nr4", shape=box, fillcolor="#28102a", style="filled,dashed"];
  "46" -> "v59" [color="#888888", style=dashed];
  "v59" -> "55" [color="#ff8800", label=arg1, fontcolor="#cccccc", fontsize=9];
  "v60" [label="Post Call\nr5", shape=box, fillcolor="#28102a", style="filled,dashed"];
  "46" -> "v60" [color="#888888", style=dashed];
  "v60" -> "55" [color="#ff8800", label=arg2, fontcolor="#cccccc", fontsize=9];
  "v61" [label="Post Call\nr6", shape=box, fillcolor="#28102a", style="filled,dashed"];
  "46" -> "v61" [color="#888888", style=dashed];
  "v61" -> "55" [color="#ff8800", label=arg3, fontcolor="#cccccc", fontsize=9];
  "62" -> "55" [color="#ff8800", label=arg4, fontcolor="#cccccc", fontsize=9];
  "62" [label="const 0xdead0000:u32", shape=ellipse, fillcolor="#2d2d2d"];
  "v63" [label="Post Call\nr3", shape=box, fillcolor="#28102a", style="filled,dashed"];
  "46" -> "v63" [color="#888888", style=dashed];
  "v63" -> "55" [color="#ff8800", label=arg5, fontcolor="#cccccc", fontsize=9];
  "64" [label="Call", shape=rarrow, fillcolor="#3a1010"];
  "55" -> "64" [color="#00cccc", label=ctrl, fontcolor="#cccccc", fontsize=9];
  "65" -> "64" [color="#cc88aa", label=mem, fontcolor="#cccccc", fontsize=9];
  "66" -> "64" [color="#ffdd44", label=target, fontcolor="#cccccc", fontsize=9];
  "66" [label="const 0x1000072c:u32", shape=ellipse, fillcolor="#2d2d2d"];
  "67" -> "64" [color="#ff8800", label=arg0, fontcolor="#cccccc", fontsize=9];
  "67" [label="const 0x3:u32", shape=ellipse, fillcolor="#2d2d2d"];
  "68" -> "64" [color="#ff8800", label=arg1, fontcolor="#cccccc", fontsize=9];
  "68" [label="const 0x4:u32", shape=ellipse, fillcolor="#2d2d2d"];
  "v69" [label="Post Call\nr5", shape=box, fillcolor="#28102a", style="filled,dashed"];
  "55" -> "v69" [color="#888888", style=dashed];
  "v69" -> "64" [color="#ff8800", label=arg2, fontcolor="#cccccc", fontsize=9];
  "v70" [label="Post Call\nr6", shape=box, fillcolor="#28102a", style="filled,dashed"];
  "55" -> "v70" [color="#888888", style=dashed];
  "v70" -> "64" [color="#ff8800", label=arg3, fontcolor="#cccccc", fontsize=9];
  "71" -> "64" [color="#ff8800", label=arg4, fontcolor="#cccccc", fontsize=9];
  "v72" [label="Post Call\nr3", shape=box, fillcolor="#28102a", style="filled,dashed"];
  "55" -> "v72" [color="#888888", style=dashed];
  "v72" -> "64" [color="#ff8800", label=arg5, fontcolor="#cccccc", fontsize=9];
  "73" [label="Call", shape=rarrow, fillcolor="#3a1010"];
  "64" -> "73" [color="#00cccc", label=ctrl, fontcolor="#cccccc", fontsize=9];
  "74" -> "73" [color="#cc88aa", label=mem, fontcolor="#cccccc", fontsize=9];
  "75" -> "73" [color="#ffdd44", label=target, fontcolor="#cccccc", fontsize=9];
  "75" [label="const 0x100007c8:u32", shape=ellipse, fillcolor="#2d2d2d"];
  "76" -> "73" [color="#ff8800", label=arg0, fontcolor="#cccccc", fontsize=9];
  "76" [label="const 0x9:u32", shape=ellipse, fillcolor="#2d2d2d"];
  "v77" [label="Post Call\nr4", shape=box, fillcolor="#28102a", style="filled,dashed"];
  "64" -> "v77" [color="#888888", style=dashed];
  "v77" -> "73" [color="#ff8800", label=arg1, fontcolor="#cccccc", fontsize=9];
  "v78" [label="Post Call\nr5", shape=box, fillcolor="#28102a", style="filled,dashed"];
  "64" -> "v78" [color="#888888", style=dashed];
  "v78" -> "73" [color="#ff8800", label=arg2, fontcolor="#cccccc", fontsize=9];
  "v79" [label="Post Call\nr6", shape=box, fillcolor="#28102a", style="filled,dashed"];
  "64" -> "v79" [color="#888888", style=dashed];
  "v79" -> "73" [color="#ff8800", label=arg3, fontcolor="#cccccc", fontsize=9];
  "80" -> "73" [color="#ff8800", label=arg4, fontcolor="#cccccc", fontsize=9];
  "v81" [label="Post Call\nr3", shape=box, fillcolor="#28102a", style="filled,dashed"];
  "64" -> "v81" [color="#888888", style=dashed];
  "v81" -> "73" [color="#ff8800", label=arg5, fontcolor="#cccccc", fontsize=9];
  "82" [label="Return", shape=doublecircle, fillcolor="#103a10"];
  "73" -> "82" [color="#00cccc", label=ctrl, fontcolor="#cccccc", fontsize=9];
  "83" -> "82" [color="#cc88aa", label=mem, fontcolor="#cccccc", fontsize=9];
  "84" -> "82" [color="#88cc88", label=r3, fontcolor="#cccccc", fontsize=9];
  "v85" [label="Post Call\nr4", shape=box, fillcolor="#28102a", style="filled,dashed"];
  "73" -> "v85" [color="#888888", style=dashed];
  "v85" -> "82" [color="#88cc88", label=r4, fontcolor="#cccccc", fontsize=9];
  "v86" [label="Post Call\nf1", shape=box, fillcolor="#28102a", style="filled,dashed"];
  "73" -> "v86" [color="#888888", style=dashed];
  "v86" -> "82" [color="#88cc88", label=f1, fontcolor="#cccccc", fontsize=9];
  "v87" [label="Post Call\nf2", shape=box, fillcolor="#28102a", style="filled,dashed"];
  "73" -> "v87" [color="#888888", style=dashed];
  "v87" -> "82" [color="#88cc88", label=f2, fontcolor="#cccccc", fontsize=9];
  "84" [label="Xor:u32", shape=box, fillcolor="#2d2d2d"];
  "v88" [label="Post Call\nr3", shape=box, fillcolor="#28102a", style="filled,dashed"];
  "73" -> "v88" [color="#888888", style=dashed];
  "v88" -> "84" [color="#4488ff", label=lhs, fontcolor="#cccccc", fontsize=9];
  "89" -> "84" [color="#ff4444", label=rhs, fontcolor="#cccccc", fontsize=9];
  "89" [label="Load u32\n← ram", shape=box3d, fillcolor="#102030"];
  "73" -> "89" [color="#cc88aa", label=mem, fontcolor="#cccccc", fontsize=9];
  "90" -> "89" [color="#cc88ff", label=addr, fontcolor="#cccccc", fontsize=9];
  "90" [label="Add:u32", shape=box, fillcolor="#2d2d2d"];
  "91" -> "90" [color="#4488ff", label=lhs, fontcolor="#cccccc", fontsize=9];
  "92" -> "90" [color="#ff4444", label=rhs, fontcolor="#cccccc", fontsize=9];
  "92" [label="const 0xffffffe8:u32", shape=ellipse, fillcolor="#2d2d2d"];
  "91" [label="init\nr1", shape=Mdiamond, fillcolor="#1a3a5c"];
  "83" [label="StackStore u32\n→ ram[sp - 24]", shape=box3d, fillcolor="#20182a"];
  "73" -> "83" [color="#cc88aa", label=mem, fontcolor="#cccccc", fontsize=9];
  "v93" [label="init\nr1", shape=Mdiamond, fillcolor="#1a3a5c"];
  "v93" -> "83" [color="#cc88ff", label=sp, fontcolor="#cccccc", fontsize=9];
  "84" -> "83" [color="#ff8800", label=data, fontcolor="#cccccc", fontsize=9];
  "80" [label="Xor:u32", shape=box, fillcolor="#2d2d2d"];
  "v81" -> "80" [color="#4488ff", label=lhs, fontcolor="#cccccc", fontsize=9];
  "94" -> "80" [color="#ff4444", label=rhs, fontcolor="#cccccc", fontsize=9];
  "94" [label="Load u32\n← ram", shape=box3d, fillcolor="#102030"];
  "64" -> "94" [color="#cc88aa", label=mem, fontcolor="#cccccc", fontsize=9];
  "90" -> "94" [color="#cc88ff", label=addr, fontcolor="#cccccc", fontsize=9];
  "74" [label="StackStore u32\n→ ram[sp - 24]", shape=box3d, fillcolor="#20182a"];
  "64" -> "74" [color="#cc88aa", label=mem, fontcolor="#cccccc", fontsize=9];
  "v95" [label="init\nr1", shape=Mdiamond, fillcolor="#1a3a5c"];
  "v95" -> "74" [color="#cc88ff", label=sp, fontcolor="#cccccc", fontsize=9];
  "80" -> "74" [color="#ff8800", label=data, fontcolor="#cccccc", fontsize=9];
  "71" [label="Xor:u32", shape=box, fillcolor="#2d2d2d"];
  "v72" -> "71" [color="#4488ff", label=lhs, fontcolor="#cccccc", fontsize=9];
  "96" -> "71" [color="#ff4444", label=rhs, fontcolor="#cccccc", fontsize=9];
  "96" [label="Load u32\n← ram", shape=box3d, fillcolor="#102030"];
  "55" -> "96" [color="#cc88aa", label=mem, fontcolor="#cccccc", fontsize=9];
  "90" -> "96" [color="#cc88ff", label=addr, fontcolor="#cccccc", fontsize=9];
  "65" [label="StackStore u32\n→ ram[sp - 24]", shape=box3d, fillcolor="#20182a"];
  "55" -> "65" [color="#cc88aa", label=mem, fontcolor="#cccccc", fontsize=9];
  "v97" [label="init\nr1", shape=Mdiamond, fillcolor="#1a3a5c"];
  "v97" -> "65" [color="#cc88ff", label=sp, fontcolor="#cccccc", fontsize=9];
  "71" -> "65" [color="#ff8800", label=data, fontcolor="#cccccc", fontsize=9];
  "56" [label="StackStore u32\n→ ram[sp - 24]", shape=box3d, fillcolor="#20182a"];
  "46" -> "56" [color="#cc88aa", label=mem, fontcolor="#cccccc", fontsize=9];
  "v98" [label="init\nr1", shape=Mdiamond, fillcolor="#1a3a5c"];
  "v98" -> "56" [color="#cc88ff", label=sp, fontcolor="#cccccc", fontsize=9];
  "99" -> "56" [color="#ff8800", label=data, fontcolor="#cccccc", fontsize=9];
  "99" [label="Xor:u32", shape=box, fillcolor="#2d2d2d"];
  "v63" -> "99" [color="#4488ff", label=lhs, fontcolor="#cccccc", fontsize=9];
  "100" -> "99" [color="#ff4444", label=rhs, fontcolor="#cccccc", fontsize=9];
  "100" [label="Load u32\n← ram", shape=box3d, fillcolor="#102030"];
  "46" -> "100" [color="#cc88aa", label=mem, fontcolor="#cccccc", fontsize=9];
  "90" -> "100" [color="#cc88ff", label=addr, fontcolor="#cccccc", fontsize=9];
  "53" [label="Xor:u32", shape=box, fillcolor="#2d2d2d"];
  "v54" -> "53" [color="#4488ff", label=lhs, fontcolor="#cccccc", fontsize=9];
  "101" -> "53" [color="#ff4444", label=rhs, fontcolor="#cccccc", fontsize=9];
  "101" [label="Load u32\n← ram", shape=box3d, fillcolor="#102030"];
  "37" -> "101" [color="#cc88aa", label=mem, fontcolor="#cccccc", fontsize=9];
  "90" -> "101" [color="#cc88ff", label=addr, fontcolor="#cccccc", fontsize=9];
  "47" [label="StackStore u32\n→ ram[sp - 24]", shape=box3d, fillcolor="#20182a"];
  "37" -> "47" [color="#cc88aa", label=mem, fontcolor="#cccccc", fontsize=9];
  "v102" [label="init\nr1", shape=Mdiamond, fillcolor="#1a3a5c"];
  "v102" -> "47" [color="#cc88ff", label=sp, fontcolor="#cccccc", fontsize=9];
  "53" -> "47" [color="#ff8800", label=data, fontcolor="#cccccc", fontsize=9];
  "44" [label="Xor:u32", shape=box, fillcolor="#2d2d2d"];
  "v45" -> "44" [color="#4488ff", label=lhs, fontcolor="#cccccc", fontsize=9];
  "103" -> "44" [color="#ff4444", label=rhs, fontcolor="#cccccc", fontsize=9];
  "103" [label="Load u32\n← ram", shape=box3d, fillcolor="#102030"];
  "28" -> "103" [color="#cc88aa", label=mem, fontcolor="#cccccc", fontsize=9];
  "90" -> "103" [color="#cc88ff", label=addr, fontcolor="#cccccc", fontsize=9];
  "38" [label="StackStore u32\n→ ram[sp - 24]", shape=box3d, fillcolor="#20182a"];
  "28" -> "38" [color="#cc88aa", label=mem, fontcolor="#cccccc", fontsize=9];
  "v104" [label="init\nr1", shape=Mdiamond, fillcolor="#1a3a5c"];
  "v104" -> "38" [color="#cc88ff", label=sp, fontcolor="#cccccc", fontsize=9];
  "44" -> "38" [color="#ff8800", label=data, fontcolor="#cccccc", fontsize=9];
  "35" [label="Xor:u32", shape=box, fillcolor="#2d2d2d"];
  "v36" -> "35" [color="#4488ff", label=lhs, fontcolor="#cccccc", fontsize=9];
  "105" -> "35" [color="#ff4444", label=rhs, fontcolor="#cccccc", fontsize=9];
  "105" [label="Load u32\n← ram", shape=box3d, fillcolor="#102030"];
  "19" -> "105" [color="#cc88aa", label=mem, fontcolor="#cccccc", fontsize=9];
  "90" -> "105" [color="#cc88ff", label=addr, fontcolor="#cccccc", fontsize=9];
  "29" [label="StackStore u32\n→ ram[sp - 24]", shape=box3d, fillcolor="#20182a"];
  "19" -> "29" [color="#cc88aa", label=mem, fontcolor="#cccccc", fontsize=9];
  "v106" [label="init\nr1", shape=Mdiamond, fillcolor="#1a3a5c"];
  "v106" -> "29" [color="#cc88ff", label=sp, fontcolor="#cccccc", fontsize=9];
  "35" -> "29" [color="#ff8800", label=data, fontcolor="#cccccc", fontsize=9];
  "26" [label="Xor:u32", shape=box, fillcolor="#2d2d2d"];
  "v27" -> "26" [color="#4488ff", label=lhs, fontcolor="#cccccc", fontsize=9];
  "107" -> "26" [color="#ff4444", label=rhs, fontcolor="#cccccc", fontsize=9];
  "107" [label="Load u32\n← ram", shape=box3d, fillcolor="#102030"];
  "10" -> "107" [color="#cc88aa", label=mem, fontcolor="#cccccc", fontsize=9];
  "90" -> "107" [color="#cc88ff", label=addr, fontcolor="#cccccc", fontsize=9];
  "20" [label="StackStore u32\n→ ram[sp - 24]", shape=box3d, fillcolor="#20182a"];
  "10" -> "20" [color="#cc88aa", label=mem, fontcolor="#cccccc", fontsize=9];
  "v108" [label="init\nr1", shape=Mdiamond, fillcolor="#1a3a5c"];
  "v108" -> "20" [color="#cc88ff", label=sp, fontcolor="#cccccc", fontsize=9];
  "26" -> "20" [color="#ff8800", label=data, fontcolor="#cccccc", fontsize=9];
  "17" [label="Xor:u32", shape=box, fillcolor="#2d2d2d"];
  "v18" -> "17" [color="#4488ff", label=lhs, fontcolor="#cccccc", fontsize=9];
  "109" -> "17" [color="#ff4444", label=rhs, fontcolor="#cccccc", fontsize=9];
  "109" [label="Load u32\n← ram", shape=box3d, fillcolor="#102030"];
  "1" -> "109" [color="#cc88aa", label=mem, fontcolor="#cccccc", fontsize=9];
  "90" -> "109" [color="#cc88ff", label=addr, fontcolor="#cccccc", fontsize=9];
  "11" [label="StackStore u32\n→ ram[sp - 24]", shape=box3d, fillcolor="#20182a"];
  "1" -> "11" [color="#cc88aa", label=mem, fontcolor="#cccccc", fontsize=9];
  "v110" [label="init\nr1", shape=Mdiamond, fillcolor="#1a3a5c"];
  "v110" -> "11" [color="#cc88ff", label=sp, fontcolor="#cccccc", fontsize=9];
  "17" -> "11" [color="#ff8800", label=data, fontcolor="#cccccc", fontsize=9];
  "9" [label="arg[7] ← r10", shape=Mdiamond, fillcolor="#1a3a5c"];
  "7" [label="arg[3] ← r6", shape=Mdiamond, fillcolor="#1a3a5c"];
  "6" [label="arg[2] ← r5", shape=Mdiamond, fillcolor="#1a3a5c"];
  "5" [label="arg[1] ← r4", shape=Mdiamond, fillcolor="#1a3a5c"];
  "2" [label="StackStore u32\n→ ram[sp - 24]", shape=box3d, fillcolor="#20182a"];
  "111" -> "2" [color="#cc88aa", label=mem, fontcolor="#cccccc", fontsize=9];
  "v112" [label="init\nr1", shape=Mdiamond, fillcolor="#1a3a5c"];
  "v112" -> "2" [color="#cc88ff", label=sp, fontcolor="#cccccc", fontsize=9];
  "113" -> "2" [color="#ff8800", label=data, fontcolor="#cccccc", fontsize=9];
  "113" [label="const 0x0:u32", shape=ellipse, fillcolor="#2d2d2d"];
  "111" [label="StackStore u32\n→ ram[sp - 4]", shape=box3d, fillcolor="#20182a"];
  "114" -> "111" [color="#cc88aa", label=mem, fontcolor="#cccccc", fontsize=9];
  "v115" [label="init\nr1", shape=Mdiamond, fillcolor="#1a3a5c"];
  "v115" -> "111" [color="#cc88ff", label=sp, fontcolor="#cccccc", fontsize=9];
  "116" -> "111" [color="#ff8800", label=data, fontcolor="#cccccc", fontsize=9];
  "116" [label="init\nr31", shape=Mdiamond, fillcolor="#1a3a5c"];
  "114" [label="StackStore u32\n→ ram[sp + 4]", shape=box3d, fillcolor="#20182a"];
  "117" -> "114" [color="#cc88aa", label=mem, fontcolor="#cccccc", fontsize=9];
  "v118" [label="init\nr1", shape=Mdiamond, fillcolor="#1a3a5c"];
  "v118" -> "114" [color="#cc88ff", label=sp, fontcolor="#cccccc", fontsize=9];
  "119" -> "114" [color="#ff8800", label=data, fontcolor="#cccccc", fontsize=9];
  "119" [label="init\nLR", shape=Mdiamond, fillcolor="#1a3a5c"];
  "117" [label="StackStore u32\n→ ram[sp - 32]", shape=box3d, fillcolor="#20182a"];
  "120" -> "117" [color="#cc88aa", label=mem, fontcolor="#cccccc", fontsize=9];
  "v121" [label="init\nr1", shape=Mdiamond, fillcolor="#1a3a5c"];
  "v121" -> "117" [color="#cc88ff", label=sp, fontcolor="#cccccc", fontsize=9];
  "91" -> "117" [color="#ff8800", label=data, fontcolor="#cccccc", fontsize=9];
  "120" [label="InitialMemory", shape=Mdiamond, fillcolor="#1a3a5c"];
}
