---
source: crates/strider/tests/v2_baseline.rs
expression: snapshot_body
---
digraph "G" {
  graph [
    rankdir=TB,
    bgcolor="#1e1e1e",
    fontcolor=white,
  ];

  node [
    shape=box,
    style="filled,rounded",
    fillcolor="#2d2d2d",
    color="#888888",
    fontcolor=white,
    fontname=monospace,
    margin=0.2,
  ];

  edge [
    color="#aaaaaa",
    fontcolor=white,
    penwidth=1.2,
  ];

  "0" [label="Entry", shape=Mdiamond, fillcolor="#1a3a5c"];
  "1" [label="Call", shape=rarrow, fillcolor="#3a1010"];
  "0" -> "1" [color="#00cccc", label=ctrl, fontcolor="#cccccc", fontsize=9];
  "2" -> "1" [color="#cc88aa", label=mem, fontcolor="#cccccc", fontsize=9];
  "3" -> "1" [color="#ffdd44", label=target, fontcolor="#cccccc", fontsize=9];
  "3" [label="const 0x71c:u32", shape=ellipse, fillcolor="#2d2d2d"];
  "4" -> "1" [color="#ff8800", label=arg0, fontcolor="#cccccc", fontsize=9];
  "4" [label="const 0x1:u32", shape=ellipse, fillcolor="#2d2d2d"];
  "5" -> "1" [color="#ff8800", label=arg1, fontcolor="#cccccc", fontsize=9];
  "5" [label="const 0x2:u32", shape=ellipse, fillcolor="#2d2d2d"];
  "6" -> "1" [color="#ff8800", label=arg2, fontcolor="#cccccc", fontsize=9];
  "7" -> "1" [color="#ff8800", label=arg3, fontcolor="#cccccc", fontsize=9];
  "7" [label="const 0x0:u32", shape=ellipse, fillcolor="#2d2d2d"];
  "8" -> "1" [color="#ff8800", label=arg4, fontcolor="#cccccc", fontsize=9];
  "8" [label="const 0x0:u32", shape=ellipse, fillcolor="#2d2d2d"];
  "9" [label="Call", shape=rarrow, fillcolor="#3a1010"];
  "1" -> "9" [color="#00cccc", label=ctrl, fontcolor="#cccccc", fontsize=9];
  "10" -> "9" [color="#cc88aa", label=mem, fontcolor="#cccccc", fontsize=9];
  "11" -> "9" [color="#ffdd44", label=target, fontcolor="#cccccc", fontsize=9];
  "11" [label="const 0x738:u32", shape=ellipse, fillcolor="#2d2d2d"];
  "12" -> "9" [color="#ff8800", label=arg0, fontcolor="#cccccc", fontsize=9];
  "12" [label="const 0x1:u32", shape=ellipse, fillcolor="#2d2d2d"];
  "v13" [label="Post Call\nr1", shape=box, fillcolor="#28102a", style="filled,dashed"];
  "1" -> "v13" [color="#888888", style=dashed];
  "v13" -> "9" [color="#ff8800", label=arg1, fontcolor="#cccccc", fontsize=9];
  "v14" [label="Post Call\nr0", shape=box, fillcolor="#28102a", style="filled,dashed"];
  "1" -> "v14" [color="#888888", style=dashed];
  "v14" -> "9" [color="#ff8800", label=arg2, fontcolor="#cccccc", fontsize=9];
  "15" -> "9" [color="#ff8800", label=arg3, fontcolor="#cccccc", fontsize=9];
  "15" -> "9" [color="#ff8800", label=arg4, fontcolor="#cccccc", fontsize=9];
  "16" [label="Call", shape=rarrow, fillcolor="#3a1010"];
  "9" -> "16" [color="#00cccc", label=ctrl, fontcolor="#cccccc", fontsize=9];
  "17" -> "16" [color="#cc88aa", label=mem, fontcolor="#cccccc", fontsize=9];
  "18" -> "16" [color="#ffdd44", label=target, fontcolor="#cccccc", fontsize=9];
  "18" [label="const 0x75c:u32", shape=ellipse, fillcolor="#2d2d2d"];
  "19" -> "16" [color="#ff8800", label=arg0, fontcolor="#cccccc", fontsize=9];
  "19" [label="const 0x1:u32", shape=ellipse, fillcolor="#2d2d2d"];
  "v20" [label="Post Call\nr1", shape=box, fillcolor="#28102a", style="filled,dashed"];
  "9" -> "v20" [color="#888888", style=dashed];
  "v20" -> "16" [color="#ff8800", label=arg1, fontcolor="#cccccc", fontsize=9];
  "21" -> "16" [color="#ff8800", label=arg2, fontcolor="#cccccc", fontsize=9];
  "21" [label="const 0x3:u32", shape=ellipse, fillcolor="#2d2d2d"];
  "22" -> "16" [color="#ff8800", label=arg3, fontcolor="#cccccc", fontsize=9];
  "22" [label="const 0x4:u32", shape=ellipse, fillcolor="#2d2d2d"];
  "23" -> "16" [color="#ff8800", label=arg4, fontcolor="#cccccc", fontsize=9];
  "24" [label="Call", shape=rarrow, fillcolor="#3a1010"];
  "16" -> "24" [color="#00cccc", label=ctrl, fontcolor="#cccccc", fontsize=9];
  "25" -> "24" [color="#cc88aa", label=mem, fontcolor="#cccccc", fontsize=9];
  "26" -> "24" [color="#ffdd44", label=target, fontcolor="#cccccc", fontsize=9];
  "26" [label="const 0x7a0:u32", shape=ellipse, fillcolor="#2d2d2d"];
  "27" -> "24" [color="#ff8800", label=arg0, fontcolor="#cccccc", fontsize=9];
  "27" [label="const 0x1:u32", shape=ellipse, fillcolor="#2d2d2d"];
  "28" -> "24" [color="#ff8800", label=arg1, fontcolor="#cccccc", fontsize=9];
  "28" [label="const 0x2:u32", shape=ellipse, fillcolor="#2d2d2d"];
  "v29" [label="Post Call\nr2", shape=box, fillcolor="#28102a", style="filled,dashed"];
  "16" -> "v29" [color="#888888", style=dashed];
  "v29" -> "24" [color="#ff8800", label=arg2, fontcolor="#cccccc", fontsize=9];
  "v30" [label="Post Call\nr3", shape=box, fillcolor="#28102a", style="filled,dashed"];
  "16" -> "v30" [color="#888888", style=dashed];
  "v30" -> "24" [color="#ff8800", label=arg3, fontcolor="#cccccc", fontsize=9];
  "31" -> "24" [color="#ff8800", label=arg4, fontcolor="#cccccc", fontsize=9];
  "31" [label="const 0x5:u32", shape=ellipse, fillcolor="#2d2d2d"];
  "32" [label="Call", shape=rarrow, fillcolor="#3a1010"];
  "24" -> "32" [color="#00cccc", label=ctrl, fontcolor="#cccccc", fontsize=9];
  "33" -> "32" [color="#cc88aa", label=mem, fontcolor="#cccccc", fontsize=9];
  "34" -> "32" [color="#ffdd44", label=target, fontcolor="#cccccc", fontsize=9];
  "34" [label="const 0x82c:u32", shape=ellipse, fillcolor="#2d2d2d"];
  "35" -> "32" [color="#ff8800", label=arg0, fontcolor="#cccccc", fontsize=9];
  "35" [label="const 0x1:u32", shape=ellipse, fillcolor="#2d2d2d"];
  "36" -> "32" [color="#ff8800", label=arg1, fontcolor="#cccccc", fontsize=9];
  "36" [label="const 0x2:u32", shape=ellipse, fillcolor="#2d2d2d"];
  "37" -> "32" [color="#ff8800", label=arg2, fontcolor="#cccccc", fontsize=9];
  "37" [label="const 0x3:u32", shape=ellipse, fillcolor="#2d2d2d"];
  "38" -> "32" [color="#ff8800", label=arg3, fontcolor="#cccccc", fontsize=9];
  "38" [label="const 0x4:u32", shape=ellipse, fillcolor="#2d2d2d"];
  "39" -> "32" [color="#ff8800", label=arg4, fontcolor="#cccccc", fontsize=9];
  "39" [label="const 0xc:u32", shape=ellipse, fillcolor="#2d2d2d"];
  "40" [label="Call", shape=rarrow, fillcolor="#3a1010"];
  "32" -> "40" [color="#00cccc", label=ctrl, fontcolor="#cccccc", fontsize=9];
  "41" -> "40" [color="#cc88aa", label=mem, fontcolor="#cccccc", fontsize=9];
  "42" -> "40" [color="#ffdd44", label=target, fontcolor="#cccccc", fontsize=9];
  "42" [label="const 0x974:u32", shape=ellipse, fillcolor="#2d2d2d"];
  "43" -> "40" [color="#ff8800", label=arg0, fontcolor="#cccccc", fontsize=9];
  "43" [label="const 0x1:u32", shape=ellipse, fillcolor="#2d2d2d"];
  "44" -> "40" [color="#ff8800", label=arg1, fontcolor="#cccccc", fontsize=9];
  "44" [label="const 0x2:u32", shape=ellipse, fillcolor="#2d2d2d"];
  "45" -> "40" [color="#ff8800", label=arg2, fontcolor="#cccccc", fontsize=9];
  "45" [label="const 0x3:u32", shape=ellipse, fillcolor="#2d2d2d"];
  "46" -> "40" [color="#ff8800", label=arg3, fontcolor="#cccccc", fontsize=9];
  "46" [label="const 0x4:u32", shape=ellipse, fillcolor="#2d2d2d"];
  "47" -> "40" [color="#ff8800", label=arg4, fontcolor="#cccccc", fontsize=9];
  "48" [label="Call", shape=rarrow, fillcolor="#3a1010"];
  "40" -> "48" [color="#00cccc", label=ctrl, fontcolor="#cccccc", fontsize=9];
  "49" -> "48" [color="#cc88aa", label=mem, fontcolor="#cccccc", fontsize=9];
  "50" -> "48" [color="#ffdd44", label=target, fontcolor="#cccccc", fontsize=9];
  "50" [label="const 0x9b8:u32", shape=ellipse, fillcolor="#2d2d2d"];
  "51" -> "48" [color="#ff8800", label=arg0, fontcolor="#cccccc", fontsize=9];
  "51" [label="const 0x7:u32", shape=ellipse, fillcolor="#2d2d2d"];
  "52" -> "48" [color="#ff8800", label=arg1, fontcolor="#cccccc", fontsize=9];
  "53" -> "48" [color="#ff8800", label=arg2, fontcolor="#cccccc", fontsize=9];
  "53" [label="const 0x8:u32", shape=ellipse, fillcolor="#2d2d2d"];
  "54" -> "48" [color="#ff8800", label=arg3, fontcolor="#cccccc", fontsize=9];
  "55" -> "48" [color="#ff8800", label=arg4, fontcolor="#cccccc", fontsize=9];
  "55" [label="const 0x6:u32", shape=ellipse, fillcolor="#2d2d2d"];
  "56" [label="Call", shape=rarrow, fillcolor="#3a1010"];
  "48" -> "56" [color="#00cccc", label=ctrl, fontcolor="#cccccc", fontsize=9];
  "57" -> "56" [color="#cc88aa", label=mem, fontcolor="#cccccc", fontsize=9];
  "58" -> "56" [color="#ffdd44", label=target, fontcolor="#cccccc", fontsize=9];
  "58" [label="const 0xa20:u32", shape=ellipse, fillcolor="#2d2d2d"];
  "59" -> "56" [color="#ff8800", label=arg0, fontcolor="#cccccc", fontsize=9];
  "59" [label="const 0x9:u32", shape=ellipse, fillcolor="#2d2d2d"];
  "v60" [label="Post Call\nr1", shape=box, fillcolor="#28102a", style="filled,dashed"];
  "48" -> "v60" [color="#888888", style=dashed];
  "v60" -> "56" [color="#ff8800", label=arg1, fontcolor="#cccccc", fontsize=9];
  "v61" [label="Post Call\nr0", shape=box, fillcolor="#28102a", style="filled,dashed"];
  "48" -> "v61" [color="#888888", style=dashed];
  "v61" -> "56" [color="#ff8800", label=arg2, fontcolor="#cccccc", fontsize=9];
  "62" -> "56" [color="#ff8800", label=arg3, fontcolor="#cccccc", fontsize=9];
  "62" -> "56" [color="#ff8800", label=arg4, fontcolor="#cccccc", fontsize=9];
  "63" [label="Return", shape=doublecircle, fillcolor="#103a10"];
  "56" -> "63" [color="#00cccc", label=ctrl, fontcolor="#cccccc", fontsize=9];
  "64" -> "63" [color="#cc88aa", label=mem, fontcolor="#cccccc", fontsize=9];
  "65" -> "63" [color="#88cc88", label=r0, fontcolor="#cccccc", fontsize=9];
  "v66" [label="Post Call\nr1", shape=box, fillcolor="#28102a", style="filled,dashed"];
  "56" -> "v66" [color="#888888", style=dashed];
  "v66" -> "63" [color="#88cc88", label=r1, fontcolor="#cccccc", fontsize=9];
  "v67" [label="Post Call\nd0", shape=box, fillcolor="#28102a", style="filled,dashed"];
  "56" -> "v67" [color="#888888", style=dashed];
  "v67" -> "63" [color="#88cc88", label=d0, fontcolor="#cccccc", fontsize=9];
  "v68" [label="Post Call\nd1", shape=box, fillcolor="#28102a", style="filled,dashed"];
  "56" -> "v68" [color="#888888", style=dashed];
  "v68" -> "63" [color="#88cc88", label=d1, fontcolor="#cccccc", fontsize=9];
  "65" [label="Xor:u32", shape=box, fillcolor="#2d2d2d"];
  "v69" [label="Post Call\nr0", shape=box, fillcolor="#28102a", style="filled,dashed"];
  "56" -> "v69" [color="#888888", style=dashed];
  "v69" -> "65" [color="#4488ff", label=lhs, fontcolor="#cccccc", fontsize=9];
  "70" -> "65" [color="#ff4444", label=rhs, fontcolor="#cccccc", fontsize=9];
  "70" [label="Load u32\n← ram", shape=box3d, fillcolor="#102030"];
  "56" -> "70" [color="#cc88aa", label=mem, fontcolor="#cccccc", fontsize=9];
  "71" -> "70" [color="#cc88ff", label=addr, fontcolor="#cccccc", fontsize=9];
  "71" [label="Add:u32", shape=box, fillcolor="#2d2d2d"];
  "72" -> "71" [color="#4488ff", label=lhs, fontcolor="#cccccc", fontsize=9];
  "73" -> "71" [color="#ff4444", label=rhs, fontcolor="#cccccc", fontsize=9];
  "73" [label="const 0xffffffdc:u32", shape=ellipse, fillcolor="#2d2d2d"];
  "72" [label="init\nsp", shape=Mdiamond, fillcolor="#1a3a5c"];
  "64" [label="StackStore u32\n→ ram[sp - 36]", shape=box3d, fillcolor="#20182a"];
  "56" -> "64" [color="#cc88aa", label=mem, fontcolor="#cccccc", fontsize=9];
  "71" -> "64" [color="#cc88ff", label=sp, fontcolor="#cccccc", fontsize=9];
  "65" -> "64" [color="#ff8800", label=data, fontcolor="#cccccc", fontsize=9];
  "62" [label="Xor:u32", shape=box, fillcolor="#2d2d2d"];
  "74" -> "62" [color="#4488ff", label=lhs, fontcolor="#cccccc", fontsize=9];
  "v61" -> "62" [color="#ff4444", label=rhs, fontcolor="#cccccc", fontsize=9];
  "74" [label="Load u32\n← ram", shape=box3d, fillcolor="#102030"];
  "48" -> "74" [color="#cc88aa", label=mem, fontcolor="#cccccc", fontsize=9];
  "71" -> "74" [color="#cc88ff", label=addr, fontcolor="#cccccc", fontsize=9];
  "57" [label="StackStore u32\n→ ram[sp - 36]", shape=box3d, fillcolor="#20182a"];
  "48" -> "57" [color="#cc88aa", label=mem, fontcolor="#cccccc", fontsize=9];
  "71" -> "57" [color="#cc88ff", label=sp, fontcolor="#cccccc", fontsize=9];
  "62" -> "57" [color="#ff8800", label=data, fontcolor="#cccccc", fontsize=9];
  "54" [label="Add:u32", shape=box, fillcolor="#2d2d2d"];
  "72" -> "54" [color="#4488ff", label=lhs, fontcolor="#cccccc", fontsize=9];
  "75" -> "54" [color="#ff4444", label=rhs, fontcolor="#cccccc", fontsize=9];
  "75" [label="const 0xffffffe4:u32", shape=ellipse, fillcolor="#2d2d2d"];
  "52" [label="Add:u32", shape=box, fillcolor="#2d2d2d"];
  "72" -> "52" [color="#4488ff", label=lhs, fontcolor="#cccccc", fontsize=9];
  "76" -> "52" [color="#ff4444", label=rhs, fontcolor="#cccccc", fontsize=9];
  "76" [label="const 0xffffffe0:u32", shape=ellipse, fillcolor="#2d2d2d"];
  "49" [label="StackStore u32\n→ ram[sp - 28]", shape=box3d, fillcolor="#20182a"];
  "77" -> "49" [color="#cc88aa", label=mem, fontcolor="#cccccc", fontsize=9];
  "54" -> "49" [color="#cc88ff", label=sp, fontcolor="#cccccc", fontsize=9];
  "78" -> "49" [color="#ff8800", label=data, fontcolor="#cccccc", fontsize=9];
  "78" [label="const 0x6:u32", shape=ellipse, fillcolor="#2d2d2d"];
  "77" [label="StackStore u32\n→ ram[sp - 32]", shape=box3d, fillcolor="#20182a"];
  "79" -> "77" [color="#cc88aa", label=mem, fontcolor="#cccccc", fontsize=9];
  "52" -> "77" [color="#cc88ff", label=sp, fontcolor="#cccccc", fontsize=9];
  "80" -> "77" [color="#ff8800", label=data, fontcolor="#cccccc", fontsize=9];
  "80" [label="const 0x5:u32", shape=ellipse, fillcolor="#2d2d2d"];
  "79" [label="StackStore u32\n→ ram[sp - 36]", shape=box3d, fillcolor="#20182a"];
  "40" -> "79" [color="#cc88aa", label=mem, fontcolor="#cccccc", fontsize=9];
  "71" -> "79" [color="#cc88ff", label=sp, fontcolor="#cccccc", fontsize=9];
  "81" -> "79" [color="#ff8800", label=data, fontcolor="#cccccc", fontsize=9];
  "81" [label="Xor:u32", shape=box, fillcolor="#2d2d2d"];
  "82" -> "81" [color="#4488ff", label=lhs, fontcolor="#cccccc", fontsize=9];
  "v83" [label="Post Call\nr0", shape=box, fillcolor="#28102a", style="filled,dashed"];
  "40" -> "v83" [color="#888888", style=dashed];
  "v83" -> "81" [color="#ff4444", label=rhs, fontcolor="#cccccc", fontsize=9];
  "82" [label="Load u32\n← ram", shape=box3d, fillcolor="#102030"];
  "40" -> "82" [color="#cc88aa", label=mem, fontcolor="#cccccc", fontsize=9];
  "71" -> "82" [color="#cc88ff", label=addr, fontcolor="#cccccc", fontsize=9];
  "47" [label="Xor:u32", shape=box, fillcolor="#2d2d2d"];
  "v84" [label="Post Call\nr0", shape=box, fillcolor="#28102a", style="filled,dashed"];
  "32" -> "v84" [color="#888888", style=dashed];
  "v84" -> "47" [color="#4488ff", label=lhs, fontcolor="#cccccc", fontsize=9];
  "85" -> "47" [color="#ff4444", label=rhs, fontcolor="#cccccc", fontsize=9];
  "85" [label="Load u32\n← ram", shape=box3d, fillcolor="#102030"];
  "32" -> "85" [color="#cc88aa", label=mem, fontcolor="#cccccc", fontsize=9];
  "71" -> "85" [color="#cc88ff", label=addr, fontcolor="#cccccc", fontsize=9];
  "41" [label="StackStore u32\n→ ram[sp - 36]", shape=box3d, fillcolor="#20182a"];
  "32" -> "41" [color="#cc88aa", label=mem, fontcolor="#cccccc", fontsize=9];
  "71" -> "41" [color="#cc88ff", label=sp, fontcolor="#cccccc", fontsize=9];
  "47" -> "41" [color="#ff8800", label=data, fontcolor="#cccccc", fontsize=9];
  "33" [label="StackStore u32\n→ ram[sp - 60]", shape=box3d, fillcolor="#20182a"];
  "86" -> "33" [color="#cc88aa", label=mem, fontcolor="#cccccc", fontsize=9];
  "87" -> "33" [color="#cc88ff", label=sp, fontcolor="#cccccc", fontsize=9];
  "88" -> "33" [color="#ff8800", label=data, fontcolor="#cccccc", fontsize=9];
  "88" [label="const 0xc:u32", shape=ellipse, fillcolor="#2d2d2d"];
  "87" [label="Add:u32", shape=box, fillcolor="#2d2d2d"];
  "72" -> "87" [color="#4488ff", label=lhs, fontcolor="#cccccc", fontsize=9];
  "89" -> "87" [color="#ff4444", label=rhs, fontcolor="#cccccc", fontsize=9];
  "89" [label="const 0xffffffc4:u32", shape=ellipse, fillcolor="#2d2d2d"];
  "86" [label="StackStore u32\n→ ram[sp - 64]", shape=box3d, fillcolor="#20182a"];
  "90" -> "86" [color="#cc88aa", label=mem, fontcolor="#cccccc", fontsize=9];
  "91" -> "86" [color="#cc88ff", label=sp, fontcolor="#cccccc", fontsize=9];
  "92" -> "86" [color="#ff8800", label=data, fontcolor="#cccccc", fontsize=9];
  "92" [label="const 0xb:u32", shape=ellipse, fillcolor="#2d2d2d"];
  "91" [label="Add:u32", shape=box, fillcolor="#2d2d2d"];
  "72" -> "91" [color="#4488ff", label=lhs, fontcolor="#cccccc", fontsize=9];
  "93" -> "91" [color="#ff4444", label=rhs, fontcolor="#cccccc", fontsize=9];
  "93" [label="const 0xffffffc0:u32", shape=ellipse, fillcolor="#2d2d2d"];
  "90" [label="StackStore u32\n→ ram[sp - 72]", shape=box3d, fillcolor="#20182a"];
  "94" -> "90" [color="#cc88aa", label=mem, fontcolor="#cccccc", fontsize=9];
  "95" -> "90" [color="#cc88ff", label=sp, fontcolor="#cccccc", fontsize=9];
  "96" -> "90" [color="#ff8800", label=data, fontcolor="#cccccc", fontsize=9];
  "96" [label="const 0x9:u32", shape=ellipse, fillcolor="#2d2d2d"];
  "95" [label="Add:u32", shape=box, fillcolor="#2d2d2d"];
  "72" -> "95" [color="#4488ff", label=lhs, fontcolor="#cccccc", fontsize=9];
  "97" -> "95" [color="#ff4444", label=rhs, fontcolor="#cccccc", fontsize=9];
  "97" [label="const 0xffffffb8:u32", shape=ellipse, fillcolor="#2d2d2d"];
  "94" [label="StackStore u32\n→ ram[sp - 52]", shape=box3d, fillcolor="#20182a"];
  "98" -> "94" [color="#cc88aa", label=mem, fontcolor="#cccccc", fontsize=9];
  "99" -> "94" [color="#cc88ff", label=sp, fontcolor="#cccccc", fontsize=9];
  "100" -> "94" [color="#ff8800", label=data, fontcolor="#cccccc", fontsize=9];
  "100" [label="const 0xe:u32", shape=ellipse, fillcolor="#2d2d2d"];
  "99" [label="Add:u32", shape=box, fillcolor="#2d2d2d"];
  "72" -> "99" [color="#4488ff", label=lhs, fontcolor="#cccccc", fontsize=9];
  "101" -> "99" [color="#ff4444", label=rhs, fontcolor="#cccccc", fontsize=9];
  "101" [label="const 0xffffffcc:u32", shape=ellipse, fillcolor="#2d2d2d"];
  "98" [label="StackStore u32\n→ ram[sp - 56]", shape=box3d, fillcolor="#20182a"];
  "102" -> "98" [color="#cc88aa", label=mem, fontcolor="#cccccc", fontsize=9];
  "103" -> "98" [color="#cc88ff", label=sp, fontcolor="#cccccc", fontsize=9];
  "104" -> "98" [color="#ff8800", label=data, fontcolor="#cccccc", fontsize=9];
  "104" [label="const 0xd:u32", shape=ellipse, fillcolor="#2d2d2d"];
  "103" [label="Add:u32", shape=box, fillcolor="#2d2d2d"];
  "72" -> "103" [color="#4488ff", label=lhs, fontcolor="#cccccc", fontsize=9];
  "105" -> "103" [color="#ff4444", label=rhs, fontcolor="#cccccc", fontsize=9];
  "105" [label="const 0xffffffc8:u32", shape=ellipse, fillcolor="#2d2d2d"];
  "102" [label="StackStore u32\n→ ram[sp - 88]", shape=box3d, fillcolor="#20182a"];
  "106" -> "102" [color="#cc88aa", label=mem, fontcolor="#cccccc", fontsize=9];
  "107" -> "102" [color="#cc88ff", label=sp, fontcolor="#cccccc", fontsize=9];
  "108" -> "102" [color="#ff8800", label=data, fontcolor="#cccccc", fontsize=9];
  "108" [label="const 0x5:u32", shape=ellipse, fillcolor="#2d2d2d"];
  "107" [label="Add:u32", shape=box, fillcolor="#2d2d2d"];
  "72" -> "107" [color="#4488ff", label=lhs, fontcolor="#cccccc", fontsize=9];
  "109" -> "107" [color="#ff4444", label=rhs, fontcolor="#cccccc", fontsize=9];
  "109" [label="const 0xffffffa8:u32", shape=ellipse, fillcolor="#2d2d2d"];
  "106" [label="StackStore u32\n→ ram[sp - 44]", shape=box3d, fillcolor="#20182a"];
  "110" -> "106" [color="#cc88aa", label=mem, fontcolor="#cccccc", fontsize=9];
  "111" -> "106" [color="#cc88ff", label=sp, fontcolor="#cccccc", fontsize=9];
  "112" -> "106" [color="#ff8800", label=data, fontcolor="#cccccc", fontsize=9];
  "112" [label="const 0x10:u32", shape=ellipse, fillcolor="#2d2d2d"];
  "111" [label="Add:u32", shape=box, fillcolor="#2d2d2d"];
  "72" -> "111" [color="#4488ff", label=lhs, fontcolor="#cccccc", fontsize=9];
  "113" -> "111" [color="#ff4444", label=rhs, fontcolor="#cccccc", fontsize=9];
  "113" [label="const 0xffffffd4:u32", shape=ellipse, fillcolor="#2d2d2d"];
  "110" [label="StackStore u32\n→ ram[sp - 48]", shape=box3d, fillcolor="#20182a"];
  "114" -> "110" [color="#cc88aa", label=mem, fontcolor="#cccccc", fontsize=9];
  "115" -> "110" [color="#cc88ff", label=sp, fontcolor="#cccccc", fontsize=9];
  "116" -> "110" [color="#ff8800", label=data, fontcolor="#cccccc", fontsize=9];
  "116" [label="const 0xf:u32", shape=ellipse, fillcolor="#2d2d2d"];
  "115" [label="Add:u32", shape=box, fillcolor="#2d2d2d"];
  "72" -> "115" [color="#4488ff", label=lhs, fontcolor="#cccccc", fontsize=9];
  "117" -> "115" [color="#ff4444", label=rhs, fontcolor="#cccccc", fontsize=9];
  "117" [label="const 0xffffffd0:u32", shape=ellipse, fillcolor="#2d2d2d"];
  "114" [label="StackStore u32\n→ ram[sp - 68]", shape=box3d, fillcolor="#20182a"];
  "118" -> "114" [color="#cc88aa", label=mem, fontcolor="#cccccc", fontsize=9];
  "119" -> "114" [color="#cc88ff", label=sp, fontcolor="#cccccc", fontsize=9];
  "120" -> "114" [color="#ff8800", label=data, fontcolor="#cccccc", fontsize=9];
  "120" [label="const 0xa:u32", shape=ellipse, fillcolor="#2d2d2d"];
  "119" [label="Add:u32", shape=box, fillcolor="#2d2d2d"];
  "72" -> "119" [color="#4488ff", label=lhs, fontcolor="#cccccc", fontsize=9];
  "121" -> "119" [color="#ff4444", label=rhs, fontcolor="#cccccc", fontsize=9];
  "121" [label="const 0xffffffbc:u32", shape=ellipse, fillcolor="#2d2d2d"];
  "118" [label="StackStore u32\n→ ram[sp - 36]", shape=box3d, fillcolor="#20182a"];
  "122" -> "118" [color="#cc88aa", label=mem, fontcolor="#cccccc", fontsize=9];
  "71" -> "118" [color="#cc88ff", label=sp, fontcolor="#cccccc", fontsize=9];
  "123" -> "118" [color="#ff8800", label=data, fontcolor="#cccccc", fontsize=9];
  "123" [label="Xor:u32", shape=box, fillcolor="#2d2d2d"];
  "v124" [label="Post Call\nr0", shape=box, fillcolor="#28102a", style="filled,dashed"];
  "24" -> "v124" [color="#888888", style=dashed];
  "v124" -> "123" [color="#4488ff", label=lhs, fontcolor="#cccccc", fontsize=9];
  "125" -> "123" [color="#ff4444", label=rhs, fontcolor="#cccccc", fontsize=9];
  "125" [label="Load u32\n← ram", shape=box3d, fillcolor="#102030"];
  "24" -> "125" [color="#cc88aa", label=mem, fontcolor="#cccccc", fontsize=9];
  "71" -> "125" [color="#cc88ff", label=addr, fontcolor="#cccccc", fontsize=9];
  "122" [label="StackStore u32\n→ ram[sp - 76]", shape=box3d, fillcolor="#20182a"];
  "126" -> "122" [color="#cc88aa", label=mem, fontcolor="#cccccc", fontsize=9];
  "127" -> "122" [color="#cc88ff", label=sp, fontcolor="#cccccc", fontsize=9];
  "128" -> "122" [color="#ff8800", label=data, fontcolor="#cccccc", fontsize=9];
  "128" [label="const 0x8:u32", shape=ellipse, fillcolor="#2d2d2d"];
  "127" [label="Add:u32", shape=box, fillcolor="#2d2d2d"];
  "72" -> "127" [color="#4488ff", label=lhs, fontcolor="#cccccc", fontsize=9];
  "129" -> "127" [color="#ff4444", label=rhs, fontcolor="#cccccc", fontsize=9];
  "129" [label="const 0xffffffb4:u32", shape=ellipse, fillcolor="#2d2d2d"];
  "126" [label="StackStore u32\n→ ram[sp - 80]", shape=box3d, fillcolor="#20182a"];
  "130" -> "126" [color="#cc88aa", label=mem, fontcolor="#cccccc", fontsize=9];
  "131" -> "126" [color="#cc88ff", label=sp, fontcolor="#cccccc", fontsize=9];
  "132" -> "126" [color="#ff8800", label=data, fontcolor="#cccccc", fontsize=9];
  "132" [label="const 0x7:u32", shape=ellipse, fillcolor="#2d2d2d"];
  "131" [label="Add:u32", shape=box, fillcolor="#2d2d2d"];
  "72" -> "131" [color="#4488ff", label=lhs, fontcolor="#cccccc", fontsize=9];
  "133" -> "131" [color="#ff4444", label=rhs, fontcolor="#cccccc", fontsize=9];
  "133" [label="const 0xffffffb0:u32", shape=ellipse, fillcolor="#2d2d2d"];
  "130" [label="StackStore u32\n→ ram[sp - 84]", shape=box3d, fillcolor="#20182a"];
  "24" -> "130" [color="#cc88aa", label=mem, fontcolor="#cccccc", fontsize=9];
  "134" -> "130" [color="#cc88ff", label=sp, fontcolor="#cccccc", fontsize=9];
  "135" -> "130" [color="#ff8800", label=data, fontcolor="#cccccc", fontsize=9];
  "135" [label="const 0x6:u32", shape=ellipse, fillcolor="#2d2d2d"];
  "134" [label="Add:u32", shape=box, fillcolor="#2d2d2d"];
  "72" -> "134" [color="#4488ff", label=lhs, fontcolor="#cccccc", fontsize=9];
  "136" -> "134" [color="#ff4444", label=rhs, fontcolor="#cccccc", fontsize=9];
  "136" [label="const 0xffffffac:u32", shape=ellipse, fillcolor="#2d2d2d"];
  "25" [label="StackStore u32\n→ ram[sp - 88]", shape=box3d, fillcolor="#20182a"];
  "137" -> "25" [color="#cc88aa", label=mem, fontcolor="#cccccc", fontsize=9];
  "107" -> "25" [color="#cc88ff", label=sp, fontcolor="#cccccc", fontsize=9];
  "138" -> "25" [color="#ff8800", label=data, fontcolor="#cccccc", fontsize=9];
  "138" [label="const 0x5:u32", shape=ellipse, fillcolor="#2d2d2d"];
  "137" [label="StackStore u32\n→ ram[sp - 84]", shape=box3d, fillcolor="#20182a"];
  "139" -> "137" [color="#cc88aa", label=mem, fontcolor="#cccccc", fontsize=9];
  "134" -> "137" [color="#cc88ff", label=sp, fontcolor="#cccccc", fontsize=9];
  "140" -> "137" [color="#ff8800", label=data, fontcolor="#cccccc", fontsize=9];
  "140" [label="const 0x6:u32", shape=ellipse, fillcolor="#2d2d2d"];
  "139" [label="StackStore u32\n→ ram[sp - 36]", shape=box3d, fillcolor="#20182a"];
  "141" -> "139" [color="#cc88aa", label=mem, fontcolor="#cccccc", fontsize=9];
  "71" -> "139" [color="#cc88ff", label=sp, fontcolor="#cccccc", fontsize=9];
  "142" -> "139" [color="#ff8800", label=data, fontcolor="#cccccc", fontsize=9];
  "142" [label="Xor:u32", shape=box, fillcolor="#2d2d2d"];
  "v143" [label="Post Call\nr0", shape=box, fillcolor="#28102a", style="filled,dashed"];
  "16" -> "v143" [color="#888888", style=dashed];
  "v143" -> "142" [color="#4488ff", label=lhs, fontcolor="#cccccc", fontsize=9];
  "144" -> "142" [color="#ff4444", label=rhs, fontcolor="#cccccc", fontsize=9];
  "144" [label="Load u32\n← ram", shape=box3d, fillcolor="#102030"];
  "16" -> "144" [color="#cc88aa", label=mem, fontcolor="#cccccc", fontsize=9];
  "71" -> "144" [color="#cc88ff", label=addr, fontcolor="#cccccc", fontsize=9];
  "141" [label="StackStore u32\n→ ram[sp - 80]", shape=box3d, fillcolor="#20182a"];
  "145" -> "141" [color="#cc88aa", label=mem, fontcolor="#cccccc", fontsize=9];
  "131" -> "141" [color="#cc88ff", label=sp, fontcolor="#cccccc", fontsize=9];
  "146" -> "141" [color="#ff8800", label=data, fontcolor="#cccccc", fontsize=9];
  "146" [label="const 0x7:u32", shape=ellipse, fillcolor="#2d2d2d"];
  "145" [label="StackStore u32\n→ ram[sp - 76]", shape=box3d, fillcolor="#20182a"];
  "16" -> "145" [color="#cc88aa", label=mem, fontcolor="#cccccc", fontsize=9];
  "127" -> "145" [color="#cc88ff", label=sp, fontcolor="#cccccc", fontsize=9];
  "147" -> "145" [color="#ff8800", label=data, fontcolor="#cccccc", fontsize=9];
  "147" [label="const 0x8:u32", shape=ellipse, fillcolor="#2d2d2d"];
  "23" [label="Xor:u32", shape=box, fillcolor="#2d2d2d"];
  "v148" [label="Post Call\nr0", shape=box, fillcolor="#28102a", style="filled,dashed"];
  "9" -> "v148" [color="#888888", style=dashed];
  "v148" -> "23" [color="#4488ff", label=lhs, fontcolor="#cccccc", fontsize=9];
  "149" -> "23" [color="#ff4444", label=rhs, fontcolor="#cccccc", fontsize=9];
  "149" [label="Load u32\n← ram", shape=box3d, fillcolor="#102030"];
  "9" -> "149" [color="#cc88aa", label=mem, fontcolor="#cccccc", fontsize=9];
  "71" -> "149" [color="#cc88ff", label=addr, fontcolor="#cccccc", fontsize=9];
  "17" [label="StackStore u32\n→ ram[sp - 36]", shape=box3d, fillcolor="#20182a"];
  "9" -> "17" [color="#cc88aa", label=mem, fontcolor="#cccccc", fontsize=9];
  "71" -> "17" [color="#cc88ff", label=sp, fontcolor="#cccccc", fontsize=9];
  "23" -> "17" [color="#ff8800", label=data, fontcolor="#cccccc", fontsize=9];
  "15" [label="Xor:u32", shape=box, fillcolor="#2d2d2d"];
  "150" -> "15" [color="#4488ff", label=lhs, fontcolor="#cccccc", fontsize=9];
  "v14" -> "15" [color="#ff4444", label=rhs, fontcolor="#cccccc", fontsize=9];
  "150" [label="Load u32\n← ram", shape=box3d, fillcolor="#102030"];
  "1" -> "150" [color="#cc88aa", label=mem, fontcolor="#cccccc", fontsize=9];
  "71" -> "150" [color="#cc88ff", label=addr, fontcolor="#cccccc", fontsize=9];
  "10" [label="StackStore u32\n→ ram[sp - 36]", shape=box3d, fillcolor="#20182a"];
  "1" -> "10" [color="#cc88aa", label=mem, fontcolor="#cccccc", fontsize=9];
  "71" -> "10" [color="#cc88ff", label=sp, fontcolor="#cccccc", fontsize=9];
  "15" -> "10" [color="#ff8800", label=data, fontcolor="#cccccc", fontsize=9];
  "6" [label="arg[2] ← r2", shape=Mdiamond, fillcolor="#1a3a5c"];
  "2" [label="StackStore u32\n→ ram[sp - 36]", shape=box3d, fillcolor="#20182a"];
  "151" -> "2" [color="#cc88aa", label=mem, fontcolor="#cccccc", fontsize=9];
  "71" -> "2" [color="#cc88ff", label=sp, fontcolor="#cccccc", fontsize=9];
  "152" -> "2" [color="#ff8800", label=data, fontcolor="#cccccc", fontsize=9];
  "152" [label="const 0x0:u32", shape=ellipse, fillcolor="#2d2d2d"];
  "151" [label="StackStore u32\n→ ram[sp - 24]", shape=box3d, fillcolor="#20182a"];
  "153" -> "151" [color="#cc88aa", label=mem, fontcolor="#cccccc", fontsize=9];
  "154" -> "151" [color="#cc88ff", label=sp, fontcolor="#cccccc", fontsize=9];
  "155" -> "151" [color="#ff8800", label=data, fontcolor="#cccccc", fontsize=9];
  "155" [label="init\nr4", shape=Mdiamond, fillcolor="#1a3a5c"];
  "154" [label="Add:u32", shape=box, fillcolor="#2d2d2d"];
  "72" -> "154" [color="#4488ff", label=lhs, fontcolor="#cccccc", fontsize=9];
  "156" -> "154" [color="#ff4444", label=rhs, fontcolor="#cccccc", fontsize=9];
  "156" [label="const 0xffffffe8:u32", shape=ellipse, fillcolor="#2d2d2d"];
  "153" [label="StackStore u32\n→ ram[sp - 20]", shape=box3d, fillcolor="#20182a"];
  "157" -> "153" [color="#cc88aa", label=mem, fontcolor="#cccccc", fontsize=9];
  "158" -> "153" [color="#cc88ff", label=sp, fontcolor="#cccccc", fontsize=9];
  "159" -> "153" [color="#ff8800", label=data, fontcolor="#cccccc", fontsize=9];
  "159" [label="init\nr5", shape=Mdiamond, fillcolor="#1a3a5c"];
  "158" [label="Add:u32", shape=box, fillcolor="#2d2d2d"];
  "72" -> "158" [color="#4488ff", label=lhs, fontcolor="#cccccc", fontsize=9];
  "160" -> "158" [color="#ff4444", label=rhs, fontcolor="#cccccc", fontsize=9];
  "160" [label="const 0xffffffec:u32", shape=ellipse, fillcolor="#2d2d2d"];
  "157" [label="StackStore u32\n→ ram[sp - 16]", shape=box3d, fillcolor="#20182a"];
  "161" -> "157" [color="#cc88aa", label=mem, fontcolor="#cccccc", fontsize=9];
  "162" -> "157" [color="#cc88ff", label=sp, fontcolor="#cccccc", fontsize=9];
  "163" -> "157" [color="#ff8800", label=data, fontcolor="#cccccc", fontsize=9];
  "163" [label="init\nr6", shape=Mdiamond, fillcolor="#1a3a5c"];
  "162" [label="Add:u32", shape=box, fillcolor="#2d2d2d"];
  "72" -> "162" [color="#4488ff", label=lhs, fontcolor="#cccccc", fontsize=9];
  "164" -> "162" [color="#ff4444", label=rhs, fontcolor="#cccccc", fontsize=9];
  "164" [label="const 0xfffffff0:u32", shape=ellipse, fillcolor="#2d2d2d"];
  "161" [label="StackStore u32\n→ ram[sp - 12]", shape=box3d, fillcolor="#20182a"];
  "165" -> "161" [color="#cc88aa", label=mem, fontcolor="#cccccc", fontsize=9];
  "166" -> "161" [color="#cc88ff", label=sp, fontcolor="#cccccc", fontsize=9];
  "167" -> "161" [color="#ff8800", label=data, fontcolor="#cccccc", fontsize=9];
  "167" [label="init\nr7", shape=Mdiamond, fillcolor="#1a3a5c"];
  "166" [label="Add:u32", shape=box, fillcolor="#2d2d2d"];
  "72" -> "166" [color="#4488ff", label=lhs, fontcolor="#cccccc", fontsize=9];
  "168" -> "166" [color="#ff4444", label=rhs, fontcolor="#cccccc", fontsize=9];
  "168" [label="const 0xfffffff4:u32", shape=ellipse, fillcolor="#2d2d2d"];
  "165" [label="StackStore u32\n→ ram[sp - 8]", shape=box3d, fillcolor="#20182a"];
  "169" -> "165" [color="#cc88aa", label=mem, fontcolor="#cccccc", fontsize=9];
  "170" -> "165" [color="#cc88ff", label=sp, fontcolor="#cccccc", fontsize=9];
  "171" -> "165" [color="#ff8800", label=data, fontcolor="#cccccc", fontsize=9];
  "171" [label="init\nr8", shape=Mdiamond, fillcolor="#1a3a5c"];
  "170" [label="Add:u32", shape=box, fillcolor="#2d2d2d"];
  "72" -> "170" [color="#4488ff", label=lhs, fontcolor="#cccccc", fontsize=9];
  "172" -> "170" [color="#ff4444", label=rhs, fontcolor="#cccccc", fontsize=9];
  "172" [label="const 0xfffffff8:u32", shape=ellipse, fillcolor="#2d2d2d"];
  "169" [label="StackStore u32\n→ ram[sp - 4]", shape=box3d, fillcolor="#20182a"];
  "173" -> "169" [color="#cc88aa", label=mem, fontcolor="#cccccc", fontsize=9];
  "174" -> "169" [color="#cc88ff", label=sp, fontcolor="#cccccc", fontsize=9];
  "175" -> "169" [color="#ff8800", label=data, fontcolor="#cccccc", fontsize=9];
  "175" [label="init\nlr", shape=Mdiamond, fillcolor="#1a3a5c"];
  "174" [label="Add:u32", shape=box, fillcolor="#2d2d2d"];
  "72" -> "174" [color="#4488ff", label=lhs, fontcolor="#cccccc", fontsize=9];
  "176" -> "174" [color="#ff4444", label=rhs, fontcolor="#cccccc", fontsize=9];
  "176" [label="const 0xfffffffc:u32", shape=ellipse, fillcolor="#2d2d2d"];
  "173" [label="InitialMemory", shape=Mdiamond, fillcolor="#1a3a5c"];
}
