---
source: crates/strider/tests/v2_baseline.rs
expression: snapshot_body
---
digraph "G" {
  graph [
    rankdir=TB,
    bgcolor="#1e1e1e",
    fontcolor=white,
  ];

  node [
    shape=box,
    style="filled,rounded",
    fillcolor="#2d2d2d",
    color="#888888",
    fontcolor=white,
    fontname=monospace,
    margin=0.2,
  ];

  edge [
    color="#aaaaaa",
    fontcolor=white,
    penwidth=1.2,
  ];

  "0" [label="Entry", shape=Mdiamond, fillcolor="#1a3a5c"];
  "1" [label="Return", shape=doublecircle, fillcolor="#103a10"];
  "0" -> "1" [color="#00cccc", label=ctrl, fontcolor="#cccccc", fontsize=9];
  "2" -> "1" [color="#cc88aa", label=mem, fontcolor="#cccccc", fontsize=9];
  "3" -> "1" [color="#88cc88", label=v0, fontcolor="#cccccc", fontsize=9];
  "4" -> "1" [color="#88cc88", label=v1, fontcolor="#cccccc", fontsize=9];
  "5" -> "1" [color="#88cc88", label=f0, fontcolor="#cccccc", fontsize=9];
  "6" -> "1" [color="#88cc88", label=f2, fontcolor="#cccccc", fontsize=9];
  "6" [label="init\nf2", shape=Mdiamond, fillcolor="#1a3a5c"];
  "5" [label="Or:u64", shape=box, fillcolor="#2d2d2d"];
  "7" -> "5" [color="#4488ff", label=lhs, fontcolor="#cccccc", fontsize=9];
  "8" -> "5" [color="#ff4444", label=rhs, fontcolor="#cccccc", fontsize=9];
  "8" [label="And:u64", shape=box, fillcolor="#2d2d2d"];
  "9" -> "8" [color="#4488ff", label=lhs, fontcolor="#cccccc", fontsize=9];
  "9" [label="const 0xffffffff:u64", shape=ellipse, fillcolor="#2d2d2d"];
  "10" -> "8" [color="#ff4444", label=rhs, fontcolor="#cccccc", fontsize=9];
  "10" [label="ZeroExtend\nu32 → u64", shape=box, fillcolor="#2d2d2d"];
  "11" -> "10" [color="#88cc88", label=val, fontcolor="#cccccc", fontsize=9];
  "11" [label="bitcast\nf32 → u32", shape=box, fillcolor="#302018"];
  "12" -> "11" [color="#88cc88", label=val, fontcolor="#cccccc", fontsize=9];
  "12" [label="Div:f32", shape=box, fillcolor="#1a3020"];
  "13" -> "12" [color="#4488ff", label=lhs, fontcolor="#cccccc", fontsize=9];
  "14" -> "12" [color="#ff4444", label=rhs, fontcolor="#cccccc", fontsize=9];
  "14" [label="CastToFloat\nu32 → f32", shape=box, fillcolor="#302018"];
  "15" -> "14" [color="#88cc88", label=val, fontcolor="#cccccc", fontsize=9];
  "15" [label="bitcast\nf32 → u32", shape=box, fillcolor="#302018"];
  "16" -> "15" [color="#88cc88", label=val, fontcolor="#cccccc", fontsize=9];
  "16" [label="Add:f32", shape=box, fillcolor="#1a3020"];
  "17" -> "16" [color="#4488ff", label=lhs, fontcolor="#cccccc", fontsize=9];
  "18" -> "16" [color="#ff4444", label=rhs, fontcolor="#cccccc", fontsize=9];
  "18" [label="CastToFloat\nu32 → f32", shape=box, fillcolor="#302018"];
  "19" -> "18" [color="#88cc88", label=val, fontcolor="#cccccc", fontsize=9];
  "19" [label="Load u32\n← ram", shape=box3d, fillcolor="#102030"];
  "2" -> "19" [color="#cc88aa", label=mem, fontcolor="#cccccc", fontsize=9];
  "20" -> "19" [color="#cc88ff", label=addr, fontcolor="#cccccc", fontsize=9];
  "20" [label="Add:u64", shape=box, fillcolor="#2d2d2d"];
  "3" -> "20" [color="#4488ff", label=lhs, fontcolor="#cccccc", fontsize=9];
  "21" -> "20" [color="#ff4444", label=rhs, fontcolor="#cccccc", fontsize=9];
  "21" [label="const 0xf64:u64", shape=ellipse, fillcolor="#2d2d2d"];
  "3" [label="Load u64\n← ram", shape=box3d, fillcolor="#102030"];
  "2" -> "3" [color="#cc88aa", label=mem, fontcolor="#cccccc", fontsize=9];
  "22" -> "3" [color="#cc88ff", label=addr, fontcolor="#cccccc", fontsize=9];
  "22" [label="Add:u64", shape=box, fillcolor="#2d2d2d"];
  "23" -> "22" [color="#4488ff", label=lhs, fontcolor="#cccccc", fontsize=9];
  "24" -> "22" [color="#ff4444", label=rhs, fontcolor="#cccccc", fontsize=9];
  "24" [label="const 0x102c0:u64", shape=ellipse, fillcolor="#2d2d2d"];
  "23" [label="init\nt9", shape=Mdiamond, fillcolor="#1a3a5c"];
  "2" [label="InitialMemory", shape=Mdiamond, fillcolor="#1a3a5c"];
  "17" [label="CastToFloat\nu32 → f32", shape=box, fillcolor="#302018"];
  "25" -> "17" [color="#88cc88", label=val, fontcolor="#cccccc", fontsize=9];
  "25" [label="init\nregister[0x1064]:4", shape=Mdiamond, fillcolor="#1a3a5c"];
  "13" [label="CastToFloat\nu32 → f32", shape=box, fillcolor="#302018"];
  "26" -> "13" [color="#88cc88", label=val, fontcolor="#cccccc", fontsize=9];
  "26" [label="bitcast\nf32 → u32", shape=box, fillcolor="#302018"];
  "27" -> "26" [color="#88cc88", label=val, fontcolor="#cccccc", fontsize=9];
  "27" [label="Add:f32", shape=box, fillcolor="#1a3020"];
  "28" -> "27" [color="#4488ff", label=lhs, fontcolor="#cccccc", fontsize=9];
  "29" -> "27" [color="#ff4444", label=rhs, fontcolor="#cccccc", fontsize=9];
  "29" [label="Neg\nf32 → f32", shape=box, fillcolor="#1a3020"];
  "30" -> "29" [color="#88cc88", label=val, fontcolor="#cccccc", fontsize=9];
  "30" [label="CastToFloat\nu32 → f32", shape=box, fillcolor="#302018"];
  "31" -> "30" [color="#88cc88", label=val, fontcolor="#cccccc", fontsize=9];
  "31" [label="init\nregister[0x106c]:4", shape=Mdiamond, fillcolor="#1a3a5c"];
  "28" [label="CastToFloat\nu32 → f32", shape=box, fillcolor="#302018"];
  "32" -> "28" [color="#88cc88", label=val, fontcolor="#cccccc", fontsize=9];
  "32" [label="bitcast\nf32 → u32", shape=box, fillcolor="#302018"];
  "33" -> "32" [color="#88cc88", label=val, fontcolor="#cccccc", fontsize=9];
  "33" [label="Mul:f32", shape=box, fillcolor="#1a3020"];
  "34" -> "33" [color="#4488ff", label=lhs, fontcolor="#cccccc", fontsize=9];
  "17" -> "33" [color="#ff4444", label=rhs, fontcolor="#cccccc", fontsize=9];
  "34" [label="CastToFloat\nu32 → f32", shape=box, fillcolor="#302018"];
  "35" -> "34" [color="#88cc88", label=val, fontcolor="#cccccc", fontsize=9];
  "35" [label="bitcast\nf32 → u32", shape=box, fillcolor="#302018"];
  "36" -> "35" [color="#88cc88", label=val, fontcolor="#cccccc", fontsize=9];
  "36" [label="Add:f32", shape=box, fillcolor="#1a3020"];
  "17" -> "36" [color="#4488ff", label=lhs, fontcolor="#cccccc", fontsize=9];
  "30" -> "36" [color="#ff4444", label=rhs, fontcolor="#cccccc", fontsize=9];
  "7" [label="And:u64", shape=box, fillcolor="#2d2d2d"];
  "37" -> "7" [color="#4488ff", label=lhs, fontcolor="#cccccc", fontsize=9];
  "37" [label="const 0xffffffff00000000:u64", shape=ellipse, fillcolor="#2d2d2d"];
  "38" -> "7" [color="#ff4444", label=rhs, fontcolor="#cccccc", fontsize=9];
  "38" [label="Or:u64", shape=box, fillcolor="#2d2d2d"];
  "39" -> "38" [color="#4488ff", label=lhs, fontcolor="#cccccc", fontsize=9];
  "40" -> "38" [color="#ff4444", label=rhs, fontcolor="#cccccc", fontsize=9];
  "40" [label="And:u64", shape=box, fillcolor="#2d2d2d"];
  "41" -> "40" [color="#4488ff", label=lhs, fontcolor="#cccccc", fontsize=9];
  "41" [label="const 0xffffffff:u64", shape=ellipse, fillcolor="#2d2d2d"];
  "42" -> "40" [color="#ff4444", label=rhs, fontcolor="#cccccc", fontsize=9];
  "42" [label="ZeroExtend\nu32 → u64", shape=box, fillcolor="#2d2d2d"];
  "26" -> "42" [color="#88cc88", label=val, fontcolor="#cccccc", fontsize=9];
  "39" [label="And:u64", shape=box, fillcolor="#2d2d2d"];
  "43" -> "39" [color="#4488ff", label=lhs, fontcolor="#cccccc", fontsize=9];
  "43" [label="const 0xffffffff00000000:u64", shape=ellipse, fillcolor="#2d2d2d"];
  "44" -> "39" [color="#ff4444", label=rhs, fontcolor="#cccccc", fontsize=9];
  "44" [label="Or:u64", shape=box, fillcolor="#2d2d2d"];
  "45" -> "44" [color="#4488ff", label=lhs, fontcolor="#cccccc", fontsize=9];
  "46" -> "44" [color="#ff4444", label=rhs, fontcolor="#cccccc", fontsize=9];
  "46" [label="And:u64", shape=box, fillcolor="#2d2d2d"];
  "47" -> "46" [color="#4488ff", label=lhs, fontcolor="#cccccc", fontsize=9];
  "47" [label="const 0xffffffff:u64", shape=ellipse, fillcolor="#2d2d2d"];
  "48" -> "46" [color="#ff4444", label=rhs, fontcolor="#cccccc", fontsize=9];
  "48" [label="ZeroExtend\nu32 → u64", shape=box, fillcolor="#2d2d2d"];
  "35" -> "48" [color="#88cc88", label=val, fontcolor="#cccccc", fontsize=9];
  "45" [label="And:u64", shape=box, fillcolor="#2d2d2d"];
  "49" -> "45" [color="#4488ff", label=lhs, fontcolor="#cccccc", fontsize=9];
  "49" [label="const 0xffffffff00000000:u64", shape=ellipse, fillcolor="#2d2d2d"];
  "50" -> "45" [color="#ff4444", label=rhs, fontcolor="#cccccc", fontsize=9];
  "50" [label="init\nf0", shape=Mdiamond, fillcolor="#1a3a5c"];
  "4" [label="Add:u64", shape=box, fillcolor="#2d2d2d"];
  "23" -> "4" [color="#4488ff", label=lhs, fontcolor="#cccccc", fontsize=9];
  "51" -> "4" [color="#ff4444", label=rhs, fontcolor="#cccccc", fontsize=9];
  "51" [label="const 0x18280:u64", shape=ellipse, fillcolor="#2d2d2d"];
}
