---
source: crates/strider/tests/v2_baseline.rs
expression: snapshot_body
---
digraph "G" {
  graph [
    rankdir=TB,
    bgcolor="#1e1e1e",
    fontcolor=white,
  ];

  node [
    shape=box,
    style="filled,rounded",
    fillcolor="#2d2d2d",
    color="#888888",
    fontcolor=white,
    fontname=monospace,
    margin=0.2,
  ];

  edge [
    color="#aaaaaa",
    fontcolor=white,
    penwidth=1.2,
  ];

  "0" [label="Entry", shape=Mdiamond, fillcolor="#1a3a5c"];
  "1" [label="Call", shape=rarrow, fillcolor="#3a1010"];
  "0" -> "1" [color="#00cccc", label=ctrl, fontcolor="#cccccc", fontsize=9];
  "2" -> "1" [color="#cc88aa", label=mem, fontcolor="#cccccc", fontsize=9];
  "3" -> "1" [color="#ffdd44", label=target, fontcolor="#cccccc", fontsize=9];
  "3" [label="const 0x120000cc8:u64", shape=ellipse, fillcolor="#2d2d2d"];
  "4" -> "1" [color="#ff8800", label=arg0, fontcolor="#cccccc", fontsize=9];
  "5" -> "1" [color="#ff8800", label=arg1, fontcolor="#cccccc", fontsize=9];
  "6" -> "1" [color="#ff8800", label=arg2, fontcolor="#cccccc", fontsize=9];
  "6" [label="const 0x4:u64", shape=ellipse, fillcolor="#2d2d2d"];
  "7" -> "1" [color="#ff8800", label=arg3, fontcolor="#cccccc", fontsize=9];
  "8" -> "1" [color="#ff8800", label=arg4, fontcolor="#cccccc", fontsize=9];
  "9" -> "1" [color="#ff8800", label=arg5, fontcolor="#cccccc", fontsize=9];
  "10" [label="Call", shape=rarrow, fillcolor="#3a1010"];
  "1" -> "10" [color="#00cccc", label=ctrl, fontcolor="#cccccc", fontsize=9];
  "1" -> "10" [color="#cc88aa", label=mem, fontcolor="#cccccc", fontsize=9];
  "11" -> "10" [color="#ffdd44", label=target, fontcolor="#cccccc", fontsize=9];
  "11" [label="const 0x120000ca0:u64", shape=ellipse, fillcolor="#2d2d2d"];
  "4" -> "10" [color="#ff8800", label=arg0, fontcolor="#cccccc", fontsize=9];
  "12" -> "10" [color="#ff8800", label=arg1, fontcolor="#cccccc", fontsize=9];
  "12" [label="const 0x4:u64", shape=ellipse, fillcolor="#2d2d2d"];
  "13" -> "10" [color="#ff8800", label=arg2, fontcolor="#cccccc", fontsize=9];
  "13" [label="const 0x9:u64", shape=ellipse, fillcolor="#2d2d2d"];
  "v14" [label="Post Call\na3", shape=box, fillcolor="#28102a", style="filled,dashed"];
  "1" -> "v14" [color="#888888", style=dashed];
  "v14" -> "10" [color="#ff8800", label=arg3, fontcolor="#cccccc", fontsize=9];
  "v15" [label="Post Call\nt0", shape=box, fillcolor="#28102a", style="filled,dashed"];
  "1" -> "v15" [color="#888888", style=dashed];
  "v15" -> "10" [color="#ff8800", label=arg4, fontcolor="#cccccc", fontsize=9];
  "16" [label="Call", shape=rarrow, fillcolor="#3a1010"];
  "10" -> "16" [color="#00cccc", label=ctrl, fontcolor="#cccccc", fontsize=9];
  "10" -> "16" [color="#cc88aa", label=mem, fontcolor="#cccccc", fontsize=9];
  "17" -> "16" [color="#ffdd44", label=target, fontcolor="#cccccc", fontsize=9];
  "17" [label="const 0x120000c70:u64", shape=ellipse, fillcolor="#2d2d2d"];
  "4" -> "16" [color="#ff8800", label=arg0, fontcolor="#cccccc", fontsize=9];
  "18" -> "16" [color="#ff8800", label=arg1, fontcolor="#cccccc", fontsize=9];
  "18" [label="const 0x4:u64", shape=ellipse, fillcolor="#2d2d2d"];
  "v19" [label="Post Call\na2", shape=box, fillcolor="#28102a", style="filled,dashed"];
  "10" -> "v19" [color="#888888", style=dashed];
  "v19" -> "16" [color="#ff8800", label=arg2, fontcolor="#cccccc", fontsize=9];
  "v20" [label="Post Call\na3", shape=box, fillcolor="#28102a", style="filled,dashed"];
  "10" -> "v20" [color="#888888", style=dashed];
  "v20" -> "16" [color="#ff8800", label=arg3, fontcolor="#cccccc", fontsize=9];
  "v21" [label="Post Call\nt0", shape=box, fillcolor="#28102a", style="filled,dashed"];
  "10" -> "v21" [color="#888888", style=dashed];
  "v21" -> "16" [color="#ff8800", label=arg4, fontcolor="#cccccc", fontsize=9];
  "22" [label="Call", shape=rarrow, fillcolor="#3a1010"];
  "16" -> "22" [color="#00cccc", label=ctrl, fontcolor="#cccccc", fontsize=9];
  "23" -> "22" [color="#cc88aa", label=mem, fontcolor="#cccccc", fontsize=9];
  "24" -> "22" [color="#ffdd44", label=target, fontcolor="#cccccc", fontsize=9];
  "24" [label="const 0x120000cf8:u64", shape=ellipse, fillcolor="#2d2d2d"];
  "25" -> "22" [color="#ff8800", label=arg0, fontcolor="#cccccc", fontsize=9];
  "v26" [label="Post Call\na1", shape=box, fillcolor="#28102a", style="filled,dashed"];
  "16" -> "v26" [color="#888888", style=dashed];
  "v26" -> "22" [color="#ff8800", label=arg1, fontcolor="#cccccc", fontsize=9];
  "v27" [label="Post Call\na2", shape=box, fillcolor="#28102a", style="filled,dashed"];
  "16" -> "v27" [color="#888888", style=dashed];
  "v27" -> "22" [color="#ff8800", label=arg2, fontcolor="#cccccc", fontsize=9];
  "v28" [label="Post Call\na3", shape=box, fillcolor="#28102a", style="filled,dashed"];
  "16" -> "v28" [color="#888888", style=dashed];
  "v28" -> "22" [color="#ff8800", label=arg3, fontcolor="#cccccc", fontsize=9];
  "v29" [label="Post Call\nv0", shape=box, fillcolor="#28102a", style="filled,dashed"];
  "16" -> "v29" [color="#888888", style=dashed];
  "v29" -> "22" [color="#ff8800", label=arg4, fontcolor="#cccccc", fontsize=9];
  "30" -> "22" [color="#ff8800", label=arg5, fontcolor="#cccccc", fontsize=9];
  "31" [label="Call", shape=rarrow, fillcolor="#3a1010"];
  "22" -> "31" [color="#00cccc", label=ctrl, fontcolor="#cccccc", fontsize=9];
  "32" -> "31" [color="#cc88aa", label=mem, fontcolor="#cccccc", fontsize=9];
  "33" -> "31" [color="#ffdd44", label=target, fontcolor="#cccccc", fontsize=9];
  "33" [label="const 0x120000d08:u64", shape=ellipse, fillcolor="#2d2d2d"];
  "34" -> "31" [color="#ff8800", label=arg0, fontcolor="#cccccc", fontsize=9];
  "v35" [label="Post Call\na1", shape=box, fillcolor="#28102a", style="filled,dashed"];
  "22" -> "v35" [color="#888888", style=dashed];
  "v35" -> "31" [color="#ff8800", label=arg1, fontcolor="#cccccc", fontsize=9];
  "v36" [label="Post Call\na2", shape=box, fillcolor="#28102a", style="filled,dashed"];
  "22" -> "v36" [color="#888888", style=dashed];
  "v36" -> "31" [color="#ff8800", label=arg2, fontcolor="#cccccc", fontsize=9];
  "v37" [label="Post Call\na3", shape=box, fillcolor="#28102a", style="filled,dashed"];
  "22" -> "v37" [color="#888888", style=dashed];
  "v37" -> "31" [color="#ff8800", label=arg3, fontcolor="#cccccc", fontsize=9];
  "38" -> "31" [color="#ff8800", label=arg4, fontcolor="#cccccc", fontsize=9];
  "39" -> "31" [color="#ff8800", label=arg5, fontcolor="#cccccc", fontsize=9];
  "40" [label="Call", shape=rarrow, fillcolor="#3a1010"];
  "31" -> "40" [color="#00cccc", label=ctrl, fontcolor="#cccccc", fontsize=9];
  "31" -> "40" [color="#cc88aa", label=mem, fontcolor="#cccccc", fontsize=9];
  "41" -> "40" [color="#ffdd44", label=target, fontcolor="#cccccc", fontsize=9];
  "41" [label="const 0x120000d18:u64", shape=ellipse, fillcolor="#2d2d2d"];
  "v42" [label="Post Call\na0", shape=box, fillcolor="#28102a", style="filled,dashed"];
  "31" -> "v42" [color="#888888", style=dashed];
  "v42" -> "40" [color="#ff8800", label=arg0, fontcolor="#cccccc", fontsize=9];
  "43" -> "40" [color="#ff8800", label=arg1, fontcolor="#cccccc", fontsize=9];
  "43" [label="const 0x3:u64", shape=ellipse, fillcolor="#2d2d2d"];
  "44" -> "40" [color="#ff8800", label=arg2, fontcolor="#cccccc", fontsize=9];
  "44" [label="const 0x4:u64", shape=ellipse, fillcolor="#2d2d2d"];
  "45" -> "40" [color="#ff8800", label=arg3, fontcolor="#cccccc", fontsize=9];
  "v46" [label="Post Call\nt0", shape=box, fillcolor="#28102a", style="filled,dashed"];
  "31" -> "v46" [color="#888888", style=dashed];
  "v46" -> "40" [color="#ff8800", label=arg4, fontcolor="#cccccc", fontsize=9];
  "47" [label="Call", shape=rarrow, fillcolor="#3a1010"];
  "40" -> "47" [color="#00cccc", label=ctrl, fontcolor="#cccccc", fontsize=9];
  "48" -> "47" [color="#cc88aa", label=mem, fontcolor="#cccccc", fontsize=9];
  "49" -> "47" [color="#ffdd44", label=target, fontcolor="#cccccc", fontsize=9];
  "49" [label="const 0x120000d28:u64", shape=ellipse, fillcolor="#2d2d2d"];
  "50" -> "47" [color="#ff8800", label=arg0, fontcolor="#cccccc", fontsize=9];
  "v51" [label="Post Call\na1", shape=box, fillcolor="#28102a", style="filled,dashed"];
  "40" -> "v51" [color="#888888", style=dashed];
  "v51" -> "47" [color="#ff8800", label=arg1, fontcolor="#cccccc", fontsize=9];
  "v52" [label="Post Call\na2", shape=box, fillcolor="#28102a", style="filled,dashed"];
  "40" -> "v52" [color="#888888", style=dashed];
  "v52" -> "47" [color="#ff8800", label=arg2, fontcolor="#cccccc", fontsize=9];
  "v53" [label="Post Call\na3", shape=box, fillcolor="#28102a", style="filled,dashed"];
  "40" -> "v53" [color="#888888", style=dashed];
  "v53" -> "47" [color="#ff8800", label=arg3, fontcolor="#cccccc", fontsize=9];
  "v54" [label="Post Call\nt0", shape=box, fillcolor="#28102a", style="filled,dashed"];
  "40" -> "v54" [color="#888888", style=dashed];
  "v54" -> "47" [color="#ff8800", label=arg4, fontcolor="#cccccc", fontsize=9];
  "55" -> "47" [color="#ff8800", label=arg5, fontcolor="#cccccc", fontsize=9];
  "55" [label="const 0x12345678:u32", shape=ellipse, fillcolor="#2d2d2d"];
  "56" [label="Return", shape=doublecircle, fillcolor="#103a10"];
  "47" -> "56" [color="#00cccc", label=ctrl, fontcolor="#cccccc", fontsize=9];
  "47" -> "56" [color="#cc88aa", label=mem, fontcolor="#cccccc", fontsize=9];
  "57" -> "56" [color="#88cc88", label=v0, fontcolor="#cccccc", fontsize=9];
  "v58" [label="Post Call\nv1", shape=box, fillcolor="#28102a", style="filled,dashed"];
  "47" -> "v58" [color="#888888", style=dashed];
  "v58" -> "56" [color="#88cc88", label=v1, fontcolor="#cccccc", fontsize=9];
  "v59" [label="Post Call\nf0", shape=box, fillcolor="#28102a", style="filled,dashed"];
  "47" -> "v59" [color="#888888", style=dashed];
  "v59" -> "56" [color="#88cc88", label=f0, fontcolor="#cccccc", fontsize=9];
  "v60" [label="Post Call\nf2", shape=box, fillcolor="#28102a", style="filled,dashed"];
  "47" -> "v60" [color="#888888", style=dashed];
  "v60" -> "56" [color="#88cc88", label=f2, fontcolor="#cccccc", fontsize=9];
  "57" [label="Xor:u64", shape=box, fillcolor="#2d2d2d"];
  "v61" [label="Post Call\na3", shape=box, fillcolor="#28102a", style="filled,dashed"];
  "47" -> "v61" [color="#888888", style=dashed];
  "v61" -> "57" [color="#4488ff", label=lhs, fontcolor="#cccccc", fontsize=9];
  "v62" [label="Post Call\nv0", shape=box, fillcolor="#28102a", style="filled,dashed"];
  "47" -> "v62" [color="#888888", style=dashed];
  "v62" -> "57" [color="#ff4444", label=rhs, fontcolor="#cccccc", fontsize=9];
  "50" [label="Add:u64", shape=box, fillcolor="#2d2d2d"];
  "63" -> "50" [color="#4488ff", label=lhs, fontcolor="#cccccc", fontsize=9];
  "64" -> "50" [color="#ff4444", label=rhs, fontcolor="#cccccc", fontsize=9];
  "64" [label="const 0xffffffffffffffe8:u64", shape=ellipse, fillcolor="#2d2d2d"];
  "63" [label="init\nsp", shape=Mdiamond, fillcolor="#1a3a5c"];
  "48" [label="StackStore u32\n→ ram[sp - 24]", shape=box3d, fillcolor="#20182a"];
  "40" -> "48" [color="#cc88aa", label=mem, fontcolor="#cccccc", fontsize=9];
  "50" -> "48" [color="#cc88ff", label=sp, fontcolor="#cccccc", fontsize=9];
  "65" -> "48" [color="#ff8800", label=data, fontcolor="#cccccc", fontsize=9];
  "65" [label="const 0x12345678:u32", shape=ellipse, fillcolor="#2d2d2d"];
  "45" [label="Xor:u64", shape=box, fillcolor="#2d2d2d"];
  "v46" -> "45" [color="#4488ff", label=lhs, fontcolor="#cccccc", fontsize=9];
  "v66" [label="Post Call\nv0", shape=box, fillcolor="#28102a", style="filled,dashed"];
  "31" -> "v66" [color="#888888", style=dashed];
  "v66" -> "45" [color="#ff4444", label=rhs, fontcolor="#cccccc", fontsize=9];
  "39" [label="Load u64\n← ram", shape=box3d, fillcolor="#102030"];
  "22" -> "39" [color="#cc88aa", label=mem, fontcolor="#cccccc", fontsize=9];
  "67" -> "39" [color="#cc88ff", label=addr, fontcolor="#cccccc", fontsize=9];
  "67" [label="Add:u64", shape=box, fillcolor="#2d2d2d"];
  "68" -> "67" [color="#4488ff", label=lhs, fontcolor="#cccccc", fontsize=9];
  "69" -> "67" [color="#ff4444", label=rhs, fontcolor="#cccccc", fontsize=9];
  "69" [label="const 0xe40:u64", shape=ellipse, fillcolor="#2d2d2d"];
  "68" [label="Load u64\n← ram", shape=box3d, fillcolor="#102030"];
  "22" -> "68" [color="#cc88aa", label=mem, fontcolor="#cccccc", fontsize=9];
  "70" -> "68" [color="#cc88ff", label=addr, fontcolor="#cccccc", fontsize=9];
  "70" [label="Add:u64", shape=box, fillcolor="#2d2d2d"];
  "71" -> "70" [color="#4488ff", label=lhs, fontcolor="#cccccc", fontsize=9];
  "72" -> "70" [color="#ff4444", label=rhs, fontcolor="#cccccc", fontsize=9];
  "72" [label="const 0x106b0:u64", shape=ellipse, fillcolor="#2d2d2d"];
  "71" [label="init\nt9", shape=Mdiamond, fillcolor="#1a3a5c"];
  "38" [label="Xor:u64", shape=box, fillcolor="#2d2d2d"];
  "v73" [label="Post Call\nt0", shape=box, fillcolor="#28102a", style="filled,dashed"];
  "22" -> "v73" [color="#888888", style=dashed];
  "v73" -> "38" [color="#4488ff", label=lhs, fontcolor="#cccccc", fontsize=9];
  "v74" [label="Post Call\nv0", shape=box, fillcolor="#28102a", style="filled,dashed"];
  "22" -> "v74" [color="#888888", style=dashed];
  "v74" -> "38" [color="#ff4444", label=rhs, fontcolor="#cccccc", fontsize=9];
  "34" [label="Add:u64", shape=box, fillcolor="#2d2d2d"];
  "63" -> "34" [color="#4488ff", label=lhs, fontcolor="#cccccc", fontsize=9];
  "75" -> "34" [color="#ff4444", label=rhs, fontcolor="#cccccc", fontsize=9];
  "75" [label="const 0xffffffffffffffd0:u64", shape=ellipse, fillcolor="#2d2d2d"];
  "32" [label="StackStore u64\n→ ram[sp - 48]", shape=box3d, fillcolor="#20182a"];
  "22" -> "32" [color="#cc88aa", label=mem, fontcolor="#cccccc", fontsize=9];
  "34" -> "32" [color="#cc88ff", label=sp, fontcolor="#cccccc", fontsize=9];
  "39" -> "32" [color="#ff8800", label=data, fontcolor="#cccccc", fontsize=9];
  "30" [label="Add:u64", shape=box, fillcolor="#2d2d2d"];
  "63" -> "30" [color="#4488ff", label=lhs, fontcolor="#cccccc", fontsize=9];
  "76" -> "30" [color="#ff4444", label=rhs, fontcolor="#cccccc", fontsize=9];
  "76" [label="const 0xffffffffffffffe0:u64", shape=ellipse, fillcolor="#2d2d2d"];
  "25" [label="Add:u64", shape=box, fillcolor="#2d2d2d"];
  "63" -> "25" [color="#4488ff", label=lhs, fontcolor="#cccccc", fontsize=9];
  "77" -> "25" [color="#ff4444", label=rhs, fontcolor="#cccccc", fontsize=9];
  "77" [label="const 0xffffffffffffffd8:u64", shape=ellipse, fillcolor="#2d2d2d"];
  "23" [label="StackStore u64\n→ ram[sp - 40]", shape=box3d, fillcolor="#20182a"];
  "78" -> "23" [color="#cc88aa", label=mem, fontcolor="#cccccc", fontsize=9];
  "25" -> "23" [color="#cc88ff", label=sp, fontcolor="#cccccc", fontsize=9];
  "30" -> "23" [color="#ff8800", label=data, fontcolor="#cccccc", fontsize=9];
  "78" [label="StackStore u32\n→ ram[sp - 32]", shape=box3d, fillcolor="#20182a"];
  "16" -> "78" [color="#cc88aa", label=mem, fontcolor="#cccccc", fontsize=9];
  "30" -> "78" [color="#cc88ff", label=sp, fontcolor="#cccccc", fontsize=9];
  "79" -> "78" [color="#ff8800", label=data, fontcolor="#cccccc", fontsize=9];
  "79" [label="const 0x7:u32", shape=ellipse, fillcolor="#2d2d2d"];
  "4" [label="Add:u64", shape=box, fillcolor="#2d2d2d"];
  "63" -> "4" [color="#4488ff", label=lhs, fontcolor="#cccccc", fontsize=9];
  "80" -> "4" [color="#ff4444", label=rhs, fontcolor="#cccccc", fontsize=9];
  "80" [label="const 0xffffffffffffffb0:u64", shape=ellipse, fillcolor="#2d2d2d"];
  "9" [label="Load u64\n← ram", shape=box3d, fillcolor="#102030"];
  "81" -> "9" [color="#cc88aa", label=mem, fontcolor="#cccccc", fontsize=9];
  "82" -> "9" [color="#cc88ff", label=addr, fontcolor="#cccccc", fontsize=9];
  "82" [label="Add:u64", shape=box, fillcolor="#2d2d2d"];
  "83" -> "82" [color="#4488ff", label=lhs, fontcolor="#cccccc", fontsize=9];
  "84" -> "82" [color="#ff4444", label=rhs, fontcolor="#cccccc", fontsize=9];
  "84" [label="const 0xe38:u64", shape=ellipse, fillcolor="#2d2d2d"];
  "83" [label="Load u64\n← ram", shape=box3d, fillcolor="#102030"];
  "81" -> "83" [color="#cc88aa", label=mem, fontcolor="#cccccc", fontsize=9];
  "70" -> "83" [color="#cc88ff", label=addr, fontcolor="#cccccc", fontsize=9];
  "81" [label="StackStore u64\n→ ram[sp - 16]", shape=box3d, fillcolor="#20182a"];
  "85" -> "81" [color="#cc88aa", label=mem, fontcolor="#cccccc", fontsize=9];
  "86" -> "81" [color="#cc88ff", label=sp, fontcolor="#cccccc", fontsize=9];
  "87" -> "81" [color="#ff8800", label=data, fontcolor="#cccccc", fontsize=9];
  "87" [label="init\ngp", shape=Mdiamond, fillcolor="#1a3a5c"];
  "86" [label="Add:u64", shape=box, fillcolor="#2d2d2d"];
  "63" -> "86" [color="#4488ff", label=lhs, fontcolor="#cccccc", fontsize=9];
  "88" -> "86" [color="#ff4444", label=rhs, fontcolor="#cccccc", fontsize=9];
  "88" [label="const 0xfffffffffffffff0:u64", shape=ellipse, fillcolor="#2d2d2d"];
  "85" [label="InitialMemory", shape=Mdiamond, fillcolor="#1a3a5c"];
  "8" [label="arg[4] ← t0", shape=Mdiamond, fillcolor="#1a3a5c"];
  "7" [label="arg[3] ← a3", shape=Mdiamond, fillcolor="#1a3a5c"];
  "5" [label="Add:u64", shape=box, fillcolor="#2d2d2d"];
  "63" -> "5" [color="#4488ff", label=lhs, fontcolor="#cccccc", fontsize=9];
  "89" -> "5" [color="#ff4444", label=rhs, fontcolor="#cccccc", fontsize=9];
  "89" [label="const 0xffffffffffffffc0:u64", shape=ellipse, fillcolor="#2d2d2d"];
  "2" [label="StackStore u64\n→ ram[sp - 56]", shape=box3d, fillcolor="#20182a"];
  "90" -> "2" [color="#cc88aa", label=mem, fontcolor="#cccccc", fontsize=9];
  "91" -> "2" [color="#cc88ff", label=sp, fontcolor="#cccccc", fontsize=9];
  "9" -> "2" [color="#ff8800", label=data, fontcolor="#cccccc", fontsize=9];
  "91" [label="Add:u64", shape=box, fillcolor="#2d2d2d"];
  "63" -> "91" [color="#4488ff", label=lhs, fontcolor="#cccccc", fontsize=9];
  "92" -> "91" [color="#ff4444", label=rhs, fontcolor="#cccccc", fontsize=9];
  "92" [label="const 0xffffffffffffffc8:u64", shape=ellipse, fillcolor="#2d2d2d"];
  "90" [label="StackStore u64\n→ ram[sp - 64]", shape=box3d, fillcolor="#20182a"];
  "93" -> "90" [color="#cc88aa", label=mem, fontcolor="#cccccc", fontsize=9];
  "5" -> "90" [color="#cc88ff", label=sp, fontcolor="#cccccc", fontsize=9];
  "94" -> "90" [color="#ff8800", label=data, fontcolor="#cccccc", fontsize=9];
  "94" [label="Load u64\n← ram", shape=box3d, fillcolor="#102030"];
  "81" -> "94" [color="#cc88aa", label=mem, fontcolor="#cccccc", fontsize=9];
  "95" -> "94" [color="#cc88ff", label=addr, fontcolor="#cccccc", fontsize=9];
  "95" [label="Add:u64", shape=box, fillcolor="#2d2d2d"];
  "83" -> "95" [color="#4488ff", label=lhs, fontcolor="#cccccc", fontsize=9];
  "96" -> "95" [color="#ff4444", label=rhs, fontcolor="#cccccc", fontsize=9];
  "96" [label="const 0xe30:u64", shape=ellipse, fillcolor="#2d2d2d"];
  "93" [label="StackStore u64\n→ ram[sp - 8]", shape=box3d, fillcolor="#20182a"];
  "81" -> "93" [color="#cc88aa", label=mem, fontcolor="#cccccc", fontsize=9];
  "97" -> "93" [color="#cc88ff", label=sp, fontcolor="#cccccc", fontsize=9];
  "98" -> "93" [color="#ff8800", label=data, fontcolor="#cccccc", fontsize=9];
  "98" [label="init\nra", shape=Mdiamond, fillcolor="#1a3a5c"];
  "97" [label="Add:u64", shape=box, fillcolor="#2d2d2d"];
  "63" -> "97" [color="#4488ff", label=lhs, fontcolor="#cccccc", fontsize=9];
  "99" -> "97" [color="#ff4444", label=rhs, fontcolor="#cccccc", fontsize=9];
  "99" [label="const 0xfffffffffffffff8:u64", shape=ellipse, fillcolor="#2d2d2d"];
}
