---
source: crates/strider/tests/v3_baseline.rs
expression: snapshot_body
---
digraph "G" {
  graph [
    rankdir=TB,
    bgcolor="#1e1e1e",
    fontcolor=white,
  ];

  node [
    shape=box,
    style="filled,rounded",
    fillcolor="#2d2d2d",
    color="#888888",
    fontcolor=white,
    fontname=monospace,
    margin=0.2,
  ];

  edge [
    color="#aaaaaa",
    fontcolor=white,
    penwidth=1.2,
  ];

  "0" [label="Entry", shape=Mdiamond, fillcolor="#1a3a5c"];
  "1" [label="Call", shape=rarrow, fillcolor="#3a1010"];
  "0" -> "1" [color="#00cccc", label=ctrl, fontcolor="#cccccc", fontsize=9];
  "2" -> "1" [color="#cc88aa", label=mem, fontcolor="#cccccc", fontsize=9];
  "3" -> "1" [color="#ffdd44", label=target, fontcolor="#cccccc", fontsize=9];
  "3" [label="const 0x4010f0:u32", shape=ellipse, fillcolor="#2d2d2d"];
  "4" -> "1" [color="#ff8800", label=arg0, fontcolor="#cccccc", fontsize=9];
  "4" [label="const 0x1:u32", shape=ellipse, fillcolor="#2d2d2d"];
  "5" -> "1" [color="#ff8800", label=arg1, fontcolor="#cccccc", fontsize=9];
  "5" [label="const 0x2:u32", shape=ellipse, fillcolor="#2d2d2d"];
  "6" [label="Call", shape=rarrow, fillcolor="#3a1010"];
  "1" -> "6" [color="#00cccc", label=ctrl, fontcolor="#cccccc", fontsize=9];
  "7" -> "6" [color="#cc88aa", label=mem, fontcolor="#cccccc", fontsize=9];
  "8" -> "6" [color="#ffdd44", label=target, fontcolor="#cccccc", fontsize=9];
  "8" [label="const 0x401100:u32", shape=ellipse, fillcolor="#2d2d2d"];
  "9" -> "6" [color="#ff8800", label=arg0, fontcolor="#cccccc", fontsize=9];
  "9" [label="const 0x3:u32", shape=ellipse, fillcolor="#2d2d2d"];
  "10" -> "6" [color="#ff8800", label=arg1, fontcolor="#cccccc", fontsize=9];
  "10" [label="const 0x4:u32", shape=ellipse, fillcolor="#2d2d2d"];
  "11" [label="Call", shape=rarrow, fillcolor="#3a1010"];
  "6" -> "11" [color="#00cccc", label=ctrl, fontcolor="#cccccc", fontsize=9];
  "12" -> "11" [color="#cc88aa", label=mem, fontcolor="#cccccc", fontsize=9];
  "13" -> "11" [color="#ffdd44", label=target, fontcolor="#cccccc", fontsize=9];
  "13" [label="const 0x401110:u32", shape=ellipse, fillcolor="#2d2d2d"];
  "14" -> "11" [color="#ff8800", label=arg0, fontcolor="#cccccc", fontsize=9];
  "14" [label="const 0x5:u32", shape=ellipse, fillcolor="#2d2d2d"];
  "15" -> "11" [color="#ff8800", label=arg1, fontcolor="#cccccc", fontsize=9];
  "15" [label="const 0x6:u32", shape=ellipse, fillcolor="#2d2d2d"];
  "16" [label="Call", shape=rarrow, fillcolor="#3a1010"];
  "11" -> "16" [color="#00cccc", label=ctrl, fontcolor="#cccccc", fontsize=9];
  "17" -> "16" [color="#cc88aa", label=mem, fontcolor="#cccccc", fontsize=9];
  "18" -> "16" [color="#ffdd44", label=target, fontcolor="#cccccc", fontsize=9];
  "18" [label="const 0x401120:u32", shape=ellipse, fillcolor="#2d2d2d"];
  "19" -> "16" [color="#ff8800", label=arg0, fontcolor="#cccccc", fontsize=9];
  "19" [label="const 0x7:u32", shape=ellipse, fillcolor="#2d2d2d"];
  "20" -> "16" [color="#ff8800", label=arg1, fontcolor="#cccccc", fontsize=9];
  "20" [label="const 0x1:u32", shape=ellipse, fillcolor="#2d2d2d"];
  "21" [label="Call", shape=rarrow, fillcolor="#3a1010"];
  "16" -> "21" [color="#00cccc", label=ctrl, fontcolor="#cccccc", fontsize=9];
  "22" -> "21" [color="#cc88aa", label=mem, fontcolor="#cccccc", fontsize=9];
  "23" -> "21" [color="#ffdd44", label=target, fontcolor="#cccccc", fontsize=9];
  "23" [label="const 0x401130:u32", shape=ellipse, fillcolor="#2d2d2d"];
  "24" -> "21" [color="#ff8800", label=arg0, fontcolor="#cccccc", fontsize=9];
  "24" [label="const 0x7:u32", shape=ellipse, fillcolor="#2d2d2d"];
  "25" -> "21" [color="#ff8800", label=arg1, fontcolor="#cccccc", fontsize=9];
  "25" [label="const 0x3:u32", shape=ellipse, fillcolor="#2d2d2d"];
  "26" [label="Call", shape=rarrow, fillcolor="#3a1010"];
  "21" -> "26" [color="#00cccc", label=ctrl, fontcolor="#cccccc", fontsize=9];
  "27" -> "26" [color="#cc88aa", label=mem, fontcolor="#cccccc", fontsize=9];
  "28" -> "26" [color="#ffdd44", label=target, fontcolor="#cccccc", fontsize=9];
  "28" [label="const 0x401140:u32", shape=ellipse, fillcolor="#2d2d2d"];
  "29" -> "26" [color="#ff8800", label=arg0, fontcolor="#cccccc", fontsize=9];
  "29" [label="const 0x7:u32", shape=ellipse, fillcolor="#2d2d2d"];
  "30" -> "26" [color="#ff8800", label=arg1, fontcolor="#cccccc", fontsize=9];
  "30" [label="const 0x2:u32", shape=ellipse, fillcolor="#2d2d2d"];
  "31" [label="Call", shape=rarrow, fillcolor="#3a1010"];
  "26" -> "31" [color="#00cccc", label=ctrl, fontcolor="#cccccc", fontsize=9];
  "32" -> "31" [color="#cc88aa", label=mem, fontcolor="#cccccc", fontsize=9];
  "33" -> "31" [color="#ffdd44", label=target, fontcolor="#cccccc", fontsize=9];
  "33" [label="const 0x401150:u32", shape=ellipse, fillcolor="#2d2d2d"];
  "34" -> "31" [color="#ff8800", label=arg0, fontcolor="#cccccc", fontsize=9];
  "34" [label="const 0x7:u32", shape=ellipse, fillcolor="#2d2d2d"];
  "35" -> "31" [color="#ff8800", label=arg1, fontcolor="#cccccc", fontsize=9];
  "35" [label="const 0x2:u32", shape=ellipse, fillcolor="#2d2d2d"];
  "36" [label="Call", shape=rarrow, fillcolor="#3a1010"];
  "31" -> "36" [color="#00cccc", label=ctrl, fontcolor="#cccccc", fontsize=9];
  "37" -> "36" [color="#cc88aa", label=mem, fontcolor="#cccccc", fontsize=9];
  "38" -> "36" [color="#ffdd44", label=target, fontcolor="#cccccc", fontsize=9];
  "38" [label="const 0x401160:u32", shape=ellipse, fillcolor="#2d2d2d"];
  "39" -> "36" [color="#ff8800", label=arg0, fontcolor="#cccccc", fontsize=9];
  "39" [label="const 0x1:u32", shape=ellipse, fillcolor="#2d2d2d"];
  "40" -> "36" [color="#ff8800", label=arg1, fontcolor="#cccccc", fontsize=9];
  "40" [label="const 0x2:u32", shape=ellipse, fillcolor="#2d2d2d"];
  "41" [label="Call", shape=rarrow, fillcolor="#3a1010"];
  "36" -> "41" [color="#00cccc", label=ctrl, fontcolor="#cccccc", fontsize=9];
  "42" -> "41" [color="#cc88aa", label=mem, fontcolor="#cccccc", fontsize=9];
  "43" -> "41" [color="#ffdd44", label=target, fontcolor="#cccccc", fontsize=9];
  "43" [label="const 0x401170:u32", shape=ellipse, fillcolor="#2d2d2d"];
  "44" -> "41" [color="#ff8800", label=arg0, fontcolor="#cccccc", fontsize=9];
  "44" [label="const 0x1:u32", shape=ellipse, fillcolor="#2d2d2d"];
  "45" -> "41" [color="#ff8800", label=arg1, fontcolor="#cccccc", fontsize=9];
  "45" [label="const 0x2:u32", shape=ellipse, fillcolor="#2d2d2d"];
  "46" [label="Call", shape=rarrow, fillcolor="#3a1010"];
  "41" -> "46" [color="#00cccc", label=ctrl, fontcolor="#cccccc", fontsize=9];
  "47" -> "46" [color="#cc88aa", label=mem, fontcolor="#cccccc", fontsize=9];
  "48" -> "46" [color="#ffdd44", label=target, fontcolor="#cccccc", fontsize=9];
  "48" [label="const 0x401180:u32", shape=ellipse, fillcolor="#2d2d2d"];
  "49" -> "46" [color="#ff8800", label=arg0, fontcolor="#cccccc", fontsize=9];
  "49" [label="const 0x1:u32", shape=ellipse, fillcolor="#2d2d2d"];
  "50" -> "46" [color="#ff8800", label=arg1, fontcolor="#cccccc", fontsize=9];
  "50" [label="const 0x2:u32", shape=ellipse, fillcolor="#2d2d2d"];
  "51" [label="Call", shape=rarrow, fillcolor="#3a1010"];
  "46" -> "51" [color="#00cccc", label=ctrl, fontcolor="#cccccc", fontsize=9];
  "52" -> "51" [color="#cc88aa", label=mem, fontcolor="#cccccc", fontsize=9];
  "53" -> "51" [color="#ffdd44", label=target, fontcolor="#cccccc", fontsize=9];
  "53" [label="const 0x401190:u32", shape=ellipse, fillcolor="#2d2d2d"];
  "54" -> "51" [color="#ff8800", label=arg0, fontcolor="#cccccc", fontsize=9];
  "54" [label="const 0x1:u32", shape=ellipse, fillcolor="#2d2d2d"];
  "v55" [label="Post Call\nEDX", shape=box, fillcolor="#28102a", style="filled,dashed"];
  "46" -> "v55" [color="#888888", style=dashed];
  "v55" -> "51" [color="#ff8800", label=arg1, fontcolor="#cccccc", fontsize=9];
  "56" [label="Call", shape=rarrow, fillcolor="#3a1010"];
  "51" -> "56" [color="#00cccc", label=ctrl, fontcolor="#cccccc", fontsize=9];
  "57" -> "56" [color="#cc88aa", label=mem, fontcolor="#cccccc", fontsize=9];
  "58" -> "56" [color="#ffdd44", label=target, fontcolor="#cccccc", fontsize=9];
  "58" [label="const 0x4011a0:u32", shape=ellipse, fillcolor="#2d2d2d"];
  "59" -> "56" [color="#ff8800", label=arg0, fontcolor="#cccccc", fontsize=9];
  "59" [label="const 0x1:u32", shape=ellipse, fillcolor="#2d2d2d"];
  "60" -> "56" [color="#ff8800", label=arg1, fontcolor="#cccccc", fontsize=9];
  "60" [label="const 0x2:u32", shape=ellipse, fillcolor="#2d2d2d"];
  "61" [label="Call", shape=rarrow, fillcolor="#3a1010"];
  "56" -> "61" [color="#00cccc", label=ctrl, fontcolor="#cccccc", fontsize=9];
  "62" -> "61" [color="#cc88aa", label=mem, fontcolor="#cccccc", fontsize=9];
  "63" -> "61" [color="#ffdd44", label=target, fontcolor="#cccccc", fontsize=9];
  "63" [label="const 0x4011b0:u32", shape=ellipse, fillcolor="#2d2d2d"];
  "64" -> "61" [color="#ff8800", label=arg0, fontcolor="#cccccc", fontsize=9];
  "64" [label="const 0x8:u32", shape=ellipse, fillcolor="#2d2d2d"];
  "65" -> "61" [color="#ff8800", label=arg1, fontcolor="#cccccc", fontsize=9];
  "65" [label="const 0x1:u32", shape=ellipse, fillcolor="#2d2d2d"];
  "66" [label="Call", shape=rarrow, fillcolor="#3a1010"];
  "61" -> "66" [color="#00cccc", label=ctrl, fontcolor="#cccccc", fontsize=9];
  "67" -> "66" [color="#cc88aa", label=mem, fontcolor="#cccccc", fontsize=9];
  "68" -> "66" [color="#ffdd44", label=target, fontcolor="#cccccc", fontsize=9];
  "68" [label="const 0x4011c0:u32", shape=ellipse, fillcolor="#2d2d2d"];
  "69" -> "66" [color="#ff8800", label=arg0, fontcolor="#cccccc", fontsize=9];
  "69" [label="const 0xfffffff8:u32", shape=ellipse, fillcolor="#2d2d2d"];
  "70" -> "66" [color="#ff8800", label=arg1, fontcolor="#cccccc", fontsize=9];
  "70" [label="const 0x1:u32", shape=ellipse, fillcolor="#2d2d2d"];
  "71" [label="Call", shape=rarrow, fillcolor="#3a1010"];
  "66" -> "71" [color="#00cccc", label=ctrl, fontcolor="#cccccc", fontsize=9];
  "72" -> "71" [color="#cc88aa", label=mem, fontcolor="#cccccc", fontsize=9];
  "73" -> "71" [color="#ffdd44", label=target, fontcolor="#cccccc", fontsize=9];
  "73" [label="const 0x4011d0:u32", shape=ellipse, fillcolor="#2d2d2d"];
  "74" -> "71" [color="#ff8800", label=arg0, fontcolor="#cccccc", fontsize=9];
  "74" [label="const 0x1:u32", shape=ellipse, fillcolor="#2d2d2d"];
  "v75" [label="Post Call\nEDX", shape=box, fillcolor="#28102a", style="filled,dashed"];
  "66" -> "v75" [color="#888888", style=dashed];
  "v75" -> "71" [color="#ff8800", label=arg1, fontcolor="#cccccc", fontsize=9];
  "76" [label="Return", shape=doublecircle, fillcolor="#103a10"];
  "71" -> "76" [color="#00cccc", label=ctrl, fontcolor="#cccccc", fontsize=9];
  "77" -> "76" [color="#cc88aa", label=mem, fontcolor="#cccccc", fontsize=9];
  "78" -> "76" [color="#88cc88", label=EAX, fontcolor="#cccccc", fontsize=9];
  "v79" [label="Post Call\nEDX", shape=box, fillcolor="#28102a", style="filled,dashed"];
  "71" -> "v79" [color="#888888", style=dashed];
  "v79" -> "76" [color="#88cc88", label=EDX, fontcolor="#cccccc", fontsize=9];
  "v80" [label="Post Call\nST0", shape=box, fillcolor="#28102a", style="filled,dashed"];
  "71" -> "v80" [color="#888888", style=dashed];
  "v80" -> "76" [color="#88cc88", label=ST0, fontcolor="#cccccc", fontsize=9];
  "v81" [label="Post Call\nXMM0", shape=box, fillcolor="#28102a", style="filled,dashed"];
  "71" -> "v81" [color="#888888", style=dashed];
  "v81" -> "76" [color="#88cc88", label=XMM0, fontcolor="#cccccc", fontsize=9];
  "78" [label="Xor:u32", shape=box, fillcolor="#2d2d2d"];
  "82" -> "78" [color="#4488ff", label=lhs, fontcolor="#cccccc", fontsize=9];
  "v83" [label="Post Call\nEAX", shape=box, fillcolor="#28102a", style="filled,dashed"];
  "71" -> "v83" [color="#888888", style=dashed];
  "v83" -> "78" [color="#ff4444", label=rhs, fontcolor="#cccccc", fontsize=9];
  "82" [label="Load u32\n← ram", shape=box3d, fillcolor="#102030"];
  "71" -> "82" [color="#cc88aa", label=mem, fontcolor="#cccccc", fontsize=9];
  "84" -> "82" [color="#cc88ff", label=addr, fontcolor="#cccccc", fontsize=9];
  "84" [label="Add:u32", shape=box, fillcolor="#2d2d2d"];
  "85" -> "84" [color="#4488ff", label=lhs, fontcolor="#cccccc", fontsize=9];
  "86" -> "84" [color="#ff4444", label=rhs, fontcolor="#cccccc", fontsize=9];
  "86" [label="const 0xfffffffc:u32", shape=ellipse, fillcolor="#2d2d2d"];
  "85" [label="init\nESP", shape=Mdiamond, fillcolor="#1a3a5c"];
  "77" [label="StackStore u32\n→ ram[sp - 4]", shape=box3d, fillcolor="#20182a"];
  "71" -> "77" [color="#cc88aa", label=mem, fontcolor="#cccccc", fontsize=9];
  "v87" [label="init\nESP", shape=Mdiamond, fillcolor="#1a3a5c"];
  "v87" -> "77" [color="#cc88ff", label=sp, fontcolor="#cccccc", fontsize=9];
  "78" -> "77" [color="#ff8800", label=data, fontcolor="#cccccc", fontsize=9];
  "72" [label="StackStore u32\n→ ram[sp - 16]", shape=box3d, fillcolor="#20182a"];
  "88" -> "72" [color="#cc88aa", label=mem, fontcolor="#cccccc", fontsize=9];
  "v89" [label="init\nESP", shape=Mdiamond, fillcolor="#1a3a5c"];
  "v89" -> "72" [color="#cc88ff", label=sp, fontcolor="#cccccc", fontsize=9];
  "90" -> "72" [color="#ff8800", label=data, fontcolor="#cccccc", fontsize=9];
  "90" [label="const 0x4012fa:u32", shape=ellipse, fillcolor="#2d2d2d"];
  "88" [label="StackStore u32\n→ ram[sp - 4]", shape=box3d, fillcolor="#20182a"];
  "66" -> "88" [color="#cc88aa", label=mem, fontcolor="#cccccc", fontsize=9];
  "v91" [label="init\nESP", shape=Mdiamond, fillcolor="#1a3a5c"];
  "v91" -> "88" [color="#cc88ff", label=sp, fontcolor="#cccccc", fontsize=9];
  "92" -> "88" [color="#ff8800", label=data, fontcolor="#cccccc", fontsize=9];
  "92" [label="Xor:u32", shape=box, fillcolor="#2d2d2d"];
  "93" -> "92" [color="#4488ff", label=lhs, fontcolor="#cccccc", fontsize=9];
  "v94" [label="Post Call\nEAX", shape=box, fillcolor="#28102a", style="filled,dashed"];
  "66" -> "v94" [color="#888888", style=dashed];
  "v94" -> "92" [color="#ff4444", label=rhs, fontcolor="#cccccc", fontsize=9];
  "93" [label="Load u32\n← ram", shape=box3d, fillcolor="#102030"];
  "66" -> "93" [color="#cc88aa", label=mem, fontcolor="#cccccc", fontsize=9];
  "95" -> "93" [color="#cc88ff", label=addr, fontcolor="#cccccc", fontsize=9];
  "95" [label="Add:u32", shape=box, fillcolor="#2d2d2d"];
  "85" -> "95" [color="#4488ff", label=lhs, fontcolor="#cccccc", fontsize=9];
  "96" -> "95" [color="#ff4444", label=rhs, fontcolor="#cccccc", fontsize=9];
  "96" [label="const 0xfffffffc:u32", shape=ellipse, fillcolor="#2d2d2d"];
  "67" [label="StackStore u32\n→ ram[sp - 16]", shape=box3d, fillcolor="#20182a"];
  "97" -> "67" [color="#cc88aa", label=mem, fontcolor="#cccccc", fontsize=9];
  "v98" [label="init\nESP", shape=Mdiamond, fillcolor="#1a3a5c"];
  "v98" -> "67" [color="#cc88ff", label=sp, fontcolor="#cccccc", fontsize=9];
  "99" -> "67" [color="#ff8800", label=data, fontcolor="#cccccc", fontsize=9];
  "99" [label="const 0x4012ec:u32", shape=ellipse, fillcolor="#2d2d2d"];
  "97" [label="StackStore u32\n→ ram[sp - 4]", shape=box3d, fillcolor="#20182a"];
  "61" -> "97" [color="#cc88aa", label=mem, fontcolor="#cccccc", fontsize=9];
  "v100" [label="init\nESP", shape=Mdiamond, fillcolor="#1a3a5c"];
  "v100" -> "97" [color="#cc88ff", label=sp, fontcolor="#cccccc", fontsize=9];
  "101" -> "97" [color="#ff8800", label=data, fontcolor="#cccccc", fontsize=9];
  "101" [label="Xor:u32", shape=box, fillcolor="#2d2d2d"];
  "102" -> "101" [color="#4488ff", label=lhs, fontcolor="#cccccc", fontsize=9];
  "v103" [label="Post Call\nEAX", shape=box, fillcolor="#28102a", style="filled,dashed"];
  "61" -> "v103" [color="#888888", style=dashed];
  "v103" -> "101" [color="#ff4444", label=rhs, fontcolor="#cccccc", fontsize=9];
  "102" [label="Load u32\n← ram", shape=box3d, fillcolor="#102030"];
  "61" -> "102" [color="#cc88aa", label=mem, fontcolor="#cccccc", fontsize=9];
  "95" -> "102" [color="#cc88ff", label=addr, fontcolor="#cccccc", fontsize=9];
  "62" [label="StackStore u32\n→ ram[sp - 16]", shape=box3d, fillcolor="#20182a"];
  "104" -> "62" [color="#cc88aa", label=mem, fontcolor="#cccccc", fontsize=9];
  "v105" [label="init\nESP", shape=Mdiamond, fillcolor="#1a3a5c"];
  "v105" -> "62" [color="#cc88ff", label=sp, fontcolor="#cccccc", fontsize=9];
  "106" -> "62" [color="#ff8800", label=data, fontcolor="#cccccc", fontsize=9];
  "106" [label="const 0x4012d9:u32", shape=ellipse, fillcolor="#2d2d2d"];
  "104" [label="StackStore u32\n→ ram[sp - 4]", shape=box3d, fillcolor="#20182a"];
  "56" -> "104" [color="#cc88aa", label=mem, fontcolor="#cccccc", fontsize=9];
  "v107" [label="init\nESP", shape=Mdiamond, fillcolor="#1a3a5c"];
  "v107" -> "104" [color="#cc88ff", label=sp, fontcolor="#cccccc", fontsize=9];
  "108" -> "104" [color="#ff8800", label=data, fontcolor="#cccccc", fontsize=9];
  "108" [label="Xor:u32", shape=box, fillcolor="#2d2d2d"];
  "109" -> "108" [color="#4488ff", label=lhs, fontcolor="#cccccc", fontsize=9];
  "v110" [label="Post Call\nEAX", shape=box, fillcolor="#28102a", style="filled,dashed"];
  "56" -> "v110" [color="#888888", style=dashed];
  "v110" -> "108" [color="#ff4444", label=rhs, fontcolor="#cccccc", fontsize=9];
  "109" [label="Load u32\n← ram", shape=box3d, fillcolor="#102030"];
  "56" -> "109" [color="#cc88aa", label=mem, fontcolor="#cccccc", fontsize=9];
  "95" -> "109" [color="#cc88ff", label=addr, fontcolor="#cccccc", fontsize=9];
  "57" [label="StackStore u32\n→ ram[sp - 16]", shape=box3d, fillcolor="#20182a"];
  "111" -> "57" [color="#cc88aa", label=mem, fontcolor="#cccccc", fontsize=9];
  "v112" [label="init\nESP", shape=Mdiamond, fillcolor="#1a3a5c"];
  "v112" -> "57" [color="#cc88ff", label=sp, fontcolor="#cccccc", fontsize=9];
  "113" -> "57" [color="#ff8800", label=data, fontcolor="#cccccc", fontsize=9];
  "113" [label="const 0x4012c6:u32", shape=ellipse, fillcolor="#2d2d2d"];
  "111" [label="StackStore u32\n→ ram[sp - 4]", shape=box3d, fillcolor="#20182a"];
  "51" -> "111" [color="#cc88aa", label=mem, fontcolor="#cccccc", fontsize=9];
  "v114" [label="init\nESP", shape=Mdiamond, fillcolor="#1a3a5c"];
  "v114" -> "111" [color="#cc88ff", label=sp, fontcolor="#cccccc", fontsize=9];
  "115" -> "111" [color="#ff8800", label=data, fontcolor="#cccccc", fontsize=9];
  "115" [label="Xor:u32", shape=box, fillcolor="#2d2d2d"];
  "116" -> "115" [color="#4488ff", label=lhs, fontcolor="#cccccc", fontsize=9];
  "v117" [label="Post Call\nEAX", shape=box, fillcolor="#28102a", style="filled,dashed"];
  "51" -> "v117" [color="#888888", style=dashed];
  "v117" -> "115" [color="#ff4444", label=rhs, fontcolor="#cccccc", fontsize=9];
  "116" [label="Load u32\n← ram", shape=box3d, fillcolor="#102030"];
  "51" -> "116" [color="#cc88aa", label=mem, fontcolor="#cccccc", fontsize=9];
  "95" -> "116" [color="#cc88ff", label=addr, fontcolor="#cccccc", fontsize=9];
  "52" [label="StackStore u32\n→ ram[sp - 16]", shape=box3d, fillcolor="#20182a"];
  "118" -> "52" [color="#cc88aa", label=mem, fontcolor="#cccccc", fontsize=9];
  "v119" [label="init\nESP", shape=Mdiamond, fillcolor="#1a3a5c"];
  "v119" -> "52" [color="#cc88ff", label=sp, fontcolor="#cccccc", fontsize=9];
  "120" -> "52" [color="#ff8800", label=data, fontcolor="#cccccc", fontsize=9];
  "120" [label="const 0x4012b3:u32", shape=ellipse, fillcolor="#2d2d2d"];
  "118" [label="StackStore u32\n→ ram[sp - 4]", shape=box3d, fillcolor="#20182a"];
  "46" -> "118" [color="#cc88aa", label=mem, fontcolor="#cccccc", fontsize=9];
  "v121" [label="init\nESP", shape=Mdiamond, fillcolor="#1a3a5c"];
  "v121" -> "118" [color="#cc88ff", label=sp, fontcolor="#cccccc", fontsize=9];
  "122" -> "118" [color="#ff8800", label=data, fontcolor="#cccccc", fontsize=9];
  "122" [label="Xor:u32", shape=box, fillcolor="#2d2d2d"];
  "123" -> "122" [color="#4488ff", label=lhs, fontcolor="#cccccc", fontsize=9];
  "v124" [label="Post Call\nEAX", shape=box, fillcolor="#28102a", style="filled,dashed"];
  "46" -> "v124" [color="#888888", style=dashed];
  "v124" -> "122" [color="#ff4444", label=rhs, fontcolor="#cccccc", fontsize=9];
  "123" [label="Load u32\n← ram", shape=box3d, fillcolor="#102030"];
  "46" -> "123" [color="#cc88aa", label=mem, fontcolor="#cccccc", fontsize=9];
  "95" -> "123" [color="#cc88ff", label=addr, fontcolor="#cccccc", fontsize=9];
  "47" [label="StackStore u32\n→ ram[sp - 16]", shape=box3d, fillcolor="#20182a"];
  "125" -> "47" [color="#cc88aa", label=mem, fontcolor="#cccccc", fontsize=9];
  "v126" [label="init\nESP", shape=Mdiamond, fillcolor="#1a3a5c"];
  "v126" -> "47" [color="#cc88ff", label=sp, fontcolor="#cccccc", fontsize=9];
  "127" -> "47" [color="#ff8800", label=data, fontcolor="#cccccc", fontsize=9];
  "127" [label="const 0x4012a5:u32", shape=ellipse, fillcolor="#2d2d2d"];
  "125" [label="StackStore u32\n→ ram[sp - 4]", shape=box3d, fillcolor="#20182a"];
  "41" -> "125" [color="#cc88aa", label=mem, fontcolor="#cccccc", fontsize=9];
  "v128" [label="init\nESP", shape=Mdiamond, fillcolor="#1a3a5c"];
  "v128" -> "125" [color="#cc88ff", label=sp, fontcolor="#cccccc", fontsize=9];
  "129" -> "125" [color="#ff8800", label=data, fontcolor="#cccccc", fontsize=9];
  "129" [label="Xor:u32", shape=box, fillcolor="#2d2d2d"];
  "130" -> "129" [color="#4488ff", label=lhs, fontcolor="#cccccc", fontsize=9];
  "v131" [label="Post Call\nEAX", shape=box, fillcolor="#28102a", style="filled,dashed"];
  "41" -> "v131" [color="#888888", style=dashed];
  "v131" -> "129" [color="#ff4444", label=rhs, fontcolor="#cccccc", fontsize=9];
  "130" [label="Load u32\n← ram", shape=box3d, fillcolor="#102030"];
  "41" -> "130" [color="#cc88aa", label=mem, fontcolor="#cccccc", fontsize=9];
  "95" -> "130" [color="#cc88ff", label=addr, fontcolor="#cccccc", fontsize=9];
  "42" [label="StackStore u32\n→ ram[sp - 16]", shape=box3d, fillcolor="#20182a"];
  "132" -> "42" [color="#cc88aa", label=mem, fontcolor="#cccccc", fontsize=9];
  "v133" [label="init\nESP", shape=Mdiamond, fillcolor="#1a3a5c"];
  "v133" -> "42" [color="#cc88ff", label=sp, fontcolor="#cccccc", fontsize=9];
  "134" -> "42" [color="#ff8800", label=data, fontcolor="#cccccc", fontsize=9];
  "134" [label="const 0x401292:u32", shape=ellipse, fillcolor="#2d2d2d"];
  "132" [label="StackStore u32\n→ ram[sp - 4]", shape=box3d, fillcolor="#20182a"];
  "36" -> "132" [color="#cc88aa", label=mem, fontcolor="#cccccc", fontsize=9];
  "v135" [label="init\nESP", shape=Mdiamond, fillcolor="#1a3a5c"];
  "v135" -> "132" [color="#cc88ff", label=sp, fontcolor="#cccccc", fontsize=9];
  "136" -> "132" [color="#ff8800", label=data, fontcolor="#cccccc", fontsize=9];
  "136" [label="Xor:u32", shape=box, fillcolor="#2d2d2d"];
  "137" -> "136" [color="#4488ff", label=lhs, fontcolor="#cccccc", fontsize=9];
  "v138" [label="Post Call\nEAX", shape=box, fillcolor="#28102a", style="filled,dashed"];
  "36" -> "v138" [color="#888888", style=dashed];
  "v138" -> "136" [color="#ff4444", label=rhs, fontcolor="#cccccc", fontsize=9];
  "137" [label="Load u32\n← ram", shape=box3d, fillcolor="#102030"];
  "36" -> "137" [color="#cc88aa", label=mem, fontcolor="#cccccc", fontsize=9];
  "95" -> "137" [color="#cc88ff", label=addr, fontcolor="#cccccc", fontsize=9];
  "37" [label="StackStore u32\n→ ram[sp - 16]", shape=box3d, fillcolor="#20182a"];
  "139" -> "37" [color="#cc88aa", label=mem, fontcolor="#cccccc", fontsize=9];
  "v140" [label="init\nESP", shape=Mdiamond, fillcolor="#1a3a5c"];
  "v140" -> "37" [color="#cc88ff", label=sp, fontcolor="#cccccc", fontsize=9];
  "141" -> "37" [color="#ff8800", label=data, fontcolor="#cccccc", fontsize=9];
  "141" [label="const 0x40127f:u32", shape=ellipse, fillcolor="#2d2d2d"];
  "139" [label="StackStore u32\n→ ram[sp - 4]", shape=box3d, fillcolor="#20182a"];
  "31" -> "139" [color="#cc88aa", label=mem, fontcolor="#cccccc", fontsize=9];
  "v142" [label="init\nESP", shape=Mdiamond, fillcolor="#1a3a5c"];
  "v142" -> "139" [color="#cc88ff", label=sp, fontcolor="#cccccc", fontsize=9];
  "143" -> "139" [color="#ff8800", label=data, fontcolor="#cccccc", fontsize=9];
  "143" [label="Xor:u32", shape=box, fillcolor="#2d2d2d"];
  "144" -> "143" [color="#4488ff", label=lhs, fontcolor="#cccccc", fontsize=9];
  "v145" [label="Post Call\nEAX", shape=box, fillcolor="#28102a", style="filled,dashed"];
  "31" -> "v145" [color="#888888", style=dashed];
  "v145" -> "143" [color="#ff4444", label=rhs, fontcolor="#cccccc", fontsize=9];
  "144" [label="Load u32\n← ram", shape=box3d, fillcolor="#102030"];
  "31" -> "144" [color="#cc88aa", label=mem, fontcolor="#cccccc", fontsize=9];
  "95" -> "144" [color="#cc88ff", label=addr, fontcolor="#cccccc", fontsize=9];
  "32" [label="StackStore u32\n→ ram[sp - 16]", shape=box3d, fillcolor="#20182a"];
  "146" -> "32" [color="#cc88aa", label=mem, fontcolor="#cccccc", fontsize=9];
  "v147" [label="init\nESP", shape=Mdiamond, fillcolor="#1a3a5c"];
  "v147" -> "32" [color="#cc88ff", label=sp, fontcolor="#cccccc", fontsize=9];
  "148" -> "32" [color="#ff8800", label=data, fontcolor="#cccccc", fontsize=9];
  "148" [label="const 0x40126c:u32", shape=ellipse, fillcolor="#2d2d2d"];
  "146" [label="StackStore u32\n→ ram[sp - 4]", shape=box3d, fillcolor="#20182a"];
  "26" -> "146" [color="#cc88aa", label=mem, fontcolor="#cccccc", fontsize=9];
  "v149" [label="init\nESP", shape=Mdiamond, fillcolor="#1a3a5c"];
  "v149" -> "146" [color="#cc88ff", label=sp, fontcolor="#cccccc", fontsize=9];
  "150" -> "146" [color="#ff8800", label=data, fontcolor="#cccccc", fontsize=9];
  "150" [label="Xor:u32", shape=box, fillcolor="#2d2d2d"];
  "151" -> "150" [color="#4488ff", label=lhs, fontcolor="#cccccc", fontsize=9];
  "v152" [label="Post Call\nEAX", shape=box, fillcolor="#28102a", style="filled,dashed"];
  "26" -> "v152" [color="#888888", style=dashed];
  "v152" -> "150" [color="#ff4444", label=rhs, fontcolor="#cccccc", fontsize=9];
  "151" [label="Load u32\n← ram", shape=box3d, fillcolor="#102030"];
  "26" -> "151" [color="#cc88aa", label=mem, fontcolor="#cccccc", fontsize=9];
  "95" -> "151" [color="#cc88ff", label=addr, fontcolor="#cccccc", fontsize=9];
  "27" [label="StackStore u32\n→ ram[sp - 16]", shape=box3d, fillcolor="#20182a"];
  "153" -> "27" [color="#cc88aa", label=mem, fontcolor="#cccccc", fontsize=9];
  "v154" [label="init\nESP", shape=Mdiamond, fillcolor="#1a3a5c"];
  "v154" -> "27" [color="#cc88ff", label=sp, fontcolor="#cccccc", fontsize=9];
  "155" -> "27" [color="#ff8800", label=data, fontcolor="#cccccc", fontsize=9];
  "155" [label="const 0x401259:u32", shape=ellipse, fillcolor="#2d2d2d"];
  "153" [label="StackStore u32\n→ ram[sp - 4]", shape=box3d, fillcolor="#20182a"];
  "21" -> "153" [color="#cc88aa", label=mem, fontcolor="#cccccc", fontsize=9];
  "v156" [label="init\nESP", shape=Mdiamond, fillcolor="#1a3a5c"];
  "v156" -> "153" [color="#cc88ff", label=sp, fontcolor="#cccccc", fontsize=9];
  "157" -> "153" [color="#ff8800", label=data, fontcolor="#cccccc", fontsize=9];
  "157" [label="Xor:u32", shape=box, fillcolor="#2d2d2d"];
  "158" -> "157" [color="#4488ff", label=lhs, fontcolor="#cccccc", fontsize=9];
  "v159" [label="Post Call\nEAX", shape=box, fillcolor="#28102a", style="filled,dashed"];
  "21" -> "v159" [color="#888888", style=dashed];
  "v159" -> "157" [color="#ff4444", label=rhs, fontcolor="#cccccc", fontsize=9];
  "158" [label="Load u32\n← ram", shape=box3d, fillcolor="#102030"];
  "21" -> "158" [color="#cc88aa", label=mem, fontcolor="#cccccc", fontsize=9];
  "95" -> "158" [color="#cc88ff", label=addr, fontcolor="#cccccc", fontsize=9];
  "22" [label="StackStore u32\n→ ram[sp - 16]", shape=box3d, fillcolor="#20182a"];
  "160" -> "22" [color="#cc88aa", label=mem, fontcolor="#cccccc", fontsize=9];
  "v161" [label="init\nESP", shape=Mdiamond, fillcolor="#1a3a5c"];
  "v161" -> "22" [color="#cc88ff", label=sp, fontcolor="#cccccc", fontsize=9];
  "162" -> "22" [color="#ff8800", label=data, fontcolor="#cccccc", fontsize=9];
  "162" [label="const 0x401246:u32", shape=ellipse, fillcolor="#2d2d2d"];
  "160" [label="StackStore u32\n→ ram[sp - 4]", shape=box3d, fillcolor="#20182a"];
  "16" -> "160" [color="#cc88aa", label=mem, fontcolor="#cccccc", fontsize=9];
  "v163" [label="init\nESP", shape=Mdiamond, fillcolor="#1a3a5c"];
  "v163" -> "160" [color="#cc88ff", label=sp, fontcolor="#cccccc", fontsize=9];
  "164" -> "160" [color="#ff8800", label=data, fontcolor="#cccccc", fontsize=9];
  "164" [label="Xor:u32", shape=box, fillcolor="#2d2d2d"];
  "165" -> "164" [color="#4488ff", label=lhs, fontcolor="#cccccc", fontsize=9];
  "v166" [label="Post Call\nEAX", shape=box, fillcolor="#28102a", style="filled,dashed"];
  "16" -> "v166" [color="#888888", style=dashed];
  "v166" -> "164" [color="#ff4444", label=rhs, fontcolor="#cccccc", fontsize=9];
  "165" [label="Load u32\n← ram", shape=box3d, fillcolor="#102030"];
  "16" -> "165" [color="#cc88aa", label=mem, fontcolor="#cccccc", fontsize=9];
  "95" -> "165" [color="#cc88ff", label=addr, fontcolor="#cccccc", fontsize=9];
  "17" [label="StackStore u32\n→ ram[sp - 16]", shape=box3d, fillcolor="#20182a"];
  "167" -> "17" [color="#cc88aa", label=mem, fontcolor="#cccccc", fontsize=9];
  "v168" [label="init\nESP", shape=Mdiamond, fillcolor="#1a3a5c"];
  "v168" -> "17" [color="#cc88ff", label=sp, fontcolor="#cccccc", fontsize=9];
  "169" -> "17" [color="#ff8800", label=data, fontcolor="#cccccc", fontsize=9];
  "169" [label="const 0x401233:u32", shape=ellipse, fillcolor="#2d2d2d"];
  "167" [label="StackStore u32\n→ ram[sp - 4]", shape=box3d, fillcolor="#20182a"];
  "11" -> "167" [color="#cc88aa", label=mem, fontcolor="#cccccc", fontsize=9];
  "v170" [label="init\nESP", shape=Mdiamond, fillcolor="#1a3a5c"];
  "v170" -> "167" [color="#cc88ff", label=sp, fontcolor="#cccccc", fontsize=9];
  "171" -> "167" [color="#ff8800", label=data, fontcolor="#cccccc", fontsize=9];
  "171" [label="Xor:u32", shape=box, fillcolor="#2d2d2d"];
  "172" -> "171" [color="#4488ff", label=lhs, fontcolor="#cccccc", fontsize=9];
  "v173" [label="Post Call\nEAX", shape=box, fillcolor="#28102a", style="filled,dashed"];
  "11" -> "v173" [color="#888888", style=dashed];
  "v173" -> "171" [color="#ff4444", label=rhs, fontcolor="#cccccc", fontsize=9];
  "172" [label="Load u32\n← ram", shape=box3d, fillcolor="#102030"];
  "11" -> "172" [color="#cc88aa", label=mem, fontcolor="#cccccc", fontsize=9];
  "95" -> "172" [color="#cc88ff", label=addr, fontcolor="#cccccc", fontsize=9];
  "12" [label="StackStore u32\n→ ram[sp - 16]", shape=box3d, fillcolor="#20182a"];
  "174" -> "12" [color="#cc88aa", label=mem, fontcolor="#cccccc", fontsize=9];
  "v175" [label="init\nESP", shape=Mdiamond, fillcolor="#1a3a5c"];
  "v175" -> "12" [color="#cc88ff", label=sp, fontcolor="#cccccc", fontsize=9];
  "176" -> "12" [color="#ff8800", label=data, fontcolor="#cccccc", fontsize=9];
  "176" [label="const 0x401220:u32", shape=ellipse, fillcolor="#2d2d2d"];
  "174" [label="StackStore u32\n→ ram[sp - 4]", shape=box3d, fillcolor="#20182a"];
  "6" -> "174" [color="#cc88aa", label=mem, fontcolor="#cccccc", fontsize=9];
  "v177" [label="init\nESP", shape=Mdiamond, fillcolor="#1a3a5c"];
  "v177" -> "174" [color="#cc88ff", label=sp, fontcolor="#cccccc", fontsize=9];
  "178" -> "174" [color="#ff8800", label=data, fontcolor="#cccccc", fontsize=9];
  "178" [label="Xor:u32", shape=box, fillcolor="#2d2d2d"];
  "179" -> "178" [color="#4488ff", label=lhs, fontcolor="#cccccc", fontsize=9];
  "v180" [label="Post Call\nEAX", shape=box, fillcolor="#28102a", style="filled,dashed"];
  "6" -> "v180" [color="#888888", style=dashed];
  "v180" -> "178" [color="#ff4444", label=rhs, fontcolor="#cccccc", fontsize=9];
  "179" [label="Load u32\n← ram", shape=box3d, fillcolor="#102030"];
  "6" -> "179" [color="#cc88aa", label=mem, fontcolor="#cccccc", fontsize=9];
  "95" -> "179" [color="#cc88ff", label=addr, fontcolor="#cccccc", fontsize=9];
  "7" [label="StackStore u32\n→ ram[sp - 16]", shape=box3d, fillcolor="#20182a"];
  "181" -> "7" [color="#cc88aa", label=mem, fontcolor="#cccccc", fontsize=9];
  "v182" [label="init\nESP", shape=Mdiamond, fillcolor="#1a3a5c"];
  "v182" -> "7" [color="#cc88ff", label=sp, fontcolor="#cccccc", fontsize=9];
  "183" -> "7" [color="#ff8800", label=data, fontcolor="#cccccc", fontsize=9];
  "183" [label="const 0x40120d:u32", shape=ellipse, fillcolor="#2d2d2d"];
  "181" [label="StackStore u32\n→ ram[sp - 4]", shape=box3d, fillcolor="#20182a"];
  "1" -> "181" [color="#cc88aa", label=mem, fontcolor="#cccccc", fontsize=9];
  "v184" [label="init\nESP", shape=Mdiamond, fillcolor="#1a3a5c"];
  "v184" -> "181" [color="#cc88ff", label=sp, fontcolor="#cccccc", fontsize=9];
  "185" -> "181" [color="#ff8800", label=data, fontcolor="#cccccc", fontsize=9];
  "185" [label="Xor:u32", shape=box, fillcolor="#2d2d2d"];
  "186" -> "185" [color="#4488ff", label=lhs, fontcolor="#cccccc", fontsize=9];
  "v187" [label="Post Call\nEAX", shape=box, fillcolor="#28102a", style="filled,dashed"];
  "1" -> "v187" [color="#888888", style=dashed];
  "v187" -> "185" [color="#ff4444", label=rhs, fontcolor="#cccccc", fontsize=9];
  "186" [label="Load u32\n← ram", shape=box3d, fillcolor="#102030"];
  "1" -> "186" [color="#cc88aa", label=mem, fontcolor="#cccccc", fontsize=9];
  "95" -> "186" [color="#cc88ff", label=addr, fontcolor="#cccccc", fontsize=9];
  "2" [label="StackStore u32\n→ ram[sp - 16]", shape=box3d, fillcolor="#20182a"];
  "188" -> "2" [color="#cc88aa", label=mem, fontcolor="#cccccc", fontsize=9];
  "v189" [label="init\nESP", shape=Mdiamond, fillcolor="#1a3a5c"];
  "v189" -> "2" [color="#cc88ff", label=sp, fontcolor="#cccccc", fontsize=9];
  "190" -> "2" [color="#ff8800", label=data, fontcolor="#cccccc", fontsize=9];
  "190" [label="const 0x4011fa:u32", shape=ellipse, fillcolor="#2d2d2d"];
  "188" [label="StackStore u32\n→ ram[sp - 4]", shape=box3d, fillcolor="#20182a"];
  "191" -> "188" [color="#cc88aa", label=mem, fontcolor="#cccccc", fontsize=9];
  "v192" [label="init\nESP", shape=Mdiamond, fillcolor="#1a3a5c"];
  "v192" -> "188" [color="#cc88ff", label=sp, fontcolor="#cccccc", fontsize=9];
  "193" -> "188" [color="#ff8800", label=data, fontcolor="#cccccc", fontsize=9];
  "193" [label="const 0x0:u32", shape=ellipse, fillcolor="#2d2d2d"];
  "191" [label="InitialMemory", shape=Mdiamond, fillcolor="#1a3a5c"];
}
