---
source: crates/strider/tests/v3_baseline.rs
expression: snapshot_body
---
digraph "G" {
  graph [
    rankdir=TB,
    bgcolor="#1e1e1e",
    fontcolor=white,
  ];

  node [
    shape=box,
    style="filled,rounded",
    fillcolor="#2d2d2d",
    color="#888888",
    fontcolor=white,
    fontname=monospace,
    margin=0.2,
  ];

  edge [
    color="#aaaaaa",
    fontcolor=white,
    penwidth=1.2,
  ];

  "0" [label="Entry", shape=Mdiamond, fillcolor="#1a3a5c"];
  "1" [label="If", shape=diamond, fillcolor="#3a2a10"];
  "v2" [label="if.true", shape=trapezium, fillcolor="#3a2a10"];
  "1" -> "v2" [color="#00cccc", label=true, fontcolor="#cccccc", fontsize=9];
  "v3" [label="if.false", shape=trapezium, fillcolor="#3a2a10"];
  "1" -> "v3" [color="#00cccc", label=false, fontcolor="#cccccc", fontsize=9];
  "0" -> "1" [color="#00cccc", label=ctrl, fontcolor="#cccccc", fontsize=9];
  "4" -> "1" [color="#ff44ff", label=cond, fontcolor="#cccccc", fontsize=9];
  "5" [label="If", shape=diamond, fillcolor="#3a2a10"];
  "v6" [label="if.true", shape=trapezium, fillcolor="#3a2a10"];
  "5" -> "v6" [color="#00cccc", label=true, fontcolor="#cccccc", fontsize=9];
  "v7" [label="if.false", shape=trapezium, fillcolor="#3a2a10"];
  "5" -> "v7" [color="#00cccc", label=false, fontcolor="#cccccc", fontsize=9];
  "v3" -> "5" [color="#00cccc", label=ctrl, fontcolor="#cccccc", fontsize=9];
  "8" -> "5" [color="#ff44ff", label=cond, fontcolor="#cccccc", fontsize=9];
  "9" [label="ControlState", shape=invhouse, fillcolor="#2a1a4a"];
  "v7" -> "9" [color="#00cccc", label=ctrl, fontcolor="#cccccc", fontsize=9];
  "v6" -> "9" [color="#00cccc", label=ctrl, fontcolor="#cccccc", fontsize=9];
  "10" [label="If", shape=diamond, fillcolor="#3a2a10"];
  "v11" [label="if.true", shape=trapezium, fillcolor="#3a2a10"];
  "10" -> "v11" [color="#00cccc", label=true, fontcolor="#cccccc", fontsize=9];
  "v12" [label="if.false", shape=trapezium, fillcolor="#3a2a10"];
  "10" -> "v12" [color="#00cccc", label=false, fontcolor="#cccccc", fontsize=9];
  "9" -> "10" [color="#00cccc", label=ctrl, fontcolor="#cccccc", fontsize=9];
  "13" -> "10" [color="#ff44ff", label=cond, fontcolor="#cccccc", fontsize=9];
  "14" [label="ControlState", shape=invhouse, fillcolor="#2a1a4a"];
  "v15" [label="if.false", shape=trapezium, fillcolor="#3a2a10"];
  "v15" -> "14" [color="#00cccc", label=ctrl, fontcolor="#cccccc", fontsize=9];
  "v12" -> "14" [color="#00cccc", label=ctrl, fontcolor="#cccccc", fontsize=9];
  "16" [label="If", shape=diamond, fillcolor="#3a2a10"];
  "v17" [label="if.true", shape=trapezium, fillcolor="#3a2a10"];
  "16" -> "v17" [color="#00cccc", label=true, fontcolor="#cccccc", fontsize=9];
  "16" -> "v15" [color="#00cccc", label=false, fontcolor="#cccccc", fontsize=9];
  "14" -> "16" [color="#00cccc", label=ctrl, fontcolor="#cccccc", fontsize=9];
  "18" -> "16" [color="#ff44ff", label=cond, fontcolor="#cccccc", fontsize=9];
  "19" [label="ControlState", shape=invhouse, fillcolor="#2a1a4a"];
  "v11" -> "19" [color="#00cccc", label=ctrl, fontcolor="#cccccc", fontsize=9];
  "v17" -> "19" [color="#00cccc", label=ctrl, fontcolor="#cccccc", fontsize=9];
  "20" [label="If", shape=diamond, fillcolor="#3a2a10"];
  "v21" [label="if.true", shape=trapezium, fillcolor="#3a2a10"];
  "20" -> "v21" [color="#00cccc", label=true, fontcolor="#cccccc", fontsize=9];
  "v22" [label="if.false", shape=trapezium, fillcolor="#3a2a10"];
  "20" -> "v22" [color="#00cccc", label=false, fontcolor="#cccccc", fontsize=9];
  "19" -> "20" [color="#00cccc", label=ctrl, fontcolor="#cccccc", fontsize=9];
  "23" -> "20" [color="#ff44ff", label=cond, fontcolor="#cccccc", fontsize=9];
  "24" [label="ControlState", shape=invhouse, fillcolor="#2a1a4a"];
  "v22" -> "24" [color="#00cccc", label=ctrl, fontcolor="#cccccc", fontsize=9];
  "v25" [label="if.false", shape=trapezium, fillcolor="#3a2a10"];
  "v25" -> "24" [color="#00cccc", label=ctrl, fontcolor="#cccccc", fontsize=9];
  "26" [label="If", shape=diamond, fillcolor="#3a2a10"];
  "v27" [label="if.true", shape=trapezium, fillcolor="#3a2a10"];
  "26" -> "v27" [color="#00cccc", label=true, fontcolor="#cccccc", fontsize=9];
  "26" -> "v25" [color="#00cccc", label=false, fontcolor="#cccccc", fontsize=9];
  "24" -> "26" [color="#00cccc", label=ctrl, fontcolor="#cccccc", fontsize=9];
  "28" -> "26" [color="#ff44ff", label=cond, fontcolor="#cccccc", fontsize=9];
  "29" [label="ControlState", shape=invhouse, fillcolor="#2a1a4a"];
  "v2" -> "29" [color="#00cccc", label=ctrl, fontcolor="#cccccc", fontsize=9];
  "v21" -> "29" [color="#00cccc", label=ctrl, fontcolor="#cccccc", fontsize=9];
  "v27" -> "29" [color="#00cccc", label=ctrl, fontcolor="#cccccc", fontsize=9];
  "30" [label="Return", shape=doublecircle, fillcolor="#103a10"];
  "29" -> "30" [color="#00cccc", label=ctrl, fontcolor="#cccccc", fontsize=9];
  "31" -> "30" [color="#cc88aa", label=mem, fontcolor="#cccccc", fontsize=9];
  "32" -> "30" [color="#88cc88", label=EAX, fontcolor="#cccccc", fontsize=9];
  "33" -> "30" [color="#88cc88", label=EDX, fontcolor="#cccccc", fontsize=9];
  "34" -> "30" [color="#88cc88", label=ST0, fontcolor="#cccccc", fontsize=9];
  "35" -> "30" [color="#88cc88", label=XMM0, fontcolor="#cccccc", fontsize=9];
  "35" [label="init\nXMM0", shape=Mdiamond, fillcolor="#1a3a5c"];
  "34" [label="init\nST0", shape=Mdiamond, fillcolor="#1a3a5c"];
  "33" [label="φ EDX", shape=house, fillcolor="#163030"];
  "29" -> "33" [color="#dddddd", label=phi, fontcolor="#cccccc", fontsize=9];
  "36" -> "33" [color="#dddddd", label=in, fontcolor="#cccccc", fontsize=9];
  "37" -> "33" [color="#dddddd", label=in, fontcolor="#cccccc", fontsize=9];
  "38" -> "33" [color="#dddddd", label=in, fontcolor="#cccccc", fontsize=9];
  "38" [label="Mul:u32", shape=box, fillcolor="#2d2d2d"];
  "39" -> "38" [color="#4488ff", label=lhs, fontcolor="#cccccc", fontsize=9];
  "39" -> "38" [color="#ff4444", label=rhs, fontcolor="#cccccc", fontsize=9];
  "39" [label="φ ECX", shape=house, fillcolor="#163030"];
  "24" -> "39" [color="#dddddd", label=phi, fontcolor="#cccccc", fontsize=9];
  "40" -> "39" [color="#dddddd", label=in, fontcolor="#cccccc", fontsize=9];
  "41" -> "39" [color="#dddddd", label=in, fontcolor="#cccccc", fontsize=9];
  "41" [label="Add:u32", shape=box, fillcolor="#2d2d2d"];
  "39" -> "41" [color="#4488ff", label=lhs, fontcolor="#cccccc", fontsize=9];
  "42" -> "41" [color="#ff4444", label=rhs, fontcolor="#cccccc", fontsize=9];
  "42" [label="const 0x1:u32", shape=ellipse, fillcolor="#2d2d2d"];
  "40" [label="φ ECX", shape=house, fillcolor="#163030"];
  "19" -> "40" [color="#dddddd", label=phi, fontcolor="#cccccc", fontsize=9];
  "43" -> "40" [color="#dddddd", label=in, fontcolor="#cccccc", fontsize=9];
  "43" [label="const 0x0:u32", shape=ellipse, fillcolor="#2d2d2d"];
  "44" -> "40" [color="#dddddd", label=in, fontcolor="#cccccc", fontsize=9];
  "44" [label="Add:u32", shape=box, fillcolor="#2d2d2d"];
  "45" -> "44" [color="#4488ff", label=lhs, fontcolor="#cccccc", fontsize=9];
  "46" -> "44" [color="#ff4444", label=rhs, fontcolor="#cccccc", fontsize=9];
  "46" [label="const 0x4:u32", shape=ellipse, fillcolor="#2d2d2d"];
  "45" [label="φ ECX", shape=house, fillcolor="#163030"];
  "14" -> "45" [color="#dddddd", label=phi, fontcolor="#cccccc", fontsize=9];
  "44" -> "45" [color="#dddddd", label=in, fontcolor="#cccccc", fontsize=9];
  "47" -> "45" [color="#dddddd", label=in, fontcolor="#cccccc", fontsize=9];
  "47" [label="const 0x0:u32", shape=ellipse, fillcolor="#2d2d2d"];
  "37" [label="φ EDX", shape=house, fillcolor="#163030"];
  "19" -> "37" [color="#dddddd", label=phi, fontcolor="#cccccc", fontsize=9];
  "48" -> "37" [color="#dddddd", label=in, fontcolor="#cccccc", fontsize=9];
  "49" -> "37" [color="#dddddd", label=in, fontcolor="#cccccc", fontsize=9];
  "49" [label="And:u32", shape=box, fillcolor="#2d2d2d"];
  "48" -> "49" [color="#4488ff", label=lhs, fontcolor="#cccccc", fontsize=9];
  "50" -> "49" [color="#ff4444", label=rhs, fontcolor="#cccccc", fontsize=9];
  "50" [label="const 0x1c:u32", shape=ellipse, fillcolor="#2d2d2d"];
  "48" [label="Add:u32", shape=box, fillcolor="#2d2d2d"];
  "51" -> "48" [color="#4488ff", label=lhs, fontcolor="#cccccc", fontsize=9];
  "52" -> "48" [color="#ff4444", label=rhs, fontcolor="#cccccc", fontsize=9];
  "52" [label="const 0x1:u32", shape=ellipse, fillcolor="#2d2d2d"];
  "51" [label="φ ESI", shape=house, fillcolor="#163030"];
  "9" -> "51" [color="#dddddd", label=phi, fontcolor="#cccccc", fontsize=9];
  "53" -> "51" [color="#dddddd", label=in, fontcolor="#cccccc", fontsize=9];
  "53" [label="const 0xf:u32", shape=ellipse, fillcolor="#2d2d2d"];
  "54" -> "51" [color="#dddddd", label=in, fontcolor="#cccccc", fontsize=9];
  "54" [label="Add:u32", shape=box, fillcolor="#2d2d2d"];
  "55" -> "54" [color="#4488ff", label=lhs, fontcolor="#cccccc", fontsize=9];
  "56" -> "54" [color="#ff4444", label=rhs, fontcolor="#cccccc", fontsize=9];
  "56" [label="const 0xffffffff:u32", shape=ellipse, fillcolor="#2d2d2d"];
  "55" [label="arg[0] ← ram[sp + 4]", shape=Mdiamond, fillcolor="#1a3a5c"];
  "36" [label="init\nEDX", shape=Mdiamond, fillcolor="#1a3a5c"];
  "32" [label="Add:u32", shape=box, fillcolor="#2d2d2d"];
  "57" -> "32" [color="#4488ff", label=lhs, fontcolor="#cccccc", fontsize=9];
  "58" -> "32" [color="#ff4444", label=rhs, fontcolor="#cccccc", fontsize=9];
  "58" [label="Load u32\n← ram", shape=box3d, fillcolor="#102030"];
  "31" -> "58" [color="#cc88aa", label=mem, fontcolor="#cccccc", fontsize=9];
  "59" -> "58" [color="#cc88ff", label=addr, fontcolor="#cccccc", fontsize=9];
  "59" [label="Add:u32", shape=box, fillcolor="#2d2d2d"];
  "60" -> "59" [color="#4488ff", label=lhs, fontcolor="#cccccc", fontsize=9];
  "61" -> "59" [color="#ff4444", label=rhs, fontcolor="#cccccc", fontsize=9];
  "61" [label="const 0xfffffff8:u32", shape=ellipse, fillcolor="#2d2d2d"];
  "60" [label="init\nESP", shape=Mdiamond, fillcolor="#1a3a5c"];
  "31" [label="φ Mem", shape=house, fillcolor="#163030"];
  "29" -> "31" [color="#dddddd", label=phi, fontcolor="#cccccc", fontsize=9];
  "62" -> "31" [color="#cc88aa", label=mem, fontcolor="#cccccc", fontsize=9];
  "63" -> "31" [color="#cc88aa", label=mem, fontcolor="#cccccc", fontsize=9];
  "64" -> "31" [color="#cc88aa", label=mem, fontcolor="#cccccc", fontsize=9];
  "64" [label="Store u32\n→ ram", shape=box3d, fillcolor="#102030"];
  "65" -> "64" [color="#cc88aa", label=mem, fontcolor="#cccccc", fontsize=9];
  "66" -> "64" [color="#cc88ff", label=addr, fontcolor="#cccccc", fontsize=9];
  "38" -> "64" [color="#ff8800", label=data, fontcolor="#cccccc", fontsize=9];
  "66" [label="Add:u32", shape=box, fillcolor="#2d2d2d"];
  "67" -> "66" [color="#4488ff", label=lhs, fontcolor="#cccccc", fontsize=9];
  "68" -> "66" [color="#ff4444", label=rhs, fontcolor="#cccccc", fontsize=9];
  "68" [label="Mul:u32", shape=box, fillcolor="#2d2d2d"];
  "39" -> "68" [color="#4488ff", label=lhs, fontcolor="#cccccc", fontsize=9];
  "69" -> "68" [color="#ff4444", label=rhs, fontcolor="#cccccc", fontsize=9];
  "69" [label="const 0x4:u32", shape=ellipse, fillcolor="#2d2d2d"];
  "67" [label="Add:u32", shape=box, fillcolor="#2d2d2d"];
  "60" -> "67" [color="#4488ff", label=lhs, fontcolor="#cccccc", fontsize=9];
  "70" -> "67" [color="#ff4444", label=rhs, fontcolor="#cccccc", fontsize=9];
  "70" [label="const 0xffffffbc:u32", shape=ellipse, fillcolor="#2d2d2d"];
  "65" [label="φ Mem", shape=house, fillcolor="#163030"];
  "24" -> "65" [color="#dddddd", label=phi, fontcolor="#cccccc", fontsize=9];
  "63" -> "65" [color="#cc88aa", label=mem, fontcolor="#cccccc", fontsize=9];
  "64" -> "65" [color="#cc88aa", label=mem, fontcolor="#cccccc", fontsize=9];
  "63" [label="φ Mem", shape=house, fillcolor="#163030"];
  "19" -> "63" [color="#dddddd", label=phi, fontcolor="#cccccc", fontsize=9];
  "62" -> "63" [color="#cc88aa", label=mem, fontcolor="#cccccc", fontsize=9];
  "71" -> "63" [color="#cc88aa", label=mem, fontcolor="#cccccc", fontsize=9];
  "71" [label="Store u32\n→ ram", shape=box3d, fillcolor="#102030"];
  "72" -> "71" [color="#cc88aa", label=mem, fontcolor="#cccccc", fontsize=9];
  "73" -> "71" [color="#cc88ff", label=addr, fontcolor="#cccccc", fontsize=9];
  "74" -> "71" [color="#ff8800", label=data, fontcolor="#cccccc", fontsize=9];
  "74" [label="Mul:u32", shape=box, fillcolor="#2d2d2d"];
  "75" -> "74" [color="#4488ff", label=lhs, fontcolor="#cccccc", fontsize=9];
  "75" -> "74" [color="#ff4444", label=rhs, fontcolor="#cccccc", fontsize=9];
  "75" [label="Add:u32", shape=box, fillcolor="#2d2d2d"];
  "45" -> "75" [color="#4488ff", label=lhs, fontcolor="#cccccc", fontsize=9];
  "76" -> "75" [color="#ff4444", label=rhs, fontcolor="#cccccc", fontsize=9];
  "76" [label="const 0x3:u32", shape=ellipse, fillcolor="#2d2d2d"];
  "73" [label="Add:u32", shape=box, fillcolor="#2d2d2d"];
  "77" -> "73" [color="#4488ff", label=lhs, fontcolor="#cccccc", fontsize=9];
  "78" -> "73" [color="#ff4444", label=rhs, fontcolor="#cccccc", fontsize=9];
  "78" [label="Mul:u32", shape=box, fillcolor="#2d2d2d"];
  "45" -> "78" [color="#4488ff", label=lhs, fontcolor="#cccccc", fontsize=9];
  "79" -> "78" [color="#ff4444", label=rhs, fontcolor="#cccccc", fontsize=9];
  "79" [label="const 0x4:u32", shape=ellipse, fillcolor="#2d2d2d"];
  "77" [label="Add:u32", shape=box, fillcolor="#2d2d2d"];
  "60" -> "77" [color="#4488ff", label=lhs, fontcolor="#cccccc", fontsize=9];
  "80" -> "77" [color="#ff4444", label=rhs, fontcolor="#cccccc", fontsize=9];
  "80" [label="const 0xffffffc8:u32", shape=ellipse, fillcolor="#2d2d2d"];
  "72" [label="Store u32\n→ ram", shape=box3d, fillcolor="#102030"];
  "81" -> "72" [color="#cc88aa", label=mem, fontcolor="#cccccc", fontsize=9];
  "82" -> "72" [color="#cc88ff", label=addr, fontcolor="#cccccc", fontsize=9];
  "83" -> "72" [color="#ff8800", label=data, fontcolor="#cccccc", fontsize=9];
  "83" [label="Mul:u32", shape=box, fillcolor="#2d2d2d"];
  "84" -> "83" [color="#4488ff", label=lhs, fontcolor="#cccccc", fontsize=9];
  "84" -> "83" [color="#ff4444", label=rhs, fontcolor="#cccccc", fontsize=9];
  "84" [label="Add:u32", shape=box, fillcolor="#2d2d2d"];
  "45" -> "84" [color="#4488ff", label=lhs, fontcolor="#cccccc", fontsize=9];
  "85" -> "84" [color="#ff4444", label=rhs, fontcolor="#cccccc", fontsize=9];
  "85" [label="const 0x2:u32", shape=ellipse, fillcolor="#2d2d2d"];
  "82" [label="Add:u32", shape=box, fillcolor="#2d2d2d"];
  "86" -> "82" [color="#4488ff", label=lhs, fontcolor="#cccccc", fontsize=9];
  "78" -> "82" [color="#ff4444", label=rhs, fontcolor="#cccccc", fontsize=9];
  "86" [label="Add:u32", shape=box, fillcolor="#2d2d2d"];
  "60" -> "86" [color="#4488ff", label=lhs, fontcolor="#cccccc", fontsize=9];
  "87" -> "86" [color="#ff4444", label=rhs, fontcolor="#cccccc", fontsize=9];
  "87" [label="const 0xffffffc4:u32", shape=ellipse, fillcolor="#2d2d2d"];
  "81" [label="Store u32\n→ ram", shape=box3d, fillcolor="#102030"];
  "88" -> "81" [color="#cc88aa", label=mem, fontcolor="#cccccc", fontsize=9];
  "89" -> "81" [color="#cc88ff", label=addr, fontcolor="#cccccc", fontsize=9];
  "90" -> "81" [color="#ff8800", label=data, fontcolor="#cccccc", fontsize=9];
  "90" [label="Mul:u32", shape=box, fillcolor="#2d2d2d"];
  "91" -> "90" [color="#4488ff", label=lhs, fontcolor="#cccccc", fontsize=9];
  "91" -> "90" [color="#ff4444", label=rhs, fontcolor="#cccccc", fontsize=9];
  "91" [label="Add:u32", shape=box, fillcolor="#2d2d2d"];
  "45" -> "91" [color="#4488ff", label=lhs, fontcolor="#cccccc", fontsize=9];
  "92" -> "91" [color="#ff4444", label=rhs, fontcolor="#cccccc", fontsize=9];
  "92" [label="const 0x1:u32", shape=ellipse, fillcolor="#2d2d2d"];
  "89" [label="Add:u32", shape=box, fillcolor="#2d2d2d"];
  "93" -> "89" [color="#4488ff", label=lhs, fontcolor="#cccccc", fontsize=9];
  "78" -> "89" [color="#ff4444", label=rhs, fontcolor="#cccccc", fontsize=9];
  "93" [label="Add:u32", shape=box, fillcolor="#2d2d2d"];
  "60" -> "93" [color="#4488ff", label=lhs, fontcolor="#cccccc", fontsize=9];
  "94" -> "93" [color="#ff4444", label=rhs, fontcolor="#cccccc", fontsize=9];
  "94" [label="const 0xffffffc0:u32", shape=ellipse, fillcolor="#2d2d2d"];
  "88" [label="Store u32\n→ ram", shape=box3d, fillcolor="#102030"];
  "95" -> "88" [color="#cc88aa", label=mem, fontcolor="#cccccc", fontsize=9];
  "96" -> "88" [color="#cc88ff", label=addr, fontcolor="#cccccc", fontsize=9];
  "97" -> "88" [color="#ff8800", label=data, fontcolor="#cccccc", fontsize=9];
  "97" [label="Mul:u32", shape=box, fillcolor="#2d2d2d"];
  "45" -> "97" [color="#4488ff", label=lhs, fontcolor="#cccccc", fontsize=9];
  "45" -> "97" [color="#ff4444", label=rhs, fontcolor="#cccccc", fontsize=9];
  "96" [label="Add:u32", shape=box, fillcolor="#2d2d2d"];
  "67" -> "96" [color="#4488ff", label=lhs, fontcolor="#cccccc", fontsize=9];
  "78" -> "96" [color="#ff4444", label=rhs, fontcolor="#cccccc", fontsize=9];
  "95" [label="φ Mem", shape=house, fillcolor="#163030"];
  "14" -> "95" [color="#dddddd", label=phi, fontcolor="#cccccc", fontsize=9];
  "71" -> "95" [color="#cc88aa", label=mem, fontcolor="#cccccc", fontsize=9];
  "62" -> "95" [color="#cc88aa", label=mem, fontcolor="#cccccc", fontsize=9];
  "62" [label="StackStore u32\n→ ram[sp - 8]", shape=box3d, fillcolor="#20182a"];
  "98" -> "62" [color="#cc88aa", label=mem, fontcolor="#cccccc", fontsize=9];
  "v99" [label="init\nESP", shape=Mdiamond, fillcolor="#1a3a5c"];
  "v99" -> "62" [color="#cc88ff", label=sp, fontcolor="#cccccc", fontsize=9];
  "100" -> "62" [color="#ff8800", label=data, fontcolor="#cccccc", fontsize=9];
  "100" [label="const 0x0:u32", shape=ellipse, fillcolor="#2d2d2d"];
  "98" [label="StackStore u32\n→ ram[sp - 12]", shape=box3d, fillcolor="#20182a"];
  "101" -> "98" [color="#cc88aa", label=mem, fontcolor="#cccccc", fontsize=9];
  "v102" [label="init\nESP", shape=Mdiamond, fillcolor="#1a3a5c"];
  "v102" -> "98" [color="#cc88ff", label=sp, fontcolor="#cccccc", fontsize=9];
  "103" -> "98" [color="#ff8800", label=data, fontcolor="#cccccc", fontsize=9];
  "103" [label="const 0x0:u32", shape=ellipse, fillcolor="#2d2d2d"];
  "101" [label="StackStore u32\n→ ram[sp - 16]", shape=box3d, fillcolor="#20182a"];
  "104" -> "101" [color="#cc88aa", label=mem, fontcolor="#cccccc", fontsize=9];
  "v105" [label="init\nESP", shape=Mdiamond, fillcolor="#1a3a5c"];
  "v105" -> "101" [color="#cc88ff", label=sp, fontcolor="#cccccc", fontsize=9];
  "106" -> "101" [color="#ff8800", label=data, fontcolor="#cccccc", fontsize=9];
  "106" [label="const 0x0:u32", shape=ellipse, fillcolor="#2d2d2d"];
  "104" [label="StackStore u32\n→ ram[sp - 20]", shape=box3d, fillcolor="#20182a"];
  "107" -> "104" [color="#cc88aa", label=mem, fontcolor="#cccccc", fontsize=9];
  "v108" [label="init\nESP", shape=Mdiamond, fillcolor="#1a3a5c"];
  "v108" -> "104" [color="#cc88ff", label=sp, fontcolor="#cccccc", fontsize=9];
  "109" -> "104" [color="#ff8800", label=data, fontcolor="#cccccc", fontsize=9];
  "109" [label="const 0x0:u32", shape=ellipse, fillcolor="#2d2d2d"];
  "107" [label="StackStore u32\n→ ram[sp - 24]", shape=box3d, fillcolor="#20182a"];
  "110" -> "107" [color="#cc88aa", label=mem, fontcolor="#cccccc", fontsize=9];
  "v111" [label="init\nESP", shape=Mdiamond, fillcolor="#1a3a5c"];
  "v111" -> "107" [color="#cc88ff", label=sp, fontcolor="#cccccc", fontsize=9];
  "112" -> "107" [color="#ff8800", label=data, fontcolor="#cccccc", fontsize=9];
  "112" [label="const 0x0:u32", shape=ellipse, fillcolor="#2d2d2d"];
  "110" [label="StackStore u32\n→ ram[sp - 28]", shape=box3d, fillcolor="#20182a"];
  "113" -> "110" [color="#cc88aa", label=mem, fontcolor="#cccccc", fontsize=9];
  "v114" [label="init\nESP", shape=Mdiamond, fillcolor="#1a3a5c"];
  "v114" -> "110" [color="#cc88ff", label=sp, fontcolor="#cccccc", fontsize=9];
  "115" -> "110" [color="#ff8800", label=data, fontcolor="#cccccc", fontsize=9];
  "115" [label="const 0x0:u32", shape=ellipse, fillcolor="#2d2d2d"];
  "113" [label="StackStore u32\n→ ram[sp - 32]", shape=box3d, fillcolor="#20182a"];
  "116" -> "113" [color="#cc88aa", label=mem, fontcolor="#cccccc", fontsize=9];
  "v117" [label="init\nESP", shape=Mdiamond, fillcolor="#1a3a5c"];
  "v117" -> "113" [color="#cc88ff", label=sp, fontcolor="#cccccc", fontsize=9];
  "118" -> "113" [color="#ff8800", label=data, fontcolor="#cccccc", fontsize=9];
  "118" [label="const 0x0:u32", shape=ellipse, fillcolor="#2d2d2d"];
  "116" [label="StackStore u32\n→ ram[sp - 36]", shape=box3d, fillcolor="#20182a"];
  "119" -> "116" [color="#cc88aa", label=mem, fontcolor="#cccccc", fontsize=9];
  "v120" [label="init\nESP", shape=Mdiamond, fillcolor="#1a3a5c"];
  "v120" -> "116" [color="#cc88ff", label=sp, fontcolor="#cccccc", fontsize=9];
  "121" -> "116" [color="#ff8800", label=data, fontcolor="#cccccc", fontsize=9];
  "121" [label="const 0x0:u32", shape=ellipse, fillcolor="#2d2d2d"];
  "119" [label="StackStore u32\n→ ram[sp - 40]", shape=box3d, fillcolor="#20182a"];
  "122" -> "119" [color="#cc88aa", label=mem, fontcolor="#cccccc", fontsize=9];
  "v123" [label="init\nESP", shape=Mdiamond, fillcolor="#1a3a5c"];
  "v123" -> "119" [color="#cc88ff", label=sp, fontcolor="#cccccc", fontsize=9];
  "124" -> "119" [color="#ff8800", label=data, fontcolor="#cccccc", fontsize=9];
  "124" [label="const 0x0:u32", shape=ellipse, fillcolor="#2d2d2d"];
  "122" [label="StackStore u32\n→ ram[sp - 44]", shape=box3d, fillcolor="#20182a"];
  "125" -> "122" [color="#cc88aa", label=mem, fontcolor="#cccccc", fontsize=9];
  "v126" [label="init\nESP", shape=Mdiamond, fillcolor="#1a3a5c"];
  "v126" -> "122" [color="#cc88ff", label=sp, fontcolor="#cccccc", fontsize=9];
  "127" -> "122" [color="#ff8800", label=data, fontcolor="#cccccc", fontsize=9];
  "127" [label="const 0x0:u32", shape=ellipse, fillcolor="#2d2d2d"];
  "125" [label="StackStore u32\n→ ram[sp - 48]", shape=box3d, fillcolor="#20182a"];
  "128" -> "125" [color="#cc88aa", label=mem, fontcolor="#cccccc", fontsize=9];
  "v129" [label="init\nESP", shape=Mdiamond, fillcolor="#1a3a5c"];
  "v129" -> "125" [color="#cc88ff", label=sp, fontcolor="#cccccc", fontsize=9];
  "130" -> "125" [color="#ff8800", label=data, fontcolor="#cccccc", fontsize=9];
  "130" [label="const 0x0:u32", shape=ellipse, fillcolor="#2d2d2d"];
  "128" [label="StackStore u32\n→ ram[sp - 52]", shape=box3d, fillcolor="#20182a"];
  "131" -> "128" [color="#cc88aa", label=mem, fontcolor="#cccccc", fontsize=9];
  "v132" [label="init\nESP", shape=Mdiamond, fillcolor="#1a3a5c"];
  "v132" -> "128" [color="#cc88ff", label=sp, fontcolor="#cccccc", fontsize=9];
  "133" -> "128" [color="#ff8800", label=data, fontcolor="#cccccc", fontsize=9];
  "133" [label="const 0x0:u32", shape=ellipse, fillcolor="#2d2d2d"];
  "131" [label="StackStore u32\n→ ram[sp - 56]", shape=box3d, fillcolor="#20182a"];
  "134" -> "131" [color="#cc88aa", label=mem, fontcolor="#cccccc", fontsize=9];
  "v135" [label="init\nESP", shape=Mdiamond, fillcolor="#1a3a5c"];
  "v135" -> "131" [color="#cc88ff", label=sp, fontcolor="#cccccc", fontsize=9];
  "136" -> "131" [color="#ff8800", label=data, fontcolor="#cccccc", fontsize=9];
  "136" [label="const 0x0:u32", shape=ellipse, fillcolor="#2d2d2d"];
  "134" [label="StackStore u32\n→ ram[sp - 60]", shape=box3d, fillcolor="#20182a"];
  "137" -> "134" [color="#cc88aa", label=mem, fontcolor="#cccccc", fontsize=9];
  "v138" [label="init\nESP", shape=Mdiamond, fillcolor="#1a3a5c"];
  "v138" -> "134" [color="#cc88ff", label=sp, fontcolor="#cccccc", fontsize=9];
  "139" -> "134" [color="#ff8800", label=data, fontcolor="#cccccc", fontsize=9];
  "139" [label="const 0x0:u32", shape=ellipse, fillcolor="#2d2d2d"];
  "137" [label="StackStore u32\n→ ram[sp - 64]", shape=box3d, fillcolor="#20182a"];
  "140" -> "137" [color="#cc88aa", label=mem, fontcolor="#cccccc", fontsize=9];
  "v141" [label="init\nESP", shape=Mdiamond, fillcolor="#1a3a5c"];
  "v141" -> "137" [color="#cc88ff", label=sp, fontcolor="#cccccc", fontsize=9];
  "142" -> "137" [color="#ff8800", label=data, fontcolor="#cccccc", fontsize=9];
  "142" [label="const 0x0:u32", shape=ellipse, fillcolor="#2d2d2d"];
  "140" [label="StackStore u32\n→ ram[sp - 68]", shape=box3d, fillcolor="#20182a"];
  "143" -> "140" [color="#cc88aa", label=mem, fontcolor="#cccccc", fontsize=9];
  "v144" [label="init\nESP", shape=Mdiamond, fillcolor="#1a3a5c"];
  "v144" -> "140" [color="#cc88ff", label=sp, fontcolor="#cccccc", fontsize=9];
  "145" -> "140" [color="#ff8800", label=data, fontcolor="#cccccc", fontsize=9];
  "145" [label="const 0x0:u32", shape=ellipse, fillcolor="#2d2d2d"];
  "143" [label="StackStore u32\n→ ram[sp - 4]", shape=box3d, fillcolor="#20182a"];
  "146" -> "143" [color="#cc88aa", label=mem, fontcolor="#cccccc", fontsize=9];
  "v147" [label="init\nESP", shape=Mdiamond, fillcolor="#1a3a5c"];
  "v147" -> "143" [color="#cc88ff", label=sp, fontcolor="#cccccc", fontsize=9];
  "148" -> "143" [color="#ff8800", label=data, fontcolor="#cccccc", fontsize=9];
  "148" [label="init\nESI", shape=Mdiamond, fillcolor="#1a3a5c"];
  "146" [label="InitialMemory", shape=Mdiamond, fillcolor="#1a3a5c"];
  "57" [label="Add:u32", shape=box, fillcolor="#2d2d2d"];
  "149" -> "57" [color="#4488ff", label=lhs, fontcolor="#cccccc", fontsize=9];
  "150" -> "57" [color="#ff4444", label=rhs, fontcolor="#cccccc", fontsize=9];
  "150" [label="Load u32\n← ram", shape=box3d, fillcolor="#102030"];
  "31" -> "150" [color="#cc88aa", label=mem, fontcolor="#cccccc", fontsize=9];
  "151" -> "150" [color="#cc88ff", label=addr, fontcolor="#cccccc", fontsize=9];
  "151" [label="Add:u32", shape=box, fillcolor="#2d2d2d"];
  "60" -> "151" [color="#4488ff", label=lhs, fontcolor="#cccccc", fontsize=9];
  "152" -> "151" [color="#ff4444", label=rhs, fontcolor="#cccccc", fontsize=9];
  "152" [label="const 0xfffffff4:u32", shape=ellipse, fillcolor="#2d2d2d"];
  "149" [label="Add:u32", shape=box, fillcolor="#2d2d2d"];
  "153" -> "149" [color="#4488ff", label=lhs, fontcolor="#cccccc", fontsize=9];
  "154" -> "149" [color="#ff4444", label=rhs, fontcolor="#cccccc", fontsize=9];
  "154" [label="Load u32\n← ram", shape=box3d, fillcolor="#102030"];
  "31" -> "154" [color="#cc88aa", label=mem, fontcolor="#cccccc", fontsize=9];
  "155" -> "154" [color="#cc88ff", label=addr, fontcolor="#cccccc", fontsize=9];
  "155" [label="Add:u32", shape=box, fillcolor="#2d2d2d"];
  "60" -> "155" [color="#4488ff", label=lhs, fontcolor="#cccccc", fontsize=9];
  "156" -> "155" [color="#ff4444", label=rhs, fontcolor="#cccccc", fontsize=9];
  "156" [label="const 0xfffffff0:u32", shape=ellipse, fillcolor="#2d2d2d"];
  "153" [label="Add:u32", shape=box, fillcolor="#2d2d2d"];
  "157" -> "153" [color="#4488ff", label=lhs, fontcolor="#cccccc", fontsize=9];
  "158" -> "153" [color="#ff4444", label=rhs, fontcolor="#cccccc", fontsize=9];
  "158" [label="Load u32\n← ram", shape=box3d, fillcolor="#102030"];
  "31" -> "158" [color="#cc88aa", label=mem, fontcolor="#cccccc", fontsize=9];
  "159" -> "158" [color="#cc88ff", label=addr, fontcolor="#cccccc", fontsize=9];
  "159" [label="Add:u32", shape=box, fillcolor="#2d2d2d"];
  "60" -> "159" [color="#4488ff", label=lhs, fontcolor="#cccccc", fontsize=9];
  "160" -> "159" [color="#ff4444", label=rhs, fontcolor="#cccccc", fontsize=9];
  "160" [label="const 0xffffffec:u32", shape=ellipse, fillcolor="#2d2d2d"];
  "157" [label="Add:u32", shape=box, fillcolor="#2d2d2d"];
  "161" -> "157" [color="#4488ff", label=lhs, fontcolor="#cccccc", fontsize=9];
  "162" -> "157" [color="#ff4444", label=rhs, fontcolor="#cccccc", fontsize=9];
  "162" [label="Load u32\n← ram", shape=box3d, fillcolor="#102030"];
  "31" -> "162" [color="#cc88aa", label=mem, fontcolor="#cccccc", fontsize=9];
  "163" -> "162" [color="#cc88ff", label=addr, fontcolor="#cccccc", fontsize=9];
  "163" [label="Add:u32", shape=box, fillcolor="#2d2d2d"];
  "60" -> "163" [color="#4488ff", label=lhs, fontcolor="#cccccc", fontsize=9];
  "164" -> "163" [color="#ff4444", label=rhs, fontcolor="#cccccc", fontsize=9];
  "164" [label="const 0xffffffe8:u32", shape=ellipse, fillcolor="#2d2d2d"];
  "161" [label="Add:u32", shape=box, fillcolor="#2d2d2d"];
  "165" -> "161" [color="#4488ff", label=lhs, fontcolor="#cccccc", fontsize=9];
  "166" -> "161" [color="#ff4444", label=rhs, fontcolor="#cccccc", fontsize=9];
  "166" [label="Load u32\n← ram", shape=box3d, fillcolor="#102030"];
  "31" -> "166" [color="#cc88aa", label=mem, fontcolor="#cccccc", fontsize=9];
  "167" -> "166" [color="#cc88ff", label=addr, fontcolor="#cccccc", fontsize=9];
  "167" [label="Add:u32", shape=box, fillcolor="#2d2d2d"];
  "60" -> "167" [color="#4488ff", label=lhs, fontcolor="#cccccc", fontsize=9];
  "168" -> "167" [color="#ff4444", label=rhs, fontcolor="#cccccc", fontsize=9];
  "168" [label="const 0xffffffe4:u32", shape=ellipse, fillcolor="#2d2d2d"];
  "165" [label="Add:u32", shape=box, fillcolor="#2d2d2d"];
  "169" -> "165" [color="#4488ff", label=lhs, fontcolor="#cccccc", fontsize=9];
  "170" -> "165" [color="#ff4444", label=rhs, fontcolor="#cccccc", fontsize=9];
  "170" [label="Load u32\n← ram", shape=box3d, fillcolor="#102030"];
  "31" -> "170" [color="#cc88aa", label=mem, fontcolor="#cccccc", fontsize=9];
  "171" -> "170" [color="#cc88ff", label=addr, fontcolor="#cccccc", fontsize=9];
  "171" [label="Add:u32", shape=box, fillcolor="#2d2d2d"];
  "60" -> "171" [color="#4488ff", label=lhs, fontcolor="#cccccc", fontsize=9];
  "172" -> "171" [color="#ff4444", label=rhs, fontcolor="#cccccc", fontsize=9];
  "172" [label="const 0xffffffe0:u32", shape=ellipse, fillcolor="#2d2d2d"];
  "169" [label="Add:u32", shape=box, fillcolor="#2d2d2d"];
  "173" -> "169" [color="#4488ff", label=lhs, fontcolor="#cccccc", fontsize=9];
  "174" -> "169" [color="#ff4444", label=rhs, fontcolor="#cccccc", fontsize=9];
  "174" [label="Load u32\n← ram", shape=box3d, fillcolor="#102030"];
  "31" -> "174" [color="#cc88aa", label=mem, fontcolor="#cccccc", fontsize=9];
  "175" -> "174" [color="#cc88ff", label=addr, fontcolor="#cccccc", fontsize=9];
  "175" [label="Add:u32", shape=box, fillcolor="#2d2d2d"];
  "60" -> "175" [color="#4488ff", label=lhs, fontcolor="#cccccc", fontsize=9];
  "176" -> "175" [color="#ff4444", label=rhs, fontcolor="#cccccc", fontsize=9];
  "176" [label="const 0xffffffdc:u32", shape=ellipse, fillcolor="#2d2d2d"];
  "173" [label="Add:u32", shape=box, fillcolor="#2d2d2d"];
  "177" -> "173" [color="#4488ff", label=lhs, fontcolor="#cccccc", fontsize=9];
  "178" -> "173" [color="#ff4444", label=rhs, fontcolor="#cccccc", fontsize=9];
  "178" [label="Load u32\n← ram", shape=box3d, fillcolor="#102030"];
  "31" -> "178" [color="#cc88aa", label=mem, fontcolor="#cccccc", fontsize=9];
  "179" -> "178" [color="#cc88ff", label=addr, fontcolor="#cccccc", fontsize=9];
  "179" [label="Add:u32", shape=box, fillcolor="#2d2d2d"];
  "60" -> "179" [color="#4488ff", label=lhs, fontcolor="#cccccc", fontsize=9];
  "180" -> "179" [color="#ff4444", label=rhs, fontcolor="#cccccc", fontsize=9];
  "180" [label="const 0xffffffd8:u32", shape=ellipse, fillcolor="#2d2d2d"];
  "177" [label="Add:u32", shape=box, fillcolor="#2d2d2d"];
  "181" -> "177" [color="#4488ff", label=lhs, fontcolor="#cccccc", fontsize=9];
  "182" -> "177" [color="#ff4444", label=rhs, fontcolor="#cccccc", fontsize=9];
  "182" [label="Load u32\n← ram", shape=box3d, fillcolor="#102030"];
  "31" -> "182" [color="#cc88aa", label=mem, fontcolor="#cccccc", fontsize=9];
  "183" -> "182" [color="#cc88ff", label=addr, fontcolor="#cccccc", fontsize=9];
  "183" [label="Add:u32", shape=box, fillcolor="#2d2d2d"];
  "60" -> "183" [color="#4488ff", label=lhs, fontcolor="#cccccc", fontsize=9];
  "184" -> "183" [color="#ff4444", label=rhs, fontcolor="#cccccc", fontsize=9];
  "184" [label="const 0xffffffd4:u32", shape=ellipse, fillcolor="#2d2d2d"];
  "181" [label="Add:u32", shape=box, fillcolor="#2d2d2d"];
  "185" -> "181" [color="#4488ff", label=lhs, fontcolor="#cccccc", fontsize=9];
  "186" -> "181" [color="#ff4444", label=rhs, fontcolor="#cccccc", fontsize=9];
  "186" [label="Load u32\n← ram", shape=box3d, fillcolor="#102030"];
  "31" -> "186" [color="#cc88aa", label=mem, fontcolor="#cccccc", fontsize=9];
  "187" -> "186" [color="#cc88ff", label=addr, fontcolor="#cccccc", fontsize=9];
  "187" [label="Add:u32", shape=box, fillcolor="#2d2d2d"];
  "60" -> "187" [color="#4488ff", label=lhs, fontcolor="#cccccc", fontsize=9];
  "188" -> "187" [color="#ff4444", label=rhs, fontcolor="#cccccc", fontsize=9];
  "188" [label="const 0xffffffd0:u32", shape=ellipse, fillcolor="#2d2d2d"];
  "185" [label="Add:u32", shape=box, fillcolor="#2d2d2d"];
  "189" -> "185" [color="#4488ff", label=lhs, fontcolor="#cccccc", fontsize=9];
  "190" -> "185" [color="#ff4444", label=rhs, fontcolor="#cccccc", fontsize=9];
  "190" [label="Load u32\n← ram", shape=box3d, fillcolor="#102030"];
  "31" -> "190" [color="#cc88aa", label=mem, fontcolor="#cccccc", fontsize=9];
  "191" -> "190" [color="#cc88ff", label=addr, fontcolor="#cccccc", fontsize=9];
  "191" [label="Add:u32", shape=box, fillcolor="#2d2d2d"];
  "60" -> "191" [color="#4488ff", label=lhs, fontcolor="#cccccc", fontsize=9];
  "192" -> "191" [color="#ff4444", label=rhs, fontcolor="#cccccc", fontsize=9];
  "192" [label="const 0xffffffcc:u32", shape=ellipse, fillcolor="#2d2d2d"];
  "189" [label="Add:u32", shape=box, fillcolor="#2d2d2d"];
  "193" -> "189" [color="#4488ff", label=lhs, fontcolor="#cccccc", fontsize=9];
  "194" -> "189" [color="#ff4444", label=rhs, fontcolor="#cccccc", fontsize=9];
  "194" [label="Load u32\n← ram", shape=box3d, fillcolor="#102030"];
  "31" -> "194" [color="#cc88aa", label=mem, fontcolor="#cccccc", fontsize=9];
  "77" -> "194" [color="#cc88ff", label=addr, fontcolor="#cccccc", fontsize=9];
  "193" [label="Add:u32", shape=box, fillcolor="#2d2d2d"];
  "195" -> "193" [color="#4488ff", label=lhs, fontcolor="#cccccc", fontsize=9];
  "196" -> "193" [color="#ff4444", label=rhs, fontcolor="#cccccc", fontsize=9];
  "196" [label="Load u32\n← ram", shape=box3d, fillcolor="#102030"];
  "31" -> "196" [color="#cc88aa", label=mem, fontcolor="#cccccc", fontsize=9];
  "86" -> "196" [color="#cc88ff", label=addr, fontcolor="#cccccc", fontsize=9];
  "195" [label="Add:u32", shape=box, fillcolor="#2d2d2d"];
  "197" -> "195" [color="#4488ff", label=lhs, fontcolor="#cccccc", fontsize=9];
  "198" -> "195" [color="#ff4444", label=rhs, fontcolor="#cccccc", fontsize=9];
  "198" [label="Load u32\n← ram", shape=box3d, fillcolor="#102030"];
  "31" -> "198" [color="#cc88aa", label=mem, fontcolor="#cccccc", fontsize=9];
  "93" -> "198" [color="#cc88ff", label=addr, fontcolor="#cccccc", fontsize=9];
  "197" [label="Load u32\n← ram", shape=box3d, fillcolor="#102030"];
  "31" -> "197" [color="#cc88aa", label=mem, fontcolor="#cccccc", fontsize=9];
  "67" -> "197" [color="#cc88ff", label=addr, fontcolor="#cccccc", fontsize=9];
  "28" [label="Equal\nu32 → bool", shape=box, fillcolor="#2d2d2d"];
  "199" -> "28" [color="#4488ff", label=lhs, fontcolor="#cccccc", fontsize=9];
  "200" -> "28" [color="#ff4444", label=rhs, fontcolor="#cccccc", fontsize=9];
  "200" [label="const 0x0:u32", shape=ellipse, fillcolor="#2d2d2d"];
  "199" [label="Add:u32", shape=box, fillcolor="#2d2d2d"];
  "201" -> "199" [color="#4488ff", label=lhs, fontcolor="#cccccc", fontsize=9];
  "202" -> "199" [color="#ff4444", label=rhs, fontcolor="#cccccc", fontsize=9];
  "202" [label="const 0xffffffff:u32", shape=ellipse, fillcolor="#2d2d2d"];
  "201" [label="φ EAX", shape=house, fillcolor="#163030"];
  "24" -> "201" [color="#dddddd", label=phi, fontcolor="#cccccc", fontsize=9];
  "203" -> "201" [color="#dddddd", label=in, fontcolor="#cccccc", fontsize=9];
  "199" -> "201" [color="#dddddd", label=in, fontcolor="#cccccc", fontsize=9];
  "203" [label="And:u32", shape=box, fillcolor="#2d2d2d"];
  "48" -> "203" [color="#4488ff", label=lhs, fontcolor="#cccccc", fontsize=9];
  "204" -> "203" [color="#ff4444", label=rhs, fontcolor="#cccccc", fontsize=9];
  "204" [label="const 0x3:u32", shape=ellipse, fillcolor="#2d2d2d"];
  "23" [label="Equal\nu32 → bool", shape=box, fillcolor="#2d2d2d"];
  "203" -> "23" [color="#4488ff", label=lhs, fontcolor="#cccccc", fontsize=9];
  "205" -> "23" [color="#ff4444", label=rhs, fontcolor="#cccccc", fontsize=9];
  "205" [label="const 0x0:u32", shape=ellipse, fillcolor="#2d2d2d"];
  "18" [label="Equal\nu32 → bool", shape=box, fillcolor="#2d2d2d"];
  "49" -> "18" [color="#4488ff", label=lhs, fontcolor="#cccccc", fontsize=9];
  "44" -> "18" [color="#ff4444", label=rhs, fontcolor="#cccccc", fontsize=9];
  "13" [label="Less\nu32 → bool", shape=box, fillcolor="#2d2d2d"];
  "51" -> "13" [color="#4488ff", label=lhs, fontcolor="#cccccc", fontsize=9];
  "206" -> "13" [color="#ff4444", label=rhs, fontcolor="#cccccc", fontsize=9];
  "206" [label="const 0x3:u32", shape=ellipse, fillcolor="#2d2d2d"];
  "8" [label="Less\nu32 → bool", shape=box, fillcolor="#2d2d2d"];
  "54" -> "8" [color="#4488ff", label=lhs, fontcolor="#cccccc", fontsize=9];
  "207" -> "8" [color="#ff4444", label=rhs, fontcolor="#cccccc", fontsize=9];
  "207" [label="const 0xf:u32", shape=ellipse, fillcolor="#2d2d2d"];
  "4" [label="Or:bool", shape=box, fillcolor="#2d2d2d"];
  "208" -> "4" [color="#4488ff", label=lhs, fontcolor="#cccccc", fontsize=9];
  "209" -> "4" [color="#ff4444", label=rhs, fontcolor="#cccccc", fontsize=9];
  "209" [label="Sless\nu32 → bool", shape=box, fillcolor="#2d2d2d"];
  "55" -> "209" [color="#4488ff", label=lhs, fontcolor="#cccccc", fontsize=9];
  "210" -> "209" [color="#ff4444", label=rhs, fontcolor="#cccccc", fontsize=9];
  "210" [label="const 0x0:u32", shape=ellipse, fillcolor="#2d2d2d"];
  "208" [label="Equal\nu32 → bool", shape=box, fillcolor="#2d2d2d"];
  "55" -> "208" [color="#4488ff", label=lhs, fontcolor="#cccccc", fontsize=9];
  "211" -> "208" [color="#ff4444", label=rhs, fontcolor="#cccccc", fontsize=9];
  "211" [label="const 0x0:u32", shape=ellipse, fillcolor="#2d2d2d"];
}
