---
source: crates/strider/tests/v3_baseline.rs
expression: snapshot_body
---
digraph "G" {
  graph [
    rankdir=TB,
    bgcolor="#1e1e1e",
    fontcolor=white,
  ];

  node [
    shape=box,
    style="filled,rounded",
    fillcolor="#2d2d2d",
    color="#888888",
    fontcolor=white,
    fontname=monospace,
    margin=0.2,
  ];

  edge [
    color="#aaaaaa",
    fontcolor=white,
    penwidth=1.2,
  ];

  "0" [label="Entry", shape=Mdiamond, fillcolor="#1a3a5c"];
  "1" [label="ControlState", shape=invhouse, fillcolor="#2a1a4a"];
  "v2" [label="if.false", shape=trapezium, fillcolor="#3a2a10"];
  "v2" -> "1" [color="#00cccc", label=ctrl, fontcolor="#cccccc", fontsize=9];
  "0" -> "1" [color="#00cccc", label=ctrl, fontcolor="#cccccc", fontsize=9];
  "3" [label="If", shape=diamond, fillcolor="#3a2a10"];
  "v4" [label="if.true", shape=trapezium, fillcolor="#3a2a10"];
  "3" -> "v4" [color="#00cccc", label=true, fontcolor="#cccccc", fontsize=9];
  "3" -> "v2" [color="#00cccc", label=false, fontcolor="#cccccc", fontsize=9];
  "1" -> "3" [color="#00cccc", label=ctrl, fontcolor="#cccccc", fontsize=9];
  "5" -> "3" [color="#ff44ff", label=cond, fontcolor="#cccccc", fontsize=9];
  "6" [label="ControlState", shape=invhouse, fillcolor="#2a1a4a"];
  "v7" [label="if.false", shape=trapezium, fillcolor="#3a2a10"];
  "v7" -> "6" [color="#00cccc", label=ctrl, fontcolor="#cccccc", fontsize=9];
  "v4" -> "6" [color="#00cccc", label=ctrl, fontcolor="#cccccc", fontsize=9];
  "8" [label="If", shape=diamond, fillcolor="#3a2a10"];
  "v9" [label="if.true", shape=trapezium, fillcolor="#3a2a10"];
  "8" -> "v9" [color="#00cccc", label=true, fontcolor="#cccccc", fontsize=9];
  "v10" [label="if.false", shape=trapezium, fillcolor="#3a2a10"];
  "8" -> "v10" [color="#00cccc", label=false, fontcolor="#cccccc", fontsize=9];
  "6" -> "8" [color="#00cccc", label=ctrl, fontcolor="#cccccc", fontsize=9];
  "11" -> "8" [color="#ff44ff", label=cond, fontcolor="#cccccc", fontsize=9];
  "12" [label="ControlState", shape=invhouse, fillcolor="#2a1a4a"];
  "v10" -> "12" [color="#00cccc", label=ctrl, fontcolor="#cccccc", fontsize=9];
  "13" -> "12" [color="#00cccc", label=ctrl, fontcolor="#cccccc", fontsize=9];
  "14" [label="If", shape=diamond, fillcolor="#3a2a10"];
  "v15" [label="if.true", shape=trapezium, fillcolor="#3a2a10"];
  "14" -> "v15" [color="#00cccc", label=true, fontcolor="#cccccc", fontsize=9];
  "14" -> "v7" [color="#00cccc", label=false, fontcolor="#cccccc", fontsize=9];
  "12" -> "14" [color="#00cccc", label=ctrl, fontcolor="#cccccc", fontsize=9];
  "16" -> "14" [color="#ff44ff", label=cond, fontcolor="#cccccc", fontsize=9];
  "17" [label="ControlState", shape=invhouse, fillcolor="#2a1a4a"];
  "v18" [label="if.false", shape=trapezium, fillcolor="#3a2a10"];
  "v18" -> "17" [color="#00cccc", label=ctrl, fontcolor="#cccccc", fontsize=9];
  "v15" -> "17" [color="#00cccc", label=ctrl, fontcolor="#cccccc", fontsize=9];
  "19" [label="If", shape=diamond, fillcolor="#3a2a10"];
  "v20" [label="if.true", shape=trapezium, fillcolor="#3a2a10"];
  "19" -> "v20" [color="#00cccc", label=true, fontcolor="#cccccc", fontsize=9];
  "19" -> "v18" [color="#00cccc", label=false, fontcolor="#cccccc", fontsize=9];
  "17" -> "19" [color="#00cccc", label=ctrl, fontcolor="#cccccc", fontsize=9];
  "21" -> "19" [color="#ff44ff", label=cond, fontcolor="#cccccc", fontsize=9];
  "22" [label="Return", shape=doublecircle, fillcolor="#103a10"];
  "v20" -> "22" [color="#00cccc", label=ctrl, fontcolor="#cccccc", fontsize=9];
  "23" -> "22" [color="#cc88aa", label=mem, fontcolor="#cccccc", fontsize=9];
  "24" -> "22" [color="#88cc88", label=r0, fontcolor="#cccccc", fontsize=9];
  "25" -> "22" [color="#88cc88", label=r1, fontcolor="#cccccc", fontsize=9];
  "26" -> "22" [color="#88cc88", label=d0, fontcolor="#cccccc", fontsize=9];
  "27" -> "22" [color="#88cc88", label=d1, fontcolor="#cccccc", fontsize=9];
  "27" [label="init\nd1", shape=Mdiamond, fillcolor="#1a3a5c"];
  "26" [label="init\nd0", shape=Mdiamond, fillcolor="#1a3a5c"];
  "25" [label="φ r1", shape=house, fillcolor="#163030"];
  "17" -> "25" [color="#dddddd", label=phi, fontcolor="#cccccc", fontsize=9];
  "28" -> "25" [color="#dddddd", label=in, fontcolor="#cccccc", fontsize=9];
  "29" -> "25" [color="#dddddd", label=in, fontcolor="#cccccc", fontsize=9];
  "29" [label="φ r1", shape=house, fillcolor="#163030"];
  "12" -> "29" [color="#dddddd", label=phi, fontcolor="#cccccc", fontsize=9];
  "30" -> "29" [color="#dddddd", label=in, fontcolor="#cccccc", fontsize=9];
  "31" -> "29" [color="#dddddd", label=in, fontcolor="#cccccc", fontsize=9];
  "31" [label="φ Val", shape=house, fillcolor="#163030"];
  "6" -> "31" [color="#dddddd", label=phi, fontcolor="#cccccc", fontsize=9];
  "32" -> "31" [color="#dddddd", label=in, fontcolor="#cccccc", fontsize=9];
  "33" -> "31" [color="#dddddd", label=in, fontcolor="#cccccc", fontsize=9];
  "33" [label="const 0x0:u32", shape=ellipse, fillcolor="#2d2d2d"];
  "32" [label="Add:u32", shape=box, fillcolor="#2d2d2d"];
  "34" -> "32" [color="#4488ff", label=lhs, fontcolor="#cccccc", fontsize=9];
  "35" -> "32" [color="#ff4444", label=rhs, fontcolor="#cccccc", fontsize=9];
  "35" [label="const 0x1:u32", shape=ellipse, fillcolor="#2d2d2d"];
  "34" [label="Load u32\n← ram", shape=box3d, fillcolor="#102030"];
  "36" -> "34" [color="#cc88aa", label=mem, fontcolor="#cccccc", fontsize=9];
  "37" -> "34" [color="#cc88ff", label=addr, fontcolor="#cccccc", fontsize=9];
  "37" [label="Add:u32", shape=box, fillcolor="#2d2d2d"];
  "38" -> "37" [color="#4488ff", label=lhs, fontcolor="#cccccc", fontsize=9];
  "39" -> "37" [color="#ff4444", label=rhs, fontcolor="#cccccc", fontsize=9];
  "39" [label="const 0xffffffb4:u32", shape=ellipse, fillcolor="#2d2d2d"];
  "38" [label="init\nsp", shape=Mdiamond, fillcolor="#1a3a5c"];
  "36" [label="Store u32\n→ ram", shape=box3d, fillcolor="#102030"];
  "40" -> "36" [color="#cc88aa", label=mem, fontcolor="#cccccc", fontsize=9];
  "41" -> "36" [color="#cc88ff", label=addr, fontcolor="#cccccc", fontsize=9];
  "42" -> "36" [color="#ff8800", label=data, fontcolor="#cccccc", fontsize=9];
  "42" [label="Mul:u32", shape=box, fillcolor="#2d2d2d"];
  "43" -> "42" [color="#4488ff", label=lhs, fontcolor="#cccccc", fontsize=9];
  "43" -> "42" [color="#ff4444", label=rhs, fontcolor="#cccccc", fontsize=9];
  "43" [label="Load u32\n← ram", shape=box3d, fillcolor="#102030"];
  "40" -> "43" [color="#cc88aa", label=mem, fontcolor="#cccccc", fontsize=9];
  "37" -> "43" [color="#cc88ff", label=addr, fontcolor="#cccccc", fontsize=9];
  "40" [label="φ Mem", shape=house, fillcolor="#163030"];
  "12" -> "40" [color="#dddddd", label=phi, fontcolor="#cccccc", fontsize=9];
  "44" -> "40" [color="#cc88aa", label=mem, fontcolor="#cccccc", fontsize=9];
  "45" -> "40" [color="#cc88aa", label=mem, fontcolor="#cccccc", fontsize=9];
  "45" [label="StackStore u32\n→ ram[sp - 88]", shape=box3d, fillcolor="#20182a"];
  "44" -> "45" [color="#cc88aa", label=mem, fontcolor="#cccccc", fontsize=9];
  "v46" [label="init\nsp", shape=Mdiamond, fillcolor="#1a3a5c"];
  "v46" -> "45" [color="#cc88ff", label=sp, fontcolor="#cccccc", fontsize=9];
  "47" -> "45" [color="#ff8800", label=data, fontcolor="#cccccc", fontsize=9];
  "47" [label="φ r0", shape=house, fillcolor="#163030"];
  "13" -> "47" [color="#dddddd", label=phi, fontcolor="#cccccc", fontsize=9];
  "48" -> "47" [color="#dddddd", label=in, fontcolor="#cccccc", fontsize=9];
  "48" [label="const 0x0:u32", shape=ellipse, fillcolor="#2d2d2d"];
  "49" -> "47" [color="#dddddd", label=in, fontcolor="#cccccc", fontsize=9];
  "49" [label="const 0x1:u32", shape=ellipse, fillcolor="#2d2d2d"];
  "13" [label="ControlState", shape=invhouse, fillcolor="#2a1a4a"];
  "v50" [label="if.true", shape=trapezium, fillcolor="#3a2a10"];
  "v50" -> "13" [color="#00cccc", label=ctrl, fontcolor="#cccccc", fontsize=9];
  "v51" [label="if.false", shape=trapezium, fillcolor="#3a2a10"];
  "v51" -> "13" [color="#00cccc", label=ctrl, fontcolor="#cccccc", fontsize=9];
  "52" [label="If", shape=diamond, fillcolor="#3a2a10"];
  "52" -> "v50" [color="#00cccc", label=true, fontcolor="#cccccc", fontsize=9];
  "52" -> "v51" [color="#00cccc", label=false, fontcolor="#cccccc", fontsize=9];
  "v9" -> "52" [color="#00cccc", label=ctrl, fontcolor="#cccccc", fontsize=9];
  "53" -> "52" [color="#ff44ff", label=cond, fontcolor="#cccccc", fontsize=9];
  "53" [label="Equal\nu8 → bool", shape=box, fillcolor="#2d2d2d"];
  "54" -> "53" [color="#4488ff", label=lhs, fontcolor="#cccccc", fontsize=9];
  "55" -> "53" [color="#ff4444", label=rhs, fontcolor="#cccccc", fontsize=9];
  "55" [label="Cast → u8\nfrom bool", shape=box, fillcolor="#2d2d2d"];
  "56" -> "55" [color="#88cc88", label=val, fontcolor="#cccccc", fontsize=9];
  "56" [label="Sborrow\nu32 → bool", shape=box, fillcolor="#2d2d2d"];
  "31" -> "56" [color="#4488ff", label=lhs, fontcolor="#cccccc", fontsize=9];
  "57" -> "56" [color="#ff4444", label=rhs, fontcolor="#cccccc", fontsize=9];
  "57" [label="const 0x10:u32", shape=ellipse, fillcolor="#2d2d2d"];
  "54" [label="Cast → u8\nfrom bool", shape=box, fillcolor="#2d2d2d"];
  "58" -> "54" [color="#88cc88", label=val, fontcolor="#cccccc", fontsize=9];
  "58" [label="Sless\nu32 → bool", shape=box, fillcolor="#2d2d2d"];
  "59" -> "58" [color="#4488ff", label=lhs, fontcolor="#cccccc", fontsize=9];
  "60" -> "58" [color="#ff4444", label=rhs, fontcolor="#cccccc", fontsize=9];
  "60" [label="const 0x0:u32", shape=ellipse, fillcolor="#2d2d2d"];
  "59" [label="Add:u32", shape=box, fillcolor="#2d2d2d"];
  "31" -> "59" [color="#4488ff", label=lhs, fontcolor="#cccccc", fontsize=9];
  "61" -> "59" [color="#ff4444", label=rhs, fontcolor="#cccccc", fontsize=9];
  "61" [label="const 0xfffffff0:u32", shape=ellipse, fillcolor="#2d2d2d"];
  "44" [label="StackStore u32\n→ ram[sp - 88]", shape=box3d, fillcolor="#20182a"];
  "62" -> "44" [color="#cc88aa", label=mem, fontcolor="#cccccc", fontsize=9];
  "v63" [label="init\nsp", shape=Mdiamond, fillcolor="#1a3a5c"];
  "v63" -> "44" [color="#cc88ff", label=sp, fontcolor="#cccccc", fontsize=9];
  "64" -> "44" [color="#ff8800", label=data, fontcolor="#cccccc", fontsize=9];
  "64" [label="const 0x0:u32", shape=ellipse, fillcolor="#2d2d2d"];
  "62" [label="φ Mem", shape=house, fillcolor="#163030"];
  "6" -> "62" [color="#dddddd", label=phi, fontcolor="#cccccc", fontsize=9];
  "65" -> "62" [color="#cc88aa", label=mem, fontcolor="#cccccc", fontsize=9];
  "66" -> "62" [color="#cc88aa", label=mem, fontcolor="#cccccc", fontsize=9];
  "66" [label="StackStore u32\n→ ram[sp - 76]", shape=box3d, fillcolor="#20182a"];
  "67" -> "66" [color="#cc88aa", label=mem, fontcolor="#cccccc", fontsize=9];
  "v68" [label="init\nsp", shape=Mdiamond, fillcolor="#1a3a5c"];
  "v68" -> "66" [color="#cc88ff", label=sp, fontcolor="#cccccc", fontsize=9];
  "69" -> "66" [color="#ff8800", label=data, fontcolor="#cccccc", fontsize=9];
  "69" [label="const 0x0:u32", shape=ellipse, fillcolor="#2d2d2d"];
  "67" [label="φ Mem", shape=house, fillcolor="#163030"];
  "1" -> "67" [color="#dddddd", label=phi, fontcolor="#cccccc", fontsize=9];
  "70" -> "67" [color="#cc88aa", label=mem, fontcolor="#cccccc", fontsize=9];
  "71" -> "67" [color="#cc88aa", label=mem, fontcolor="#cccccc", fontsize=9];
  "71" [label="StackStore u32\n→ ram[sp - 72]", shape=box3d, fillcolor="#20182a"];
  "72" -> "71" [color="#cc88aa", label=mem, fontcolor="#cccccc", fontsize=9];
  "v73" [label="init\nsp", shape=Mdiamond, fillcolor="#1a3a5c"];
  "v73" -> "71" [color="#cc88ff", label=sp, fontcolor="#cccccc", fontsize=9];
  "74" -> "71" [color="#ff8800", label=data, fontcolor="#cccccc", fontsize=9];
  "74" [label="const 0x0:u32", shape=ellipse, fillcolor="#2d2d2d"];
  "72" [label="StackStore u32\n→ ram[sp - 4]", shape=box3d, fillcolor="#20182a"];
  "75" -> "72" [color="#cc88aa", label=mem, fontcolor="#cccccc", fontsize=9];
  "v76" [label="init\nsp", shape=Mdiamond, fillcolor="#1a3a5c"];
  "v76" -> "72" [color="#cc88ff", label=sp, fontcolor="#cccccc", fontsize=9];
  "77" -> "72" [color="#ff8800", label=data, fontcolor="#cccccc", fontsize=9];
  "77" [label="arg[0] ← r0", shape=Mdiamond, fillcolor="#1a3a5c"];
  "75" [label="InitialMemory", shape=Mdiamond, fillcolor="#1a3a5c"];
  "70" [label="StackStore u32\n→ ram[sp - 72]", shape=box3d, fillcolor="#20182a"];
  "78" -> "70" [color="#cc88aa", label=mem, fontcolor="#cccccc", fontsize=9];
  "v79" [label="init\nsp", shape=Mdiamond, fillcolor="#1a3a5c"];
  "v79" -> "70" [color="#cc88ff", label=sp, fontcolor="#cccccc", fontsize=9];
  "80" -> "70" [color="#ff8800", label=data, fontcolor="#cccccc", fontsize=9];
  "80" [label="Add:u32", shape=box, fillcolor="#2d2d2d"];
  "81" -> "80" [color="#4488ff", label=lhs, fontcolor="#cccccc", fontsize=9];
  "82" -> "80" [color="#ff4444", label=rhs, fontcolor="#cccccc", fontsize=9];
  "82" [label="const 0x1:u32", shape=ellipse, fillcolor="#2d2d2d"];
  "81" [label="φ Val", shape=house, fillcolor="#163030"];
  "1" -> "81" [color="#dddddd", label=phi, fontcolor="#cccccc", fontsize=9];
  "80" -> "81" [color="#dddddd", label=in, fontcolor="#cccccc", fontsize=9];
  "83" -> "81" [color="#dddddd", label=in, fontcolor="#cccccc", fontsize=9];
  "83" [label="const 0x0:u32", shape=ellipse, fillcolor="#2d2d2d"];
  "78" [label="Store u32\n→ ram", shape=box3d, fillcolor="#102030"];
  "67" -> "78" [color="#cc88aa", label=mem, fontcolor="#cccccc", fontsize=9];
  "84" -> "78" [color="#cc88ff", label=addr, fontcolor="#cccccc", fontsize=9];
  "85" -> "78" [color="#ff8800", label=data, fontcolor="#cccccc", fontsize=9];
  "85" [label="const 0x0:u32", shape=ellipse, fillcolor="#2d2d2d"];
  "84" [label="Add:u32", shape=box, fillcolor="#2d2d2d"];
  "86" -> "84" [color="#4488ff", label=lhs, fontcolor="#cccccc", fontsize=9];
  "87" -> "84" [color="#ff4444", label=rhs, fontcolor="#cccccc", fontsize=9];
  "87" [label="ShiftLeft:u32", shape=box, fillcolor="#2d2d2d"];
  "88" -> "87" [color="#4488ff", label=lhs, fontcolor="#cccccc", fontsize=9];
  "89" -> "87" [color="#ff4444", label=rhs, fontcolor="#cccccc", fontsize=9];
  "89" [label="const 0x2:u32", shape=ellipse, fillcolor="#2d2d2d"];
  "88" [label="φ Val", shape=house, fillcolor="#163030"];
  "1" -> "88" [color="#dddddd", label=phi, fontcolor="#cccccc", fontsize=9];
  "80" -> "88" [color="#dddddd", label=in, fontcolor="#cccccc", fontsize=9];
  "90" -> "88" [color="#dddddd", label=in, fontcolor="#cccccc", fontsize=9];
  "90" [label="const 0x0:u32", shape=ellipse, fillcolor="#2d2d2d"];
  "86" [label="Add:u32", shape=box, fillcolor="#2d2d2d"];
  "38" -> "86" [color="#4488ff", label=lhs, fontcolor="#cccccc", fontsize=9];
  "91" -> "86" [color="#ff4444", label=rhs, fontcolor="#cccccc", fontsize=9];
  "91" [label="const 0xffffffbc:u32", shape=ellipse, fillcolor="#2d2d2d"];
  "65" [label="StackStore u32\n→ ram[sp - 76]", shape=box3d, fillcolor="#20182a"];
  "36" -> "65" [color="#cc88aa", label=mem, fontcolor="#cccccc", fontsize=9];
  "v92" [label="init\nsp", shape=Mdiamond, fillcolor="#1a3a5c"];
  "v92" -> "65" [color="#cc88ff", label=sp, fontcolor="#cccccc", fontsize=9];
  "32" -> "65" [color="#ff8800", label=data, fontcolor="#cccccc", fontsize=9];
  "41" [label="Add:u32", shape=box, fillcolor="#2d2d2d"];
  "86" -> "41" [color="#4488ff", label=lhs, fontcolor="#cccccc", fontsize=9];
  "93" -> "41" [color="#ff4444", label=rhs, fontcolor="#cccccc", fontsize=9];
  "93" [label="ShiftLeft:u32", shape=box, fillcolor="#2d2d2d"];
  "43" -> "93" [color="#4488ff", label=lhs, fontcolor="#cccccc", fontsize=9];
  "94" -> "93" [color="#ff4444", label=rhs, fontcolor="#cccccc", fontsize=9];
  "94" [label="const 0x2:u32", shape=ellipse, fillcolor="#2d2d2d"];
  "30" [label="φ Val", shape=house, fillcolor="#163030"];
  "6" -> "30" [color="#dddddd", label=phi, fontcolor="#cccccc", fontsize=9];
  "32" -> "30" [color="#dddddd", label=in, fontcolor="#cccccc", fontsize=9];
  "95" -> "30" [color="#dddddd", label=in, fontcolor="#cccccc", fontsize=9];
  "95" [label="const 0x0:u32", shape=ellipse, fillcolor="#2d2d2d"];
  "28" [label="Load u32\n← ram", shape=box3d, fillcolor="#102030"];
  "23" -> "28" [color="#cc88aa", label=mem, fontcolor="#cccccc", fontsize=9];
  "96" -> "28" [color="#cc88ff", label=addr, fontcolor="#cccccc", fontsize=9];
  "96" [label="Add:u32", shape=box, fillcolor="#2d2d2d"];
  "86" -> "96" [color="#4488ff", label=lhs, fontcolor="#cccccc", fontsize=9];
  "97" -> "96" [color="#ff4444", label=rhs, fontcolor="#cccccc", fontsize=9];
  "97" [label="ShiftLeft:u32", shape=box, fillcolor="#2d2d2d"];
  "98" -> "97" [color="#4488ff", label=lhs, fontcolor="#cccccc", fontsize=9];
  "99" -> "97" [color="#ff4444", label=rhs, fontcolor="#cccccc", fontsize=9];
  "99" [label="const 0x2:u32", shape=ellipse, fillcolor="#2d2d2d"];
  "98" [label="φ Val", shape=house, fillcolor="#163030"];
  "17" -> "98" [color="#dddddd", label=phi, fontcolor="#cccccc", fontsize=9];
  "100" -> "98" [color="#dddddd", label=in, fontcolor="#cccccc", fontsize=9];
  "101" -> "98" [color="#dddddd", label=in, fontcolor="#cccccc", fontsize=9];
  "101" [label="const 0x0:u32", shape=ellipse, fillcolor="#2d2d2d"];
  "100" [label="Add:u32", shape=box, fillcolor="#2d2d2d"];
  "102" -> "100" [color="#4488ff", label=lhs, fontcolor="#cccccc", fontsize=9];
  "103" -> "100" [color="#ff4444", label=rhs, fontcolor="#cccccc", fontsize=9];
  "103" [label="const 0x1:u32", shape=ellipse, fillcolor="#2d2d2d"];
  "102" [label="φ Val", shape=house, fillcolor="#163030"];
  "17" -> "102" [color="#dddddd", label=phi, fontcolor="#cccccc", fontsize=9];
  "100" -> "102" [color="#dddddd", label=in, fontcolor="#cccccc", fontsize=9];
  "104" -> "102" [color="#dddddd", label=in, fontcolor="#cccccc", fontsize=9];
  "104" [label="const 0x0:u32", shape=ellipse, fillcolor="#2d2d2d"];
  "23" [label="φ Mem", shape=house, fillcolor="#163030"];
  "17" -> "23" [color="#dddddd", label=phi, fontcolor="#cccccc", fontsize=9];
  "105" -> "23" [color="#cc88aa", label=mem, fontcolor="#cccccc", fontsize=9];
  "106" -> "23" [color="#cc88aa", label=mem, fontcolor="#cccccc", fontsize=9];
  "106" [label="StackStore u32\n→ ram[sp - 84]", shape=box3d, fillcolor="#20182a"];
  "107" -> "106" [color="#cc88aa", label=mem, fontcolor="#cccccc", fontsize=9];
  "v108" [label="init\nsp", shape=Mdiamond, fillcolor="#1a3a5c"];
  "v108" -> "106" [color="#cc88ff", label=sp, fontcolor="#cccccc", fontsize=9];
  "109" -> "106" [color="#ff8800", label=data, fontcolor="#cccccc", fontsize=9];
  "109" [label="const 0x0:u32", shape=ellipse, fillcolor="#2d2d2d"];
  "107" [label="StackStore u32\n→ ram[sp - 80]", shape=box3d, fillcolor="#20182a"];
  "40" -> "107" [color="#cc88aa", label=mem, fontcolor="#cccccc", fontsize=9];
  "v110" [label="init\nsp", shape=Mdiamond, fillcolor="#1a3a5c"];
  "v110" -> "107" [color="#cc88ff", label=sp, fontcolor="#cccccc", fontsize=9];
  "111" -> "107" [color="#ff8800", label=data, fontcolor="#cccccc", fontsize=9];
  "111" [label="const 0x0:u32", shape=ellipse, fillcolor="#2d2d2d"];
  "105" [label="StackStore u32\n→ ram[sp - 84]", shape=box3d, fillcolor="#20182a"];
  "112" -> "105" [color="#cc88aa", label=mem, fontcolor="#cccccc", fontsize=9];
  "v113" [label="init\nsp", shape=Mdiamond, fillcolor="#1a3a5c"];
  "v113" -> "105" [color="#cc88ff", label=sp, fontcolor="#cccccc", fontsize=9];
  "100" -> "105" [color="#ff8800", label=data, fontcolor="#cccccc", fontsize=9];
  "112" [label="StackStore u32\n→ ram[sp - 80]", shape=box3d, fillcolor="#20182a"];
  "23" -> "112" [color="#cc88aa", label=mem, fontcolor="#cccccc", fontsize=9];
  "v114" [label="init\nsp", shape=Mdiamond, fillcolor="#1a3a5c"];
  "v114" -> "112" [color="#cc88ff", label=sp, fontcolor="#cccccc", fontsize=9];
  "115" -> "112" [color="#ff8800", label=data, fontcolor="#cccccc", fontsize=9];
  "115" [label="Add:u32", shape=box, fillcolor="#2d2d2d"];
  "116" -> "115" [color="#4488ff", label=lhs, fontcolor="#cccccc", fontsize=9];
  "28" -> "115" [color="#ff4444", label=rhs, fontcolor="#cccccc", fontsize=9];
  "116" [label="φ Val", shape=house, fillcolor="#163030"];
  "17" -> "116" [color="#dddddd", label=phi, fontcolor="#cccccc", fontsize=9];
  "115" -> "116" [color="#dddddd", label=in, fontcolor="#cccccc", fontsize=9];
  "117" -> "116" [color="#dddddd", label=in, fontcolor="#cccccc", fontsize=9];
  "117" [label="const 0x0:u32", shape=ellipse, fillcolor="#2d2d2d"];
  "24" [label="φ Val", shape=house, fillcolor="#163030"];
  "17" -> "24" [color="#dddddd", label=phi, fontcolor="#cccccc", fontsize=9];
  "115" -> "24" [color="#dddddd", label=in, fontcolor="#cccccc", fontsize=9];
  "118" -> "24" [color="#dddddd", label=in, fontcolor="#cccccc", fontsize=9];
  "118" [label="const 0x0:u32", shape=ellipse, fillcolor="#2d2d2d"];
  "21" [label="And:bool", shape=box, fillcolor="#2d2d2d"];
  "119" -> "21" [color="#4488ff", label=lhs, fontcolor="#cccccc", fontsize=9];
  "120" -> "21" [color="#ff4444", label=rhs, fontcolor="#cccccc", fontsize=9];
  "120" [label="Equal\nu8 → bool", shape=box, fillcolor="#2d2d2d"];
  "121" -> "120" [color="#4488ff", label=lhs, fontcolor="#cccccc", fontsize=9];
  "122" -> "120" [color="#ff4444", label=rhs, fontcolor="#cccccc", fontsize=9];
  "122" [label="Cast → u8\nfrom bool", shape=box, fillcolor="#2d2d2d"];
  "123" -> "122" [color="#88cc88", label=val, fontcolor="#cccccc", fontsize=9];
  "123" [label="Sborrow\nu32 → bool", shape=box, fillcolor="#2d2d2d"];
  "124" -> "123" [color="#4488ff", label=lhs, fontcolor="#cccccc", fontsize=9];
  "125" -> "123" [color="#ff4444", label=rhs, fontcolor="#cccccc", fontsize=9];
  "125" [label="const 0xf:u32", shape=ellipse, fillcolor="#2d2d2d"];
  "124" [label="φ Val", shape=house, fillcolor="#163030"];
  "17" -> "124" [color="#dddddd", label=phi, fontcolor="#cccccc", fontsize=9];
  "100" -> "124" [color="#dddddd", label=in, fontcolor="#cccccc", fontsize=9];
  "126" -> "124" [color="#dddddd", label=in, fontcolor="#cccccc", fontsize=9];
  "126" [label="const 0x0:u32", shape=ellipse, fillcolor="#2d2d2d"];
  "121" [label="Cast → u8\nfrom bool", shape=box, fillcolor="#2d2d2d"];
  "127" -> "121" [color="#88cc88", label=val, fontcolor="#cccccc", fontsize=9];
  "127" [label="Sless\nu32 → bool", shape=box, fillcolor="#2d2d2d"];
  "128" -> "127" [color="#4488ff", label=lhs, fontcolor="#cccccc", fontsize=9];
  "129" -> "127" [color="#ff4444", label=rhs, fontcolor="#cccccc", fontsize=9];
  "129" [label="const 0x0:u32", shape=ellipse, fillcolor="#2d2d2d"];
  "128" [label="Add:u32", shape=box, fillcolor="#2d2d2d"];
  "124" -> "128" [color="#4488ff", label=lhs, fontcolor="#cccccc", fontsize=9];
  "130" -> "128" [color="#ff4444", label=rhs, fontcolor="#cccccc", fontsize=9];
  "130" [label="const 0xfffffff1:u32", shape=ellipse, fillcolor="#2d2d2d"];
  "119" [label="Neg:bool", shape=box, fillcolor="#2d2d2d"];
  "131" -> "119" [color="#88cc88", label=val, fontcolor="#cccccc", fontsize=9];
  "131" [label="Equal\nu32 → bool", shape=box, fillcolor="#2d2d2d"];
  "128" -> "131" [color="#4488ff", label=lhs, fontcolor="#cccccc", fontsize=9];
  "132" -> "131" [color="#ff4444", label=rhs, fontcolor="#cccccc", fontsize=9];
  "132" [label="const 0x0:u32", shape=ellipse, fillcolor="#2d2d2d"];
  "16" [label="Equal\nu32 → bool", shape=box, fillcolor="#2d2d2d"];
  "133" -> "16" [color="#4488ff", label=lhs, fontcolor="#cccccc", fontsize=9];
  "134" -> "16" [color="#ff4444", label=rhs, fontcolor="#cccccc", fontsize=9];
  "134" [label="const 0x0:u32", shape=ellipse, fillcolor="#2d2d2d"];
  "133" [label="And:u32", shape=box, fillcolor="#2d2d2d"];
  "135" -> "133" [color="#4488ff", label=lhs, fontcolor="#cccccc", fontsize=9];
  "136" -> "133" [color="#ff4444", label=rhs, fontcolor="#cccccc", fontsize=9];
  "136" [label="const 0x1:u32", shape=ellipse, fillcolor="#2d2d2d"];
  "135" [label="φ Val", shape=house, fillcolor="#163030"];
  "12" -> "135" [color="#dddddd", label=phi, fontcolor="#cccccc", fontsize=9];
  "137" -> "135" [color="#dddddd", label=in, fontcolor="#cccccc", fontsize=9];
  "137" [label="const 0x0:u32", shape=ellipse, fillcolor="#2d2d2d"];
  "47" -> "135" [color="#dddddd", label=in, fontcolor="#cccccc", fontsize=9];
  "11" [label="Sless\nu32 → bool", shape=box, fillcolor="#2d2d2d"];
  "30" -> "11" [color="#4488ff", label=lhs, fontcolor="#cccccc", fontsize=9];
  "138" -> "11" [color="#ff4444", label=rhs, fontcolor="#cccccc", fontsize=9];
  "138" [label="Load u32\n← ram", shape=box3d, fillcolor="#102030"];
  "62" -> "138" [color="#cc88aa", label=mem, fontcolor="#cccccc", fontsize=9];
  "139" -> "138" [color="#cc88ff", label=addr, fontcolor="#cccccc", fontsize=9];
  "139" [label="Add:u32", shape=box, fillcolor="#2d2d2d"];
  "38" -> "139" [color="#4488ff", label=lhs, fontcolor="#cccccc", fontsize=9];
  "140" -> "139" [color="#ff4444", label=rhs, fontcolor="#cccccc", fontsize=9];
  "140" [label="const 0xfffffffc:u32", shape=ellipse, fillcolor="#2d2d2d"];
  "5" [label="And:bool", shape=box, fillcolor="#2d2d2d"];
  "141" -> "5" [color="#4488ff", label=lhs, fontcolor="#cccccc", fontsize=9];
  "142" -> "5" [color="#ff4444", label=rhs, fontcolor="#cccccc", fontsize=9];
  "142" [label="Equal\nu8 → bool", shape=box, fillcolor="#2d2d2d"];
  "143" -> "142" [color="#4488ff", label=lhs, fontcolor="#cccccc", fontsize=9];
  "144" -> "142" [color="#ff4444", label=rhs, fontcolor="#cccccc", fontsize=9];
  "144" [label="Cast → u8\nfrom bool", shape=box, fillcolor="#2d2d2d"];
  "145" -> "144" [color="#88cc88", label=val, fontcolor="#cccccc", fontsize=9];
  "145" [label="Sborrow\nu32 → bool", shape=box, fillcolor="#2d2d2d"];
  "146" -> "145" [color="#4488ff", label=lhs, fontcolor="#cccccc", fontsize=9];
  "147" -> "145" [color="#ff4444", label=rhs, fontcolor="#cccccc", fontsize=9];
  "147" [label="const 0xf:u32", shape=ellipse, fillcolor="#2d2d2d"];
  "146" [label="φ Val", shape=house, fillcolor="#163030"];
  "1" -> "146" [color="#dddddd", label=phi, fontcolor="#cccccc", fontsize=9];
  "80" -> "146" [color="#dddddd", label=in, fontcolor="#cccccc", fontsize=9];
  "148" -> "146" [color="#dddddd", label=in, fontcolor="#cccccc", fontsize=9];
  "148" [label="const 0x0:u32", shape=ellipse, fillcolor="#2d2d2d"];
  "143" [label="Cast → u8\nfrom bool", shape=box, fillcolor="#2d2d2d"];
  "149" -> "143" [color="#88cc88", label=val, fontcolor="#cccccc", fontsize=9];
  "149" [label="Sless\nu32 → bool", shape=box, fillcolor="#2d2d2d"];
  "150" -> "149" [color="#4488ff", label=lhs, fontcolor="#cccccc", fontsize=9];
  "151" -> "149" [color="#ff4444", label=rhs, fontcolor="#cccccc", fontsize=9];
  "151" [label="const 0x0:u32", shape=ellipse, fillcolor="#2d2d2d"];
  "150" [label="Add:u32", shape=box, fillcolor="#2d2d2d"];
  "146" -> "150" [color="#4488ff", label=lhs, fontcolor="#cccccc", fontsize=9];
  "152" -> "150" [color="#ff4444", label=rhs, fontcolor="#cccccc", fontsize=9];
  "152" [label="const 0xfffffff1:u32", shape=ellipse, fillcolor="#2d2d2d"];
  "141" [label="Neg:bool", shape=box, fillcolor="#2d2d2d"];
  "153" -> "141" [color="#88cc88", label=val, fontcolor="#cccccc", fontsize=9];
  "153" [label="Equal\nu32 → bool", shape=box, fillcolor="#2d2d2d"];
  "150" -> "153" [color="#4488ff", label=lhs, fontcolor="#cccccc", fontsize=9];
  "154" -> "153" [color="#ff4444", label=rhs, fontcolor="#cccccc", fontsize=9];
  "154" [label="const 0x0:u32", shape=ellipse, fillcolor="#2d2d2d"];
}
