---
source: crates/strider/tests/v2_baseline.rs
expression: snapshot_body
---
digraph "G" {
  graph [
    rankdir=TB,
    bgcolor="#1e1e1e",
    fontcolor=white,
  ];

  node [
    shape=box,
    style="filled,rounded",
    fillcolor="#2d2d2d",
    color="#888888",
    fontcolor=white,
    fontname=monospace,
    margin=0.2,
  ];

  edge [
    color="#aaaaaa",
    fontcolor=white,
    penwidth=1.2,
  ];

  "0" [label="Entry", shape=Mdiamond, fillcolor="#1a3a5c"];
  "1" [label="If", shape=diamond, fillcolor="#3a2a10"];
  "v2" [label="if.true", shape=trapezium, fillcolor="#3a2a10"];
  "1" -> "v2" [color="#00cccc", label=true, fontcolor="#cccccc", fontsize=9];
  "v3" [label="if.false", shape=trapezium, fillcolor="#3a2a10"];
  "1" -> "v3" [color="#00cccc", label=false, fontcolor="#cccccc", fontsize=9];
  "0" -> "1" [color="#00cccc", label=ctrl, fontcolor="#cccccc", fontsize=9];
  "4" -> "1" [color="#ff44ff", label=cond, fontcolor="#cccccc", fontsize=9];
  "5" [label="ControlState", shape=invhouse, fillcolor="#2a1a4a"];
  "v3" -> "5" [color="#00cccc", label=ctrl, fontcolor="#cccccc", fontsize=9];
  "v2" -> "5" [color="#00cccc", label=ctrl, fontcolor="#cccccc", fontsize=9];
  "6" [label="If", shape=diamond, fillcolor="#3a2a10"];
  "v7" [label="if.true", shape=trapezium, fillcolor="#3a2a10"];
  "6" -> "v7" [color="#00cccc", label=true, fontcolor="#cccccc", fontsize=9];
  "v8" [label="if.false", shape=trapezium, fillcolor="#3a2a10"];
  "6" -> "v8" [color="#00cccc", label=false, fontcolor="#cccccc", fontsize=9];
  "5" -> "6" [color="#00cccc", label=ctrl, fontcolor="#cccccc", fontsize=9];
  "4" -> "6" [color="#ff44ff", label=cond, fontcolor="#cccccc", fontsize=9];
  "9" [label="ControlState", shape=invhouse, fillcolor="#2a1a4a"];
  "v8" -> "9" [color="#00cccc", label=ctrl, fontcolor="#cccccc", fontsize=9];
  "v10" [label="if.false", shape=trapezium, fillcolor="#3a2a10"];
  "v10" -> "9" [color="#00cccc", label=ctrl, fontcolor="#cccccc", fontsize=9];
  "11" [label="Return", shape=doublecircle, fillcolor="#103a10"];
  "9" -> "11" [color="#00cccc", label=ctrl, fontcolor="#cccccc", fontsize=9];
  "12" -> "11" [color="#cc88aa", label=mem, fontcolor="#cccccc", fontsize=9];
  "13" -> "11" [color="#88cc88", label=r0, fontcolor="#cccccc", fontsize=9];
  "13" [label="const 0xffffffff:u32", shape=ellipse, fillcolor="#2d2d2d"];
  "14" -> "11" [color="#88cc88", label=r1, fontcolor="#cccccc", fontsize=9];
  "15" -> "11" [color="#88cc88", label=d0, fontcolor="#cccccc", fontsize=9];
  "16" -> "11" [color="#88cc88", label=d1, fontcolor="#cccccc", fontsize=9];
  "16" [label="init\nd1", shape=Mdiamond, fillcolor="#1a3a5c"];
  "15" [label="init\nd0", shape=Mdiamond, fillcolor="#1a3a5c"];
  "14" [label="arg[1] ← r1", shape=Mdiamond, fillcolor="#1a3a5c"];
  "12" [label="InitialMemory", shape=Mdiamond, fillcolor="#1a3a5c"];
  "17" [label="If", shape=diamond, fillcolor="#3a2a10"];
  "v18" [label="if.true", shape=trapezium, fillcolor="#3a2a10"];
  "17" -> "v18" [color="#00cccc", label=true, fontcolor="#cccccc", fontsize=9];
  "17" -> "v10" [color="#00cccc", label=false, fontcolor="#cccccc", fontsize=9];
  "19" -> "17" [color="#00cccc", label=ctrl, fontcolor="#cccccc", fontsize=9];
  "20" -> "17" [color="#ff44ff", label=cond, fontcolor="#cccccc", fontsize=9];
  "21" [label="If", shape=diamond, fillcolor="#3a2a10"];
  "v22" [label="if.true", shape=trapezium, fillcolor="#3a2a10"];
  "21" -> "v22" [color="#00cccc", label=true, fontcolor="#cccccc", fontsize=9];
  "v23" [label="if.false", shape=trapezium, fillcolor="#3a2a10"];
  "21" -> "v23" [color="#00cccc", label=false, fontcolor="#cccccc", fontsize=9];
  "v18" -> "21" [color="#00cccc", label=ctrl, fontcolor="#cccccc", fontsize=9];
  "24" -> "21" [color="#ff44ff", label=cond, fontcolor="#cccccc", fontsize=9];
  "25" [label="Return", shape=doublecircle, fillcolor="#103a10"];
  "v23" -> "25" [color="#00cccc", label=ctrl, fontcolor="#cccccc", fontsize=9];
  "12" -> "25" [color="#cc88aa", label=mem, fontcolor="#cccccc", fontsize=9];
  "26" -> "25" [color="#88cc88", label=r0, fontcolor="#cccccc", fontsize=9];
  "14" -> "25" [color="#88cc88", label=r1, fontcolor="#cccccc", fontsize=9];
  "15" -> "25" [color="#88cc88", label=d0, fontcolor="#cccccc", fontsize=9];
  "16" -> "25" [color="#88cc88", label=d1, fontcolor="#cccccc", fontsize=9];
  "26" [label="Add:u32", shape=box, fillcolor="#2d2d2d"];
  "27" -> "26" [color="#4488ff", label=lhs, fontcolor="#cccccc", fontsize=9];
  "28" -> "26" [color="#ff4444", label=rhs, fontcolor="#cccccc", fontsize=9];
  "28" [label="const 0x1:u32", shape=ellipse, fillcolor="#2d2d2d"];
  "27" [label="φ r0", shape=house, fillcolor="#163030"];
  "19" -> "27" [color="#dddddd", label=phi, fontcolor="#cccccc", fontsize=9];
  "29" -> "27" [color="#dddddd", label=in, fontcolor="#cccccc", fontsize=9];
  "26" -> "27" [color="#dddddd", label=in, fontcolor="#cccccc", fontsize=9];
  "29" [label="φ r0", shape=house, fillcolor="#163030"];
  "5" -> "29" [color="#dddddd", label=phi, fontcolor="#cccccc", fontsize=9];
  "30" -> "29" [color="#dddddd", label=in, fontcolor="#cccccc", fontsize=9];
  "31" -> "29" [color="#dddddd", label=in, fontcolor="#cccccc", fontsize=9];
  "31" [label="const 0x0:u32", shape=ellipse, fillcolor="#2d2d2d"];
  "30" [label="arg[0] ← r0", shape=Mdiamond, fillcolor="#1a3a5c"];
  "19" [label="ControlState", shape=invhouse, fillcolor="#2a1a4a"];
  "v7" -> "19" [color="#00cccc", label=ctrl, fontcolor="#cccccc", fontsize=9];
  "v22" -> "19" [color="#00cccc", label=ctrl, fontcolor="#cccccc", fontsize=9];
  "24" [label="Cast → bool\nfrom u8", shape=box, fillcolor="#2d2d2d"];
  "32" -> "24" [color="#88cc88", label=val, fontcolor="#cccccc", fontsize=9];
  "32" [label="Cast → u8\nfrom bool", shape=box, fillcolor="#2d2d2d"];
  "33" -> "32" [color="#88cc88", label=val, fontcolor="#cccccc", fontsize=9];
  "33" [label="Neg:bool", shape=box, fillcolor="#2d2d2d"];
  "34" -> "33" [color="#88cc88", label=val, fontcolor="#cccccc", fontsize=9];
  "34" [label="Cast → bool\nfrom u8", shape=box, fillcolor="#2d2d2d"];
  "35" -> "34" [color="#88cc88", label=val, fontcolor="#cccccc", fontsize=9];
  "35" [label="Cast → u8\nfrom bool", shape=box, fillcolor="#2d2d2d"];
  "36" -> "35" [color="#88cc88", label=val, fontcolor="#cccccc", fontsize=9];
  "36" [label="Equal\nu32 → bool", shape=box, fillcolor="#2d2d2d"];
  "37" -> "36" [color="#4488ff", label=lhs, fontcolor="#cccccc", fontsize=9];
  "38" -> "36" [color="#ff4444", label=rhs, fontcolor="#cccccc", fontsize=9];
  "38" [label="const 0x0:u32", shape=ellipse, fillcolor="#2d2d2d"];
  "37" [label="Add:u32", shape=box, fillcolor="#2d2d2d"];
  "27" -> "37" [color="#4488ff", label=lhs, fontcolor="#cccccc", fontsize=9];
  "39" -> "37" [color="#ff4444", label=rhs, fontcolor="#cccccc", fontsize=9];
  "39" [label="const 0xfffffffa:u32", shape=ellipse, fillcolor="#2d2d2d"];
  "20" [label="Cast → bool\nfrom u8", shape=box, fillcolor="#2d2d2d"];
  "40" -> "20" [color="#88cc88", label=val, fontcolor="#cccccc", fontsize=9];
  "40" [label="Cast → u8\nfrom bool", shape=box, fillcolor="#2d2d2d"];
  "41" -> "40" [color="#88cc88", label=val, fontcolor="#cccccc", fontsize=9];
  "41" [label="Neg:bool", shape=box, fillcolor="#2d2d2d"];
  "42" -> "41" [color="#88cc88", label=val, fontcolor="#cccccc", fontsize=9];
  "42" [label="Cast → bool\nfrom u8", shape=box, fillcolor="#2d2d2d"];
  "43" -> "42" [color="#88cc88", label=val, fontcolor="#cccccc", fontsize=9];
  "43" [label="Cast → u8\nfrom bool", shape=box, fillcolor="#2d2d2d"];
  "44" -> "43" [color="#88cc88", label=val, fontcolor="#cccccc", fontsize=9];
  "44" [label="Equal\nu32 → bool", shape=box, fillcolor="#2d2d2d"];
  "45" -> "44" [color="#4488ff", label=lhs, fontcolor="#cccccc", fontsize=9];
  "46" -> "44" [color="#ff4444", label=rhs, fontcolor="#cccccc", fontsize=9];
  "46" [label="const 0x0:u32", shape=ellipse, fillcolor="#2d2d2d"];
  "45" [label="Add:u32", shape=box, fillcolor="#2d2d2d"];
  "30" -> "45" [color="#4488ff", label=lhs, fontcolor="#cccccc", fontsize=9];
  "47" -> "45" [color="#ff4444", label=rhs, fontcolor="#cccccc", fontsize=9];
  "47" [label="Neg\nu32 → u32", shape=box, fillcolor="#2d2d2d"];
  "26" -> "47" [color="#88cc88", label=val, fontcolor="#cccccc", fontsize=9];
  "4" [label="And:bool", shape=box, fillcolor="#2d2d2d"];
  "48" -> "4" [color="#4488ff", label=lhs, fontcolor="#cccccc", fontsize=9];
  "49" -> "4" [color="#ff4444", label=rhs, fontcolor="#cccccc", fontsize=9];
  "49" [label="Equal\nu8 → bool", shape=box, fillcolor="#2d2d2d"];
  "50" -> "49" [color="#4488ff", label=lhs, fontcolor="#cccccc", fontsize=9];
  "51" -> "49" [color="#ff4444", label=rhs, fontcolor="#cccccc", fontsize=9];
  "51" [label="Cast → u8\nfrom bool", shape=box, fillcolor="#2d2d2d"];
  "52" -> "51" [color="#88cc88", label=val, fontcolor="#cccccc", fontsize=9];
  "52" [label="Sborrow\nu32 → bool", shape=box, fillcolor="#2d2d2d"];
  "30" -> "52" [color="#4488ff", label=lhs, fontcolor="#cccccc", fontsize=9];
  "53" -> "52" [color="#ff4444", label=rhs, fontcolor="#cccccc", fontsize=9];
  "53" [label="const 0x0:u32", shape=ellipse, fillcolor="#2d2d2d"];
  "50" [label="Cast → u8\nfrom bool", shape=box, fillcolor="#2d2d2d"];
  "54" -> "50" [color="#88cc88", label=val, fontcolor="#cccccc", fontsize=9];
  "54" [label="Sless\nu32 → bool", shape=box, fillcolor="#2d2d2d"];
  "30" -> "54" [color="#4488ff", label=lhs, fontcolor="#cccccc", fontsize=9];
  "55" -> "54" [color="#ff4444", label=rhs, fontcolor="#cccccc", fontsize=9];
  "55" [label="const 0x0:u32", shape=ellipse, fillcolor="#2d2d2d"];
  "48" [label="Neg:bool", shape=box, fillcolor="#2d2d2d"];
  "56" -> "48" [color="#88cc88", label=val, fontcolor="#cccccc", fontsize=9];
  "56" [label="Equal\nu32 → bool", shape=box, fillcolor="#2d2d2d"];
  "30" -> "56" [color="#4488ff", label=lhs, fontcolor="#cccccc", fontsize=9];
  "57" -> "56" [color="#ff4444", label=rhs, fontcolor="#cccccc", fontsize=9];
  "57" [label="const 0x0:u32", shape=ellipse, fillcolor="#2d2d2d"];
}
