---
source: crates/strider/tests/v2_baseline.rs
expression: snapshot_body
---
digraph "G" {
  graph [
    rankdir=TB,
    bgcolor="#1e1e1e",
    fontcolor=white,
  ];

  node [
    shape=box,
    style="filled,rounded",
    fillcolor="#2d2d2d",
    color="#888888",
    fontcolor=white,
    fontname=monospace,
    margin=0.2,
  ];

  edge [
    color="#aaaaaa",
    fontcolor=white,
    penwidth=1.2,
  ];

  "0" [label="Entry", shape=Mdiamond, fillcolor="#1a3a5c"];
  "1" [label="If", shape=diamond, fillcolor="#3a2a10"];
  "v2" [label="if.true", shape=trapezium, fillcolor="#3a2a10"];
  "1" -> "v2" [color="#00cccc", label=true, fontcolor="#cccccc", fontsize=9];
  "v3" [label="if.false", shape=trapezium, fillcolor="#3a2a10"];
  "1" -> "v3" [color="#00cccc", label=false, fontcolor="#cccccc", fontsize=9];
  "0" -> "1" [color="#00cccc", label=ctrl, fontcolor="#cccccc", fontsize=9];
  "4" -> "1" [color="#ff44ff", label=cond, fontcolor="#cccccc", fontsize=9];
  "5" [label="If", shape=diamond, fillcolor="#3a2a10"];
  "v6" [label="if.true", shape=trapezium, fillcolor="#3a2a10"];
  "5" -> "v6" [color="#00cccc", label=true, fontcolor="#cccccc", fontsize=9];
  "v7" [label="if.false", shape=trapezium, fillcolor="#3a2a10"];
  "5" -> "v7" [color="#00cccc", label=false, fontcolor="#cccccc", fontsize=9];
  "v3" -> "5" [color="#00cccc", label=ctrl, fontcolor="#cccccc", fontsize=9];
  "8" -> "5" [color="#ff44ff", label=cond, fontcolor="#cccccc", fontsize=9];
  "9" [label="ControlState", shape=invhouse, fillcolor="#2a1a4a"];
  "10" -> "9" [color="#00cccc", label=ctrl, fontcolor="#cccccc", fontsize=9];
  "v7" -> "9" [color="#00cccc", label=ctrl, fontcolor="#cccccc", fontsize=9];
  "11" [label="Return", shape=doublecircle, fillcolor="#103a10"];
  "9" -> "11" [color="#00cccc", label=ctrl, fontcolor="#cccccc", fontsize=9];
  "12" -> "11" [color="#cc88aa", label=mem, fontcolor="#cccccc", fontsize=9];
  "13" -> "11" [color="#88cc88", label=r0, fontcolor="#cccccc", fontsize=9];
  "14" -> "11" [color="#88cc88", label=r1, fontcolor="#cccccc", fontsize=9];
  "15" -> "11" [color="#88cc88", label=d0, fontcolor="#cccccc", fontsize=9];
  "16" -> "11" [color="#88cc88", label=d1, fontcolor="#cccccc", fontsize=9];
  "16" [label="init\nd1", shape=Mdiamond, fillcolor="#1a3a5c"];
  "15" [label="init\nd0", shape=Mdiamond, fillcolor="#1a3a5c"];
  "14" [label="φ r1", shape=house, fillcolor="#163030"];
  "9" -> "14" [color="#dddddd", label=phi, fontcolor="#cccccc", fontsize=9];
  "17" -> "14" [color="#dddddd", label=in, fontcolor="#cccccc", fontsize=9];
  "18" -> "14" [color="#dddddd", label=in, fontcolor="#cccccc", fontsize=9];
  "18" [label="arg[0] ← r0", shape=Mdiamond, fillcolor="#1a3a5c"];
  "17" [label="arg[1] ← r1", shape=Mdiamond, fillcolor="#1a3a5c"];
  "13" [label="φ Val", shape=house, fillcolor="#163030"];
  "9" -> "13" [color="#dddddd", label=phi, fontcolor="#cccccc", fontsize=9];
  "19" -> "13" [color="#dddddd", label=in, fontcolor="#cccccc", fontsize=9];
  "19" [label="const 0xffffffff:u32", shape=ellipse, fillcolor="#2d2d2d"];
  "20" -> "13" [color="#dddddd", label=in, fontcolor="#cccccc", fontsize=9];
  "20" [label="Load u32\n← ram", shape=box3d, fillcolor="#102030"];
  "21" -> "20" [color="#cc88aa", label=mem, fontcolor="#cccccc", fontsize=9];
  "22" -> "20" [color="#cc88ff", label=addr, fontcolor="#cccccc", fontsize=9];
  "22" [label="Add:u32", shape=box, fillcolor="#2d2d2d"];
  "23" -> "22" [color="#4488ff", label=lhs, fontcolor="#cccccc", fontsize=9];
  "23" [label="const 0x101e4:u32", shape=ellipse, fillcolor="#2d2d2d"];
  "24" -> "22" [color="#ff4444", label=rhs, fontcolor="#cccccc", fontsize=9];
  "24" [label="ShiftLeft:u32", shape=box, fillcolor="#2d2d2d"];
  "18" -> "24" [color="#4488ff", label=lhs, fontcolor="#cccccc", fontsize=9];
  "25" -> "24" [color="#ff4444", label=rhs, fontcolor="#cccccc", fontsize=9];
  "25" [label="const 0x2:u32", shape=ellipse, fillcolor="#2d2d2d"];
  "21" [label="StackStore u32\n→ ram[sp - 8]", shape=box3d, fillcolor="#20182a"];
  "26" -> "21" [color="#cc88aa", label=mem, fontcolor="#cccccc", fontsize=9];
  "27" -> "21" [color="#cc88ff", label=sp, fontcolor="#cccccc", fontsize=9];
  "18" -> "21" [color="#ff8800", label=data, fontcolor="#cccccc", fontsize=9];
  "27" [label="Add:u32", shape=box, fillcolor="#2d2d2d"];
  "28" -> "27" [color="#4488ff", label=lhs, fontcolor="#cccccc", fontsize=9];
  "29" -> "27" [color="#ff4444", label=rhs, fontcolor="#cccccc", fontsize=9];
  "29" [label="const 0xfffffff8:u32", shape=ellipse, fillcolor="#2d2d2d"];
  "28" [label="init\nsp", shape=Mdiamond, fillcolor="#1a3a5c"];
  "26" [label="InitialMemory", shape=Mdiamond, fillcolor="#1a3a5c"];
  "12" [label="φ Mem", shape=house, fillcolor="#163030"];
  "9" -> "12" [color="#dddddd", label=phi, fontcolor="#cccccc", fontsize=9];
  "30" -> "12" [color="#cc88aa", label=mem, fontcolor="#cccccc", fontsize=9];
  "31" -> "12" [color="#cc88aa", label=mem, fontcolor="#cccccc", fontsize=9];
  "31" [label="StackStore u32\n→ ram[sp - 4]", shape=box3d, fillcolor="#20182a"];
  "21" -> "31" [color="#cc88aa", label=mem, fontcolor="#cccccc", fontsize=9];
  "32" -> "31" [color="#cc88ff", label=sp, fontcolor="#cccccc", fontsize=9];
  "20" -> "31" [color="#ff8800", label=data, fontcolor="#cccccc", fontsize=9];
  "32" [label="Add:u32", shape=box, fillcolor="#2d2d2d"];
  "28" -> "32" [color="#4488ff", label=lhs, fontcolor="#cccccc", fontsize=9];
  "33" -> "32" [color="#ff4444", label=rhs, fontcolor="#cccccc", fontsize=9];
  "33" [label="const 0xfffffffc:u32", shape=ellipse, fillcolor="#2d2d2d"];
  "30" [label="StackStore u32\n→ ram[sp - 4]", shape=box3d, fillcolor="#20182a"];
  "21" -> "30" [color="#cc88aa", label=mem, fontcolor="#cccccc", fontsize=9];
  "32" -> "30" [color="#cc88ff", label=sp, fontcolor="#cccccc", fontsize=9];
  "34" -> "30" [color="#ff8800", label=data, fontcolor="#cccccc", fontsize=9];
  "34" [label="const 0xffffffff:u32", shape=ellipse, fillcolor="#2d2d2d"];
  "10" [label="ControlState", shape=invhouse, fillcolor="#2a1a4a"];
  "v2" -> "10" [color="#00cccc", label=ctrl, fontcolor="#cccccc", fontsize=9];
  "v6" -> "10" [color="#00cccc", label=ctrl, fontcolor="#cccccc", fontsize=9];
  "8" [label="Equal\nu8 → bool", shape=box, fillcolor="#2d2d2d"];
  "35" -> "8" [color="#4488ff", label=lhs, fontcolor="#cccccc", fontsize=9];
  "36" -> "8" [color="#ff4444", label=rhs, fontcolor="#cccccc", fontsize=9];
  "36" [label="Cast → u8\nfrom bool", shape=box, fillcolor="#2d2d2d"];
  "37" -> "36" [color="#88cc88", label=val, fontcolor="#cccccc", fontsize=9];
  "37" [label="Sborrow\nu32 → bool", shape=box, fillcolor="#2d2d2d"];
  "18" -> "37" [color="#4488ff", label=lhs, fontcolor="#cccccc", fontsize=9];
  "38" -> "37" [color="#ff4444", label=rhs, fontcolor="#cccccc", fontsize=9];
  "38" [label="const 0x4:u32", shape=ellipse, fillcolor="#2d2d2d"];
  "35" [label="Cast → u8\nfrom bool", shape=box, fillcolor="#2d2d2d"];
  "39" -> "35" [color="#88cc88", label=val, fontcolor="#cccccc", fontsize=9];
  "39" [label="Sless\nu32 → bool", shape=box, fillcolor="#2d2d2d"];
  "40" -> "39" [color="#4488ff", label=lhs, fontcolor="#cccccc", fontsize=9];
  "41" -> "39" [color="#ff4444", label=rhs, fontcolor="#cccccc", fontsize=9];
  "41" [label="const 0x0:u32", shape=ellipse, fillcolor="#2d2d2d"];
  "40" [label="Add:u32", shape=box, fillcolor="#2d2d2d"];
  "18" -> "40" [color="#4488ff", label=lhs, fontcolor="#cccccc", fontsize=9];
  "42" -> "40" [color="#ff4444", label=rhs, fontcolor="#cccccc", fontsize=9];
  "42" [label="const 0xfffffffc:u32", shape=ellipse, fillcolor="#2d2d2d"];
  "4" [label="Sless\nu32 → bool", shape=box, fillcolor="#2d2d2d"];
  "18" -> "4" [color="#4488ff", label=lhs, fontcolor="#cccccc", fontsize=9];
  "43" -> "4" [color="#ff4444", label=rhs, fontcolor="#cccccc", fontsize=9];
  "43" [label="const 0x0:u32", shape=ellipse, fillcolor="#2d2d2d"];
}
