---
source: crates/strider/tests/v1_baseline.rs
expression: snapshot_body
---
digraph "G" {
  graph [
    rankdir=TB,
    bgcolor="#1e1e1e",
    fontcolor=white,
  ];

  node [
    shape=box,
    style="filled,rounded",
    fillcolor="#2d2d2d",
    color="#888888",
    fontcolor=white,
    fontname=monospace,
    margin=0.2,
  ];

  edge [
    color="#aaaaaa",
    fontcolor=white,
    penwidth=1.2,
  ];

  "0" [label="Entry", shape=Mdiamond, fillcolor="#1a3a5c"];
  "1" [label="Call", shape=rarrow, fillcolor="#3a1010"];
  "0" -> "1" [color="#00cccc", label=ctrl, fontcolor="#cccccc", fontsize=9];
  "2" -> "1" [color="#cc88aa", label=mem, fontcolor="#cccccc", fontsize=9];
  "3" -> "1" [color="#ffdd44", label=target, fontcolor="#cccccc", fontsize=9];
  "4" -> "1" [color="#ff8800", label=arg0, fontcolor="#cccccc", fontsize=9];
  "3" -> "1" [color="#ff8800", label=arg1, fontcolor="#cccccc", fontsize=9];
  "5" -> "1" [color="#ff8800", label=arg2, fontcolor="#cccccc", fontsize=9];
  "5" [label="const 0x2815c:u32", shape=ellipse, fillcolor="#2d2d2d"];
  "6" [label="Return", shape=doublecircle, fillcolor="#103a10"];
  "1" -> "6" [color="#00cccc", label=ctrl, fontcolor="#cccccc", fontsize=9];
  "1" -> "6" [color="#cc88aa", label=mem, fontcolor="#cccccc", fontsize=9];
  "v7" [label="Post Call\nr3", shape=box, fillcolor="#28102a", style="filled,dashed"];
  "1" -> "v7" [color="#888888", style=dashed];
  "v7" -> "6" [color="#88cc88", label=r3, fontcolor="#cccccc", fontsize=9];
  "v8" [label="Post Call\nr4", shape=box, fillcolor="#28102a", style="filled,dashed"];
  "1" -> "v8" [color="#888888", style=dashed];
  "v8" -> "6" [color="#88cc88", label=r4, fontcolor="#cccccc", fontsize=9];
  "v9" [label="Post Call\nf1", shape=box, fillcolor="#28102a", style="filled,dashed"];
  "1" -> "v9" [color="#888888", style=dashed];
  "v9" -> "6" [color="#88cc88", label=f1, fontcolor="#cccccc", fontsize=9];
  "v10" [label="Post Call\nf2", shape=box, fillcolor="#28102a", style="filled,dashed"];
  "1" -> "v10" [color="#888888", style=dashed];
  "v10" -> "6" [color="#88cc88", label=f2, fontcolor="#cccccc", fontsize=9];
  "3" [label="Load u32\n← ram", shape=box3d, fillcolor="#102030"];
  "2" -> "3" [color="#cc88aa", label=mem, fontcolor="#cccccc", fontsize=9];
  "11" -> "3" [color="#cc88ff", label=addr, fontcolor="#cccccc", fontsize=9];
  "11" [label="Add:u32", shape=box, fillcolor="#2d2d2d"];
  "12" -> "11" [color="#4488ff", label=lhs, fontcolor="#cccccc", fontsize=9];
  "13" -> "11" [color="#ff4444", label=rhs, fontcolor="#cccccc", fontsize=9];
  "13" [label="And:u32", shape=box, fillcolor="#2d2d2d"];
  "14" -> "13" [color="#4488ff", label=lhs, fontcolor="#cccccc", fontsize=9];
  "15" -> "13" [color="#ff4444", label=rhs, fontcolor="#cccccc", fontsize=9];
  "15" [label="const 0xc:u32", shape=ellipse, fillcolor="#2d2d2d"];
  "14" [label="Or:u32", shape=box, fillcolor="#2d2d2d"];
  "16" -> "14" [color="#4488ff", label=lhs, fontcolor="#cccccc", fontsize=9];
  "17" -> "14" [color="#ff4444", label=rhs, fontcolor="#cccccc", fontsize=9];
  "17" [label="ShiftRight:u32", shape=box, fillcolor="#2d2d2d"];
  "18" -> "17" [color="#4488ff", label=lhs, fontcolor="#cccccc", fontsize=9];
  "19" -> "17" [color="#ff4444", label=rhs, fontcolor="#cccccc", fontsize=9];
  "19" [label="const 0x1e:u32", shape=ellipse, fillcolor="#2d2d2d"];
  "18" [label="arg[0] ← r3", shape=Mdiamond, fillcolor="#1a3a5c"];
  "16" [label="ShiftLeft:u32", shape=box, fillcolor="#2d2d2d"];
  "18" -> "16" [color="#4488ff", label=lhs, fontcolor="#cccccc", fontsize=9];
  "20" -> "16" [color="#ff4444", label=rhs, fontcolor="#cccccc", fontsize=9];
  "20" [label="const 0x2:u32", shape=ellipse, fillcolor="#2d2d2d"];
  "12" [label="Load u32\n← ram", shape=box3d, fillcolor="#102030"];
  "2" -> "12" [color="#cc88aa", label=mem, fontcolor="#cccccc", fontsize=9];
  "21" -> "12" [color="#cc88ff", label=addr, fontcolor="#cccccc", fontsize=9];
  "21" [label="const 0x304dc:u32", shape=ellipse, fillcolor="#2d2d2d"];
  "2" [label="StackStore u32\n→ ram[sp - 16]", shape=box3d, fillcolor="#20182a"];
  "22" -> "2" [color="#cc88aa", label=mem, fontcolor="#cccccc", fontsize=9];
  "v23" [label="init\nr1", shape=Mdiamond, fillcolor="#1a3a5c"];
  "v23" -> "2" [color="#cc88ff", label=sp, fontcolor="#cccccc", fontsize=9];
  "4" -> "2" [color="#ff8800", label=data, fontcolor="#cccccc", fontsize=9];
  "4" [label="arg[1] ← r4", shape=Mdiamond, fillcolor="#1a3a5c"];
  "24" [label="init\nr1", shape=Mdiamond, fillcolor="#1a3a5c"];
  "22" [label="StackStore u32\n→ ram[sp - 12]", shape=box3d, fillcolor="#20182a"];
  "25" -> "22" [color="#cc88aa", label=mem, fontcolor="#cccccc", fontsize=9];
  "v26" [label="init\nr1", shape=Mdiamond, fillcolor="#1a3a5c"];
  "v26" -> "22" [color="#cc88ff", label=sp, fontcolor="#cccccc", fontsize=9];
  "18" -> "22" [color="#ff8800", label=data, fontcolor="#cccccc", fontsize=9];
  "25" [label="StackStore u32\n→ ram[sp - 8]", shape=box3d, fillcolor="#20182a"];
  "27" -> "25" [color="#cc88aa", label=mem, fontcolor="#cccccc", fontsize=9];
  "v28" [label="init\nr1", shape=Mdiamond, fillcolor="#1a3a5c"];
  "v28" -> "25" [color="#cc88ff", label=sp, fontcolor="#cccccc", fontsize=9];
  "29" -> "25" [color="#ff8800", label=data, fontcolor="#cccccc", fontsize=9];
  "29" [label="init\nr30", shape=Mdiamond, fillcolor="#1a3a5c"];
  "27" [label="StackStore u32\n→ ram[sp - 4]", shape=box3d, fillcolor="#20182a"];
  "30" -> "27" [color="#cc88aa", label=mem, fontcolor="#cccccc", fontsize=9];
  "v31" [label="init\nr1", shape=Mdiamond, fillcolor="#1a3a5c"];
  "v31" -> "27" [color="#cc88ff", label=sp, fontcolor="#cccccc", fontsize=9];
  "32" -> "27" [color="#ff8800", label=data, fontcolor="#cccccc", fontsize=9];
  "32" [label="init\nr31", shape=Mdiamond, fillcolor="#1a3a5c"];
  "30" [label="StackStore u32\n→ ram[sp - 32]", shape=box3d, fillcolor="#20182a"];
  "33" -> "30" [color="#cc88aa", label=mem, fontcolor="#cccccc", fontsize=9];
  "v34" [label="init\nr1", shape=Mdiamond, fillcolor="#1a3a5c"];
  "v34" -> "30" [color="#cc88ff", label=sp, fontcolor="#cccccc", fontsize=9];
  "24" -> "30" [color="#ff8800", label=data, fontcolor="#cccccc", fontsize=9];
  "33" [label="StackStore u32\n→ ram[sp + 4]", shape=box3d, fillcolor="#20182a"];
  "35" -> "33" [color="#cc88aa", label=mem, fontcolor="#cccccc", fontsize=9];
  "v36" [label="init\nr1", shape=Mdiamond, fillcolor="#1a3a5c"];
  "v36" -> "33" [color="#cc88ff", label=sp, fontcolor="#cccccc", fontsize=9];
  "37" -> "33" [color="#ff8800", label=data, fontcolor="#cccccc", fontsize=9];
  "37" [label="init\nLR", shape=Mdiamond, fillcolor="#1a3a5c"];
  "35" [label="InitialMemory", shape=Mdiamond, fillcolor="#1a3a5c"];
}
