---
source: crates/strider-analyze/tests/v3_baseline.rs
assertion_line: 177
expression: snapshot_body
---
digraph "G" {
  graph [
    rankdir=TB,
    bgcolor="#1e1e1e",
    fontcolor=white,
  ];

  node [
    shape=box,
    style="filled,rounded",
    fillcolor="#2d2d2d",
    color="#888888",
    fontcolor=white,
    fontname=monospace,
    margin=0.2,
  ];

  edge [
    color="#aaaaaa",
    fontcolor=white,
    penwidth=1.2,
  ];

  "0" [label="Entry", shape=Mdiamond, fillcolor="#1a3a5c"];
  "1" [label="Call", shape=rarrow, fillcolor="#3a1010"];
  "0" -> "1" [color="#00cccc", label=ctrl, fontcolor="#cccccc", fontsize=9];
  "2" -> "1" [color="#cc88aa", label=mem, fontcolor="#cccccc", fontsize=9];
  "3" -> "1" [color="#ffdd44", label=target, fontcolor="#cccccc", fontsize=9];
  "3" [label="const 0x894:u64", shape=ellipse, fillcolor="#2d2d2d"];
  "4" -> "1" [color="#ff8800", label=arg0, fontcolor="#cccccc", fontsize=9];
  "5" -> "1" [color="#ff8800", label=arg1, fontcolor="#cccccc", fontsize=9];
  "5" [label="const 0x16:u64", shape=ellipse, fillcolor="#2d2d2d"];
  "6" -> "1" [color="#ff8800", label=arg2, fontcolor="#cccccc", fontsize=9];
  "6" [label="const 0x0:u64", shape=ellipse, fillcolor="#2d2d2d"];
  "7" -> "1" [color="#ff8800", label=arg3, fontcolor="#cccccc", fontsize=9];
  "7" [label="const 0xb00000007:u64", shape=ellipse, fillcolor="#2d2d2d"];
  "8" -> "1" [color="#ff8800", label=arg4, fontcolor="#cccccc", fontsize=9];
  "4" -> "1" [color="#ff8800", label=arg5, fontcolor="#cccccc", fontsize=9];
  "9" -> "1" [color="#ff8800", label=arg6, fontcolor="#cccccc", fontsize=9];
  "9" [label="const 0x200000001:u64", shape=ellipse, fillcolor="#2d2d2d"];
  "10" -> "1" [color="#ff8800", label=arg7, fontcolor="#cccccc", fontsize=9];
  "10" [label="const 0xff00000003:u64", shape=ellipse, fillcolor="#2d2d2d"];
  "11" -> "1" [color="#ff8800", label=arg8, fontcolor="#cccccc", fontsize=9];
  "11" [label="const 0x0:u64", shape=ellipse, fillcolor="#2d2d2d"];
  "12" [label="Call", shape=rarrow, fillcolor="#3a1010"];
  "1" -> "12" [color="#00cccc", label=ctrl, fontcolor="#cccccc", fontsize=9];
  "13" -> "12" [color="#cc88aa", label=mem, fontcolor="#cccccc", fontsize=9];
  "14" -> "12" [color="#ffdd44", label=target, fontcolor="#cccccc", fontsize=9];
  "14" [label="const 0x8b0:u64", shape=ellipse, fillcolor="#2d2d2d"];
  "v15" [label="Post Call\nx5", shape=box, fillcolor="#28102a", style="filled,dashed"];
  "1" -> "v15" [color="#888888", style=dashed];
  "v15" -> "12" [color="#ff8800", label=arg0, fontcolor="#cccccc", fontsize=9];
  "16" -> "12" [color="#ff8800", label=arg1, fontcolor="#cccccc", fontsize=9];
  "16" [label="const 0x5:u64", shape=ellipse, fillcolor="#2d2d2d"];
  "17" -> "12" [color="#ff8800", label=arg2, fontcolor="#cccccc", fontsize=9];
  "18" -> "12" [color="#ff8800", label=arg3, fontcolor="#cccccc", fontsize=9];
  "v19" [label="Post Call\nx4", shape=box, fillcolor="#28102a", style="filled,dashed"];
  "1" -> "v19" [color="#888888", style=dashed];
  "v19" -> "12" [color="#ff8800", label=arg4, fontcolor="#cccccc", fontsize=9];
  "v15" -> "12" [color="#ff8800", label=arg5, fontcolor="#cccccc", fontsize=9];
  "v20" [label="Post Call\nx6", shape=box, fillcolor="#28102a", style="filled,dashed"];
  "1" -> "v20" [color="#888888", style=dashed];
  "v20" -> "12" [color="#ff8800", label=arg6, fontcolor="#cccccc", fontsize=9];
  "v21" [label="Post Call\nx7", shape=box, fillcolor="#28102a", style="filled,dashed"];
  "1" -> "v21" [color="#888888", style=dashed];
  "v21" -> "12" [color="#ff8800", label=arg7, fontcolor="#cccccc", fontsize=9];
  "22" -> "12" [color="#ff8800", label=arg8, fontcolor="#cccccc", fontsize=9];
  "23" [label="Call", shape=rarrow, fillcolor="#3a1010"];
  "12" -> "23" [color="#00cccc", label=ctrl, fontcolor="#cccccc", fontsize=9];
  "12" -> "23" [color="#cc88aa", label=mem, fontcolor="#cccccc", fontsize=9];
  "24" -> "23" [color="#ffdd44", label=target, fontcolor="#cccccc", fontsize=9];
  "24" [label="const 0x8c0:u64", shape=ellipse, fillcolor="#2d2d2d"];
  "v25" [label="Post Call\nx4", shape=box, fillcolor="#28102a", style="filled,dashed"];
  "12" -> "v25" [color="#888888", style=dashed];
  "v25" -> "23" [color="#ff8800", label=arg0, fontcolor="#cccccc", fontsize=9];
  "v26" [label="Post Call\nx1", shape=box, fillcolor="#28102a", style="filled,dashed"];
  "12" -> "v26" [color="#888888", style=dashed];
  "v26" -> "23" [color="#ff8800", label=arg1, fontcolor="#cccccc", fontsize=9];
  "v27" [label="Post Call\nx2", shape=box, fillcolor="#28102a", style="filled,dashed"];
  "12" -> "v27" [color="#888888", style=dashed];
  "v27" -> "23" [color="#ff8800", label=arg2, fontcolor="#cccccc", fontsize=9];
  "v28" [label="Post Call\nx3", shape=box, fillcolor="#28102a", style="filled,dashed"];
  "12" -> "v28" [color="#888888", style=dashed];
  "v28" -> "23" [color="#ff8800", label=arg3, fontcolor="#cccccc", fontsize=9];
  "v25" -> "23" [color="#ff8800", label=arg4, fontcolor="#cccccc", fontsize=9];
  "v29" [label="Post Call\nx5", shape=box, fillcolor="#28102a", style="filled,dashed"];
  "12" -> "v29" [color="#888888", style=dashed];
  "v29" -> "23" [color="#ff8800", label=arg5, fontcolor="#cccccc", fontsize=9];
  "v30" [label="Post Call\nx6", shape=box, fillcolor="#28102a", style="filled,dashed"];
  "12" -> "v30" [color="#888888", style=dashed];
  "v30" -> "23" [color="#ff8800", label=arg6, fontcolor="#cccccc", fontsize=9];
  "v31" [label="Post Call\nx7", shape=box, fillcolor="#28102a", style="filled,dashed"];
  "12" -> "v31" [color="#888888", style=dashed];
  "v31" -> "23" [color="#ff8800", label=arg7, fontcolor="#cccccc", fontsize=9];
  "32" [label="Call", shape=rarrow, fillcolor="#3a1010"];
  "23" -> "32" [color="#00cccc", label=ctrl, fontcolor="#cccccc", fontsize=9];
  "33" -> "32" [color="#cc88aa", label=mem, fontcolor="#cccccc", fontsize=9];
  "34" -> "32" [color="#ffdd44", label=target, fontcolor="#cccccc", fontsize=9];
  "34" [label="const 0x8d0:u64", shape=ellipse, fillcolor="#2d2d2d"];
  "35" -> "32" [color="#ff8800", label=arg0, fontcolor="#cccccc", fontsize=9];
  "36" -> "32" [color="#ff8800", label=arg1, fontcolor="#cccccc", fontsize=9];
  "37" -> "32" [color="#ff8800", label=arg2, fontcolor="#cccccc", fontsize=9];
  "38" -> "32" [color="#ff8800", label=arg3, fontcolor="#cccccc", fontsize=9];
  "38" [label="const 0x3:u64", shape=ellipse, fillcolor="#2d2d2d"];
  "v39" [label="Post Call\nx4", shape=box, fillcolor="#28102a", style="filled,dashed"];
  "23" -> "v39" [color="#888888", style=dashed];
  "v39" -> "32" [color="#ff8800", label=arg4, fontcolor="#cccccc", fontsize=9];
  "v40" [label="Post Call\nx5", shape=box, fillcolor="#28102a", style="filled,dashed"];
  "23" -> "v40" [color="#888888", style=dashed];
  "v40" -> "32" [color="#ff8800", label=arg5, fontcolor="#cccccc", fontsize=9];
  "v41" [label="Post Call\nx6", shape=box, fillcolor="#28102a", style="filled,dashed"];
  "23" -> "v41" [color="#888888", style=dashed];
  "v41" -> "32" [color="#ff8800", label=arg6, fontcolor="#cccccc", fontsize=9];
  "v42" [label="Post Call\nx7", shape=box, fillcolor="#28102a", style="filled,dashed"];
  "23" -> "v42" [color="#888888", style=dashed];
  "v42" -> "32" [color="#ff8800", label=arg7, fontcolor="#cccccc", fontsize=9];
  "43" -> "32" [color="#ff8800", label=arg8, fontcolor="#cccccc", fontsize=9];
  "44" [label="Call", shape=rarrow, fillcolor="#3a1010"];
  "32" -> "44" [color="#00cccc", label=ctrl, fontcolor="#cccccc", fontsize=9];
  "45" -> "44" [color="#cc88aa", label=mem, fontcolor="#cccccc", fontsize=9];
  "46" -> "44" [color="#ffdd44", label=target, fontcolor="#cccccc", fontsize=9];
  "46" [label="const 0x910:u64", shape=ellipse, fillcolor="#2d2d2d"];
  "47" -> "44" [color="#ff8800", label=arg0, fontcolor="#cccccc", fontsize=9];
  "v48" [label="Post Call\nx1", shape=box, fillcolor="#28102a", style="filled,dashed"];
  "32" -> "v48" [color="#888888", style=dashed];
  "v48" -> "44" [color="#ff8800", label=arg1, fontcolor="#cccccc", fontsize=9];
  "49" -> "44" [color="#ff8800", label=arg2, fontcolor="#cccccc", fontsize=9];
  "v50" [label="Post Call\nx3", shape=box, fillcolor="#28102a", style="filled,dashed"];
  "32" -> "v50" [color="#888888", style=dashed];
  "v50" -> "44" [color="#ff8800", label=arg3, fontcolor="#cccccc", fontsize=9];
  "v51" [label="Post Call\nx4", shape=box, fillcolor="#28102a", style="filled,dashed"];
  "32" -> "v51" [color="#888888", style=dashed];
  "v51" -> "44" [color="#ff8800", label=arg4, fontcolor="#cccccc", fontsize=9];
  "v52" [label="Post Call\nx5", shape=box, fillcolor="#28102a", style="filled,dashed"];
  "32" -> "v52" [color="#888888", style=dashed];
  "v52" -> "44" [color="#ff8800", label=arg5, fontcolor="#cccccc", fontsize=9];
  "v53" [label="Post Call\nx6", shape=box, fillcolor="#28102a", style="filled,dashed"];
  "32" -> "v53" [color="#888888", style=dashed];
  "v53" -> "44" [color="#ff8800", label=arg6, fontcolor="#cccccc", fontsize=9];
  "v54" [label="Post Call\nx7", shape=box, fillcolor="#28102a", style="filled,dashed"];
  "32" -> "v54" [color="#888888", style=dashed];
  "v54" -> "44" [color="#ff8800", label=arg7, fontcolor="#cccccc", fontsize=9];
  "55" -> "44" [color="#ff8800", label=arg8, fontcolor="#cccccc", fontsize=9];
  "56" [label="Call", shape=rarrow, fillcolor="#3a1010"];
  "44" -> "56" [color="#00cccc", label=ctrl, fontcolor="#cccccc", fontsize=9];
  "44" -> "56" [color="#cc88aa", label=mem, fontcolor="#cccccc", fontsize=9];
  "57" -> "56" [color="#ffdd44", label=target, fontcolor="#cccccc", fontsize=9];
  "57" [label="const 0x940:u64", shape=ellipse, fillcolor="#2d2d2d"];
  "v58" [label="Post Call\nx5", shape=box, fillcolor="#28102a", style="filled,dashed"];
  "44" -> "v58" [color="#888888", style=dashed];
  "v58" -> "56" [color="#ff8800", label=arg0, fontcolor="#cccccc", fontsize=9];
  "v59" [label="Post Call\nx1", shape=box, fillcolor="#28102a", style="filled,dashed"];
  "44" -> "v59" [color="#888888", style=dashed];
  "v59" -> "56" [color="#ff8800", label=arg1, fontcolor="#cccccc", fontsize=9];
  "v60" [label="Post Call\nx2", shape=box, fillcolor="#28102a", style="filled,dashed"];
  "44" -> "v60" [color="#888888", style=dashed];
  "v60" -> "56" [color="#ff8800", label=arg2, fontcolor="#cccccc", fontsize=9];
  "v61" [label="Post Call\nx3", shape=box, fillcolor="#28102a", style="filled,dashed"];
  "44" -> "v61" [color="#888888", style=dashed];
  "v61" -> "56" [color="#ff8800", label=arg3, fontcolor="#cccccc", fontsize=9];
  "v62" [label="Post Call\nx4", shape=box, fillcolor="#28102a", style="filled,dashed"];
  "44" -> "v62" [color="#888888", style=dashed];
  "v62" -> "56" [color="#ff8800", label=arg4, fontcolor="#cccccc", fontsize=9];
  "v58" -> "56" [color="#ff8800", label=arg5, fontcolor="#cccccc", fontsize=9];
  "v63" [label="Post Call\nx6", shape=box, fillcolor="#28102a", style="filled,dashed"];
  "44" -> "v63" [color="#888888", style=dashed];
  "v63" -> "56" [color="#ff8800", label=arg6, fontcolor="#cccccc", fontsize=9];
  "v64" [label="Post Call\nx7", shape=box, fillcolor="#28102a", style="filled,dashed"];
  "44" -> "v64" [color="#888888", style=dashed];
  "v64" -> "56" [color="#ff8800", label=arg7, fontcolor="#cccccc", fontsize=9];
  "65" [label="Call", shape=rarrow, fillcolor="#3a1010"];
  "56" -> "65" [color="#00cccc", label=ctrl, fontcolor="#cccccc", fontsize=9];
  "56" -> "65" [color="#cc88aa", label=mem, fontcolor="#cccccc", fontsize=9];
  "66" -> "65" [color="#ffdd44", label=target, fontcolor="#cccccc", fontsize=9];
  "66" [label="const 0x960:u64", shape=ellipse, fillcolor="#2d2d2d"];
  "v67" [label="Post Call\nx5", shape=box, fillcolor="#28102a", style="filled,dashed"];
  "56" -> "v67" [color="#888888", style=dashed];
  "v67" -> "65" [color="#ff8800", label=arg0, fontcolor="#cccccc", fontsize=9];
  "v68" [label="Post Call\nx1", shape=box, fillcolor="#28102a", style="filled,dashed"];
  "56" -> "v68" [color="#888888", style=dashed];
  "v68" -> "65" [color="#ff8800", label=arg1, fontcolor="#cccccc", fontsize=9];
  "v69" [label="Post Call\nx2", shape=box, fillcolor="#28102a", style="filled,dashed"];
  "56" -> "v69" [color="#888888", style=dashed];
  "v69" -> "65" [color="#ff8800", label=arg2, fontcolor="#cccccc", fontsize=9];
  "v70" [label="Post Call\nx3", shape=box, fillcolor="#28102a", style="filled,dashed"];
  "56" -> "v70" [color="#888888", style=dashed];
  "v70" -> "65" [color="#ff8800", label=arg3, fontcolor="#cccccc", fontsize=9];
  "v71" [label="Post Call\nx4", shape=box, fillcolor="#28102a", style="filled,dashed"];
  "56" -> "v71" [color="#888888", style=dashed];
  "v71" -> "65" [color="#ff8800", label=arg4, fontcolor="#cccccc", fontsize=9];
  "v67" -> "65" [color="#ff8800", label=arg5, fontcolor="#cccccc", fontsize=9];
  "v72" [label="Post Call\nx6", shape=box, fillcolor="#28102a", style="filled,dashed"];
  "56" -> "v72" [color="#888888", style=dashed];
  "v72" -> "65" [color="#ff8800", label=arg6, fontcolor="#cccccc", fontsize=9];
  "v73" [label="Post Call\nx7", shape=box, fillcolor="#28102a", style="filled,dashed"];
  "56" -> "v73" [color="#888888", style=dashed];
  "v73" -> "65" [color="#ff8800", label=arg7, fontcolor="#cccccc", fontsize=9];
  "74" [label="Call", shape=rarrow, fillcolor="#3a1010"];
  "65" -> "74" [color="#00cccc", label=ctrl, fontcolor="#cccccc", fontsize=9];
  "75" -> "74" [color="#cc88aa", label=mem, fontcolor="#cccccc", fontsize=9];
  "76" -> "74" [color="#ffdd44", label=target, fontcolor="#cccccc", fontsize=9];
  "76" [label="const 0x990:u64", shape=ellipse, fillcolor="#2d2d2d"];
  "77" -> "74" [color="#ff8800", label=arg0, fontcolor="#cccccc", fontsize=9];
  "78" -> "74" [color="#ff8800", label=arg1, fontcolor="#cccccc", fontsize=9];
  "78" [label="const 0x1:u64", shape=ellipse, fillcolor="#2d2d2d"];
  "79" -> "74" [color="#ff8800", label=arg2, fontcolor="#cccccc", fontsize=9];
  "79" [label="const 0x2:u64", shape=ellipse, fillcolor="#2d2d2d"];
  "v80" [label="Post Call\nx3", shape=box, fillcolor="#28102a", style="filled,dashed"];
  "65" -> "v80" [color="#888888", style=dashed];
  "v80" -> "74" [color="#ff8800", label=arg3, fontcolor="#cccccc", fontsize=9];
  "v81" [label="Post Call\nx4", shape=box, fillcolor="#28102a", style="filled,dashed"];
  "65" -> "v81" [color="#888888", style=dashed];
  "v81" -> "74" [color="#ff8800", label=arg4, fontcolor="#cccccc", fontsize=9];
  "v82" [label="Post Call\nx5", shape=box, fillcolor="#28102a", style="filled,dashed"];
  "65" -> "v82" [color="#888888", style=dashed];
  "v82" -> "74" [color="#ff8800", label=arg5, fontcolor="#cccccc", fontsize=9];
  "v83" [label="Post Call\nx6", shape=box, fillcolor="#28102a", style="filled,dashed"];
  "65" -> "v83" [color="#888888", style=dashed];
  "v83" -> "74" [color="#ff8800", label=arg6, fontcolor="#cccccc", fontsize=9];
  "v84" [label="Post Call\nx7", shape=box, fillcolor="#28102a", style="filled,dashed"];
  "65" -> "v84" [color="#888888", style=dashed];
  "v84" -> "74" [color="#ff8800", label=arg7, fontcolor="#cccccc", fontsize=9];
  "85" [label="Call", shape=rarrow, fillcolor="#3a1010"];
  "74" -> "85" [color="#00cccc", label=ctrl, fontcolor="#cccccc", fontsize=9];
  "86" -> "85" [color="#cc88aa", label=mem, fontcolor="#cccccc", fontsize=9];
  "87" -> "85" [color="#ffdd44", label=target, fontcolor="#cccccc", fontsize=9];
  "87" [label="const 0x9d4:u64", shape=ellipse, fillcolor="#2d2d2d"];
  "v88" [label="Post Call\nx5", shape=box, fillcolor="#28102a", style="filled,dashed"];
  "74" -> "v88" [color="#888888", style=dashed];
  "v88" -> "85" [color="#ff8800", label=arg0, fontcolor="#cccccc", fontsize=9];
  "89" -> "85" [color="#ff8800", label=arg1, fontcolor="#cccccc", fontsize=9];
  "90" -> "85" [color="#ff8800", label=arg2, fontcolor="#cccccc", fontsize=9];
  "90" [label="const 0x4:u64", shape=ellipse, fillcolor="#2d2d2d"];
  "91" -> "85" [color="#ff8800", label=arg3, fontcolor="#cccccc", fontsize=9];
  "v92" [label="Post Call\nx4", shape=box, fillcolor="#28102a", style="filled,dashed"];
  "74" -> "v92" [color="#888888", style=dashed];
  "v92" -> "85" [color="#ff8800", label=arg4, fontcolor="#cccccc", fontsize=9];
  "v88" -> "85" [color="#ff8800", label=arg5, fontcolor="#cccccc", fontsize=9];
  "v93" [label="Post Call\nx6", shape=box, fillcolor="#28102a", style="filled,dashed"];
  "74" -> "v93" [color="#888888", style=dashed];
  "v93" -> "85" [color="#ff8800", label=arg6, fontcolor="#cccccc", fontsize=9];
  "v94" [label="Post Call\nx7", shape=box, fillcolor="#28102a", style="filled,dashed"];
  "74" -> "v94" [color="#888888", style=dashed];
  "v94" -> "85" [color="#ff8800", label=arg7, fontcolor="#cccccc", fontsize=9];
  "95" -> "85" [color="#ff8800", label=arg8, fontcolor="#cccccc", fontsize=9];
  "96" [label="Call", shape=rarrow, fillcolor="#3a1010"];
  "85" -> "96" [color="#00cccc", label=ctrl, fontcolor="#cccccc", fontsize=9];
  "97" -> "96" [color="#cc88aa", label=mem, fontcolor="#cccccc", fontsize=9];
  "98" -> "96" [color="#ffdd44", label=target, fontcolor="#cccccc", fontsize=9];
  "98" [label="const 0xc00:u64", shape=ellipse, fillcolor="#2d2d2d"];
  "99" -> "96" [color="#ff8800", label=arg0, fontcolor="#cccccc", fontsize=9];
  "100" -> "96" [color="#ff8800", label=arg1, fontcolor="#cccccc", fontsize=9];
  "v101" [label="Post Call\nx2", shape=box, fillcolor="#28102a", style="filled,dashed"];
  "85" -> "v101" [color="#888888", style=dashed];
  "v101" -> "96" [color="#ff8800", label=arg2, fontcolor="#cccccc", fontsize=9];
  "v102" [label="Post Call\nx3", shape=box, fillcolor="#28102a", style="filled,dashed"];
  "85" -> "v102" [color="#888888", style=dashed];
  "v102" -> "96" [color="#ff8800", label=arg3, fontcolor="#cccccc", fontsize=9];
  "v103" [label="Post Call\nx4", shape=box, fillcolor="#28102a", style="filled,dashed"];
  "85" -> "v103" [color="#888888", style=dashed];
  "v103" -> "96" [color="#ff8800", label=arg4, fontcolor="#cccccc", fontsize=9];
  "v104" [label="Post Call\nx5", shape=box, fillcolor="#28102a", style="filled,dashed"];
  "85" -> "v104" [color="#888888", style=dashed];
  "v104" -> "96" [color="#ff8800", label=arg5, fontcolor="#cccccc", fontsize=9];
  "v105" [label="Post Call\nx6", shape=box, fillcolor="#28102a", style="filled,dashed"];
  "85" -> "v105" [color="#888888", style=dashed];
  "v105" -> "96" [color="#ff8800", label=arg6, fontcolor="#cccccc", fontsize=9];
  "v106" [label="Post Call\nx7", shape=box, fillcolor="#28102a", style="filled,dashed"];
  "85" -> "v106" [color="#888888", style=dashed];
  "v106" -> "96" [color="#ff8800", label=arg7, fontcolor="#cccccc", fontsize=9];
  "107" -> "96" [color="#ff8800", label=arg8, fontcolor="#cccccc", fontsize=9];
  "108" [label="Return", shape=doublecircle, fillcolor="#103a10"];
  "96" -> "108" [color="#00cccc", label=ctrl, fontcolor="#cccccc", fontsize=9];
  "109" -> "108" [color="#cc88aa", label=mem, fontcolor="#cccccc", fontsize=9];
  "110" -> "108" [color="#88cc88", label=x0, fontcolor="#cccccc", fontsize=9];
  "111" -> "108" [color="#88cc88", label=x1, fontcolor="#cccccc", fontsize=9];
  "v112" [label="Post Call\nq0", shape=box, fillcolor="#28102a", style="filled,dashed"];
  "96" -> "v112" [color="#888888", style=dashed];
  "v112" -> "108" [color="#88cc88", label=q0, fontcolor="#cccccc", fontsize=9];
  "v113" [label="Post Call\nq1", shape=box, fillcolor="#28102a", style="filled,dashed"];
  "96" -> "v113" [color="#888888", style=dashed];
  "v113" -> "108" [color="#88cc88", label=q1, fontcolor="#cccccc", fontsize=9];
  "111" [label="ZeroExtend\nu32 → u64", shape=box, fillcolor="#2d2d2d"];
  "114" -> "111" [color="#88cc88", label=val, fontcolor="#cccccc", fontsize=9];
  "114" [label="Xor:u32", shape=box, fillcolor="#2d2d2d"];
  "115" -> "114" [color="#4488ff", label=lhs, fontcolor="#cccccc", fontsize=9];
  "116" -> "114" [color="#ff4444", label=rhs, fontcolor="#cccccc", fontsize=9];
  "116" [label="Truncate\nu64 → u32", shape=box, fillcolor="#2d2d2d"];
  "v117" [label="Post Call\nx0", shape=box, fillcolor="#28102a", style="filled,dashed"];
  "96" -> "v117" [color="#888888", style=dashed];
  "v117" -> "116" [color="#88cc88", label=val, fontcolor="#cccccc", fontsize=9];
  "115" [label="Load u32\n← ram", shape=box3d, fillcolor="#102030"];
  "118" -> "115" [color="#cc88aa", label=mem, fontcolor="#cccccc", fontsize=9];
  "119" -> "115" [color="#cc88ff", label=addr, fontcolor="#cccccc", fontsize=9];
  "119" [label="Add:u64", shape=box, fillcolor="#2d2d2d"];
  "120" -> "119" [color="#4488ff", label=lhs, fontcolor="#cccccc", fontsize=9];
  "121" -> "119" [color="#ff4444", label=rhs, fontcolor="#cccccc", fontsize=9];
  "121" [label="const 0xffffffffffffffcc:u64", shape=ellipse, fillcolor="#2d2d2d"];
  "120" [label="init\nsp", shape=Mdiamond, fillcolor="#1a3a5c"];
  "118" [label="MemPartition[MemPartitionId(6)]", shape=trapezium, fillcolor="#3a1a4a"];
  "96" -> "118" [color="#cc88aa", label=mem, fontcolor="#cccccc", fontsize=9];
  "110" [label="ZeroExtend\nu32 → u64", shape=box, fillcolor="#2d2d2d"];
  "122" -> "110" [color="#88cc88", label=val, fontcolor="#cccccc", fontsize=9];
  "122" [label="Xor:u32", shape=box, fillcolor="#2d2d2d"];
  "114" -> "122" [color="#4488ff", label=lhs, fontcolor="#cccccc", fontsize=9];
  "123" -> "122" [color="#ff4444", label=rhs, fontcolor="#cccccc", fontsize=9];
  "123" [label="Load u32\n← ram", shape=box3d, fillcolor="#102030"];
  "118" -> "123" [color="#cc88aa", label=mem, fontcolor="#cccccc", fontsize=9];
  "91" -> "123" [color="#cc88ff", label=addr, fontcolor="#cccccc", fontsize=9];
  "91" [label="Add:u64", shape=box, fillcolor="#2d2d2d"];
  "120" -> "91" [color="#4488ff", label=lhs, fontcolor="#cccccc", fontsize=9];
  "124" -> "91" [color="#ff4444", label=rhs, fontcolor="#cccccc", fontsize=9];
  "124" [label="const 0xffffffffffffffd4:u64", shape=ellipse, fillcolor="#2d2d2d"];
  "109" [label="MemUnion", shape=trapezium, fillcolor="#3a1a4a"];
  "125" -> "109" [color="#cc88aa", label=mem, fontcolor="#cccccc", fontsize=9];
  "125" [label="StackStore u32\n→ ram[sp - 52]", shape=box3d, fillcolor="#20182a"];
  "118" -> "125" [color="#cc88aa", label=mem, fontcolor="#cccccc", fontsize=9];
  "v126" [label="init\nsp", shape=Mdiamond, fillcolor="#1a3a5c"];
  "v126" -> "125" [color="#cc88ff", label=sp, fontcolor="#cccccc", fontsize=9];
  "114" -> "125" [color="#ff8800", label=data, fontcolor="#cccccc", fontsize=9];
  "107" [label="Xor:u32", shape=box, fillcolor="#2d2d2d"];
  "127" -> "107" [color="#4488ff", label=lhs, fontcolor="#cccccc", fontsize=9];
  "128" -> "107" [color="#ff4444", label=rhs, fontcolor="#cccccc", fontsize=9];
  "128" [label="Truncate\nu64 → u32", shape=box, fillcolor="#2d2d2d"];
  "v129" [label="Post Call\nx0", shape=box, fillcolor="#28102a", style="filled,dashed"];
  "85" -> "v129" [color="#888888", style=dashed];
  "v129" -> "128" [color="#88cc88", label=val, fontcolor="#cccccc", fontsize=9];
  "127" [label="Load u32\n← ram", shape=box3d, fillcolor="#102030"];
  "130" -> "127" [color="#cc88aa", label=mem, fontcolor="#cccccc", fontsize=9];
  "119" -> "127" [color="#cc88ff", label=addr, fontcolor="#cccccc", fontsize=9];
  "130" [label="MemPartition[MemPartitionId(5)]", shape=trapezium, fillcolor="#3a1a4a"];
  "85" -> "130" [color="#cc88aa", label=mem, fontcolor="#cccccc", fontsize=9];
  "100" [label="ZeroExtend\nu32 → u64", shape=box, fillcolor="#2d2d2d"];
  "107" -> "100" [color="#88cc88", label=val, fontcolor="#cccccc", fontsize=9];
  "99" [label="ZeroExtend\nu32 → u64", shape=box, fillcolor="#2d2d2d"];
  "107" -> "99" [color="#88cc88", label=val, fontcolor="#cccccc", fontsize=9];
  "97" [label="MemUnion", shape=trapezium, fillcolor="#3a1a4a"];
  "131" -> "97" [color="#cc88aa", label=mem, fontcolor="#cccccc", fontsize=9];
  "131" [label="StackStore u32\n→ ram[sp - 52]", shape=box3d, fillcolor="#20182a"];
  "130" -> "131" [color="#cc88aa", label=mem, fontcolor="#cccccc", fontsize=9];
  "v132" [label="init\nsp", shape=Mdiamond, fillcolor="#1a3a5c"];
  "v132" -> "131" [color="#cc88ff", label=sp, fontcolor="#cccccc", fontsize=9];
  "107" -> "131" [color="#ff8800", label=data, fontcolor="#cccccc", fontsize=9];
  "95" [label="Xor:u32", shape=box, fillcolor="#2d2d2d"];
  "133" -> "95" [color="#4488ff", label=lhs, fontcolor="#cccccc", fontsize=9];
  "134" -> "95" [color="#ff4444", label=rhs, fontcolor="#cccccc", fontsize=9];
  "134" [label="Truncate\nu64 → u32", shape=box, fillcolor="#2d2d2d"];
  "v135" [label="Post Call\nx0", shape=box, fillcolor="#28102a", style="filled,dashed"];
  "74" -> "v135" [color="#888888", style=dashed];
  "v135" -> "134" [color="#88cc88", label=val, fontcolor="#cccccc", fontsize=9];
  "133" [label="Load u32\n← ram", shape=box3d, fillcolor="#102030"];
  "136" -> "133" [color="#cc88aa", label=mem, fontcolor="#cccccc", fontsize=9];
  "119" -> "133" [color="#cc88ff", label=addr, fontcolor="#cccccc", fontsize=9];
  "136" [label="MemPartition[MemPartitionId(4)]", shape=trapezium, fillcolor="#3a1a4a"];
  "74" -> "136" [color="#cc88aa", label=mem, fontcolor="#cccccc", fontsize=9];
  "89" [label="ZeroExtend\nu32 → u64", shape=box, fillcolor="#2d2d2d"];
  "95" -> "89" [color="#88cc88", label=val, fontcolor="#cccccc", fontsize=9];
  "86" [label="MemUnion", shape=trapezium, fillcolor="#3a1a4a"];
  "137" -> "86" [color="#cc88aa", label=mem, fontcolor="#cccccc", fontsize=9];
  "137" [label="StackStore u32\n→ ram[sp - 52]", shape=box3d, fillcolor="#20182a"];
  "136" -> "137" [color="#cc88aa", label=mem, fontcolor="#cccccc", fontsize=9];
  "v138" [label="init\nsp", shape=Mdiamond, fillcolor="#1a3a5c"];
  "v138" -> "137" [color="#cc88ff", label=sp, fontcolor="#cccccc", fontsize=9];
  "95" -> "137" [color="#ff8800", label=data, fontcolor="#cccccc", fontsize=9];
  "77" [label="ZeroExtend\nu32 → u64", shape=box, fillcolor="#2d2d2d"];
  "139" -> "77" [color="#88cc88", label=val, fontcolor="#cccccc", fontsize=9];
  "139" [label="Load u32\n← ram", shape=box3d, fillcolor="#102030"];
  "140" -> "139" [color="#cc88aa", label=mem, fontcolor="#cccccc", fontsize=9];
  "119" -> "139" [color="#cc88ff", label=addr, fontcolor="#cccccc", fontsize=9];
  "140" [label="MemPartition[MemPartitionId(3)]", shape=trapezium, fillcolor="#3a1a4a"];
  "65" -> "140" [color="#cc88aa", label=mem, fontcolor="#cccccc", fontsize=9];
  "75" [label="MemUnion", shape=trapezium, fillcolor="#3a1a4a"];
  "65" -> "75" [color="#cc88aa", label=mem, fontcolor="#cccccc", fontsize=9];
  "55" [label="Xor:u32", shape=box, fillcolor="#2d2d2d"];
  "141" -> "55" [color="#4488ff", label=lhs, fontcolor="#cccccc", fontsize=9];
  "142" -> "55" [color="#ff4444", label=rhs, fontcolor="#cccccc", fontsize=9];
  "142" [label="Truncate\nu64 → u32", shape=box, fillcolor="#2d2d2d"];
  "v143" [label="Post Call\nx0", shape=box, fillcolor="#28102a", style="filled,dashed"];
  "32" -> "v143" [color="#888888", style=dashed];
  "v143" -> "142" [color="#88cc88", label=val, fontcolor="#cccccc", fontsize=9];
  "141" [label="Load u32\n← ram", shape=box3d, fillcolor="#102030"];
  "144" -> "141" [color="#cc88aa", label=mem, fontcolor="#cccccc", fontsize=9];
  "119" -> "141" [color="#cc88ff", label=addr, fontcolor="#cccccc", fontsize=9];
  "144" [label="MemPartition[MemPartitionId(2)]", shape=trapezium, fillcolor="#3a1a4a"];
  "32" -> "144" [color="#cc88aa", label=mem, fontcolor="#cccccc", fontsize=9];
  "49" [label="ZeroExtend\nu32 → u64", shape=box, fillcolor="#2d2d2d"];
  "55" -> "49" [color="#88cc88", label=val, fontcolor="#cccccc", fontsize=9];
  "47" [label="ZeroExtend\nu32 → u64", shape=box, fillcolor="#2d2d2d"];
  "55" -> "47" [color="#88cc88", label=val, fontcolor="#cccccc", fontsize=9];
  "45" [label="MemUnion", shape=trapezium, fillcolor="#3a1a4a"];
  "145" -> "45" [color="#cc88aa", label=mem, fontcolor="#cccccc", fontsize=9];
  "145" [label="StackStore u32\n→ ram[sp - 52]", shape=box3d, fillcolor="#20182a"];
  "144" -> "145" [color="#cc88aa", label=mem, fontcolor="#cccccc", fontsize=9];
  "v146" [label="init\nsp", shape=Mdiamond, fillcolor="#1a3a5c"];
  "v146" -> "145" [color="#cc88ff", label=sp, fontcolor="#cccccc", fontsize=9];
  "55" -> "145" [color="#ff8800", label=data, fontcolor="#cccccc", fontsize=9];
  "43" [label="Xor:u32", shape=box, fillcolor="#2d2d2d"];
  "147" -> "43" [color="#4488ff", label=lhs, fontcolor="#cccccc", fontsize=9];
  "148" -> "43" [color="#ff4444", label=rhs, fontcolor="#cccccc", fontsize=9];
  "148" [label="Truncate\nu64 → u32", shape=box, fillcolor="#2d2d2d"];
  "v149" [label="Post Call\nx0", shape=box, fillcolor="#28102a", style="filled,dashed"];
  "23" -> "v149" [color="#888888", style=dashed];
  "v149" -> "148" [color="#88cc88", label=val, fontcolor="#cccccc", fontsize=9];
  "147" [label="Load u32\n← ram", shape=box3d, fillcolor="#102030"];
  "150" -> "147" [color="#cc88aa", label=mem, fontcolor="#cccccc", fontsize=9];
  "119" -> "147" [color="#cc88ff", label=addr, fontcolor="#cccccc", fontsize=9];
  "150" [label="MemPartition[MemPartitionId(1)]", shape=trapezium, fillcolor="#3a1a4a"];
  "23" -> "150" [color="#cc88aa", label=mem, fontcolor="#cccccc", fontsize=9];
  "37" [label="ZeroExtend\nu32 → u64", shape=box, fillcolor="#2d2d2d"];
  "43" -> "37" [color="#88cc88", label=val, fontcolor="#cccccc", fontsize=9];
  "36" [label="Add:u64", shape=box, fillcolor="#2d2d2d"];
  "120" -> "36" [color="#4488ff", label=lhs, fontcolor="#cccccc", fontsize=9];
  "151" -> "36" [color="#ff4444", label=rhs, fontcolor="#cccccc", fontsize=9];
  "151" [label="const 0xffffffffffffffd0:u64", shape=ellipse, fillcolor="#2d2d2d"];
  "35" [label="ZeroExtend\nu32 → u64", shape=box, fillcolor="#2d2d2d"];
  "43" -> "35" [color="#88cc88", label=val, fontcolor="#cccccc", fontsize=9];
  "33" [label="MemUnion", shape=trapezium, fillcolor="#3a1a4a"];
  "152" -> "33" [color="#cc88aa", label=mem, fontcolor="#cccccc", fontsize=9];
  "152" [label="StackStore u32\n→ ram[sp - 52]", shape=box3d, fillcolor="#20182a"];
  "150" -> "152" [color="#cc88aa", label=mem, fontcolor="#cccccc", fontsize=9];
  "v153" [label="init\nsp", shape=Mdiamond, fillcolor="#1a3a5c"];
  "v153" -> "152" [color="#cc88ff", label=sp, fontcolor="#cccccc", fontsize=9];
  "43" -> "152" [color="#ff8800", label=data, fontcolor="#cccccc", fontsize=9];
  "22" [label="Xor:u32", shape=box, fillcolor="#2d2d2d"];
  "154" -> "22" [color="#4488ff", label=lhs, fontcolor="#cccccc", fontsize=9];
  "155" -> "22" [color="#ff4444", label=rhs, fontcolor="#cccccc", fontsize=9];
  "155" [label="Truncate\nu64 → u32", shape=box, fillcolor="#2d2d2d"];
  "v156" [label="Post Call\nx0", shape=box, fillcolor="#28102a", style="filled,dashed"];
  "1" -> "v156" [color="#888888", style=dashed];
  "v156" -> "155" [color="#88cc88", label=val, fontcolor="#cccccc", fontsize=9];
  "154" [label="Load u32\n← ram", shape=box3d, fillcolor="#102030"];
  "157" -> "154" [color="#cc88aa", label=mem, fontcolor="#cccccc", fontsize=9];
  "119" -> "154" [color="#cc88ff", label=addr, fontcolor="#cccccc", fontsize=9];
  "157" [label="MemPartition[MemPartitionId(0)]", shape=trapezium, fillcolor="#3a1a4a"];
  "1" -> "157" [color="#cc88aa", label=mem, fontcolor="#cccccc", fontsize=9];
  "18" [label="ZeroExtend\nu32 → u64", shape=box, fillcolor="#2d2d2d"];
  "155" -> "18" [color="#88cc88", label=val, fontcolor="#cccccc", fontsize=9];
  "17" [label="ZeroExtend\nu32 → u64", shape=box, fillcolor="#2d2d2d"];
  "22" -> "17" [color="#88cc88", label=val, fontcolor="#cccccc", fontsize=9];
  "13" [label="MemUnion", shape=trapezium, fillcolor="#3a1a4a"];
  "158" -> "13" [color="#cc88aa", label=mem, fontcolor="#cccccc", fontsize=9];
  "158" [label="StackStore u32\n→ ram[sp - 52]", shape=box3d, fillcolor="#20182a"];
  "157" -> "158" [color="#cc88aa", label=mem, fontcolor="#cccccc", fontsize=9];
  "v159" [label="init\nsp", shape=Mdiamond, fillcolor="#1a3a5c"];
  "v159" -> "158" [color="#cc88ff", label=sp, fontcolor="#cccccc", fontsize=9];
  "22" -> "158" [color="#ff8800", label=data, fontcolor="#cccccc", fontsize=9];
  "4" [label="Add:u64", shape=box, fillcolor="#2d2d2d"];
  "120" -> "4" [color="#4488ff", label=lhs, fontcolor="#cccccc", fontsize=9];
  "160" -> "4" [color="#ff4444", label=rhs, fontcolor="#cccccc", fontsize=9];
  "160" [label="const 0xffffffffffffffe8:u64", shape=ellipse, fillcolor="#2d2d2d"];
  "8" [label="Add:u64", shape=box, fillcolor="#2d2d2d"];
  "120" -> "8" [color="#4488ff", label=lhs, fontcolor="#cccccc", fontsize=9];
  "161" -> "8" [color="#ff4444", label=rhs, fontcolor="#cccccc", fontsize=9];
  "161" [label="const 0xffffffffffffffd8:u64", shape=ellipse, fillcolor="#2d2d2d"];
  "2" [label="StackStore u64\n→ ram[sp - 8]", shape=box3d, fillcolor="#20182a"];
  "162" -> "2" [color="#cc88aa", label=mem, fontcolor="#cccccc", fontsize=9];
  "v163" [label="init\nsp", shape=Mdiamond, fillcolor="#1a3a5c"];
  "v163" -> "2" [color="#cc88ff", label=sp, fontcolor="#cccccc", fontsize=9];
  "164" -> "2" [color="#ff8800", label=data, fontcolor="#cccccc", fontsize=9];
  "164" [label="const 0x0:u64", shape=ellipse, fillcolor="#2d2d2d"];
  "162" [label="StackStore u64\n→ ram[sp - 16]", shape=box3d, fillcolor="#20182a"];
  "165" -> "162" [color="#cc88aa", label=mem, fontcolor="#cccccc", fontsize=9];
  "v166" [label="init\nsp", shape=Mdiamond, fillcolor="#1a3a5c"];
  "v166" -> "162" [color="#cc88ff", label=sp, fontcolor="#cccccc", fontsize=9];
  "167" -> "162" [color="#ff8800", label=data, fontcolor="#cccccc", fontsize=9];
  "167" [label="const 0xff00000003:u64", shape=ellipse, fillcolor="#2d2d2d"];
  "165" [label="StackStore u64\n→ ram[sp - 24]", shape=box3d, fillcolor="#20182a"];
  "168" -> "165" [color="#cc88aa", label=mem, fontcolor="#cccccc", fontsize=9];
  "v169" [label="init\nsp", shape=Mdiamond, fillcolor="#1a3a5c"];
  "v169" -> "165" [color="#cc88ff", label=sp, fontcolor="#cccccc", fontsize=9];
  "170" -> "165" [color="#ff8800", label=data, fontcolor="#cccccc", fontsize=9];
  "170" [label="const 0x200000001:u64", shape=ellipse, fillcolor="#2d2d2d"];
  "168" [label="StackStore u32\n→ ram[sp - 32]", shape=box3d, fillcolor="#20182a"];
  "171" -> "168" [color="#cc88aa", label=mem, fontcolor="#cccccc", fontsize=9];
  "v172" [label="init\nsp", shape=Mdiamond, fillcolor="#1a3a5c"];
  "v172" -> "168" [color="#cc88ff", label=sp, fontcolor="#cccccc", fontsize=9];
  "173" -> "168" [color="#ff8800", label=data, fontcolor="#cccccc", fontsize=9];
  "173" [label="const 0x16:u32", shape=ellipse, fillcolor="#2d2d2d"];
  "171" [label="StackStore u64\n→ ram[sp - 40]", shape=box3d, fillcolor="#20182a"];
  "174" -> "171" [color="#cc88aa", label=mem, fontcolor="#cccccc", fontsize=9];
  "v175" [label="init\nsp", shape=Mdiamond, fillcolor="#1a3a5c"];
  "v175" -> "171" [color="#cc88ff", label=sp, fontcolor="#cccccc", fontsize=9];
  "176" -> "171" [color="#ff8800", label=data, fontcolor="#cccccc", fontsize=9];
  "176" [label="const 0xb00000007:u64", shape=ellipse, fillcolor="#2d2d2d"];
  "174" [label="StackStore u32\n→ ram[sp - 44]", shape=box3d, fillcolor="#20182a"];
  "177" -> "174" [color="#cc88aa", label=mem, fontcolor="#cccccc", fontsize=9];
  "v178" [label="init\nsp", shape=Mdiamond, fillcolor="#1a3a5c"];
  "v178" -> "174" [color="#cc88ff", label=sp, fontcolor="#cccccc", fontsize=9];
  "179" -> "174" [color="#ff8800", label=data, fontcolor="#cccccc", fontsize=9];
  "179" [label="const 0x0:u32", shape=ellipse, fillcolor="#2d2d2d"];
  "177" [label="StackStore u32\n→ ram[sp - 48]", shape=box3d, fillcolor="#20182a"];
  "180" -> "177" [color="#cc88aa", label=mem, fontcolor="#cccccc", fontsize=9];
  "v181" [label="init\nsp", shape=Mdiamond, fillcolor="#1a3a5c"];
  "v181" -> "177" [color="#cc88ff", label=sp, fontcolor="#cccccc", fontsize=9];
  "182" -> "177" [color="#ff8800", label=data, fontcolor="#cccccc", fontsize=9];
  "182" [label="const 0x0:u32", shape=ellipse, fillcolor="#2d2d2d"];
  "180" [label="StackStore u32\n→ ram[sp - 52]", shape=box3d, fillcolor="#20182a"];
  "183" -> "180" [color="#cc88aa", label=mem, fontcolor="#cccccc", fontsize=9];
  "v184" [label="init\nsp", shape=Mdiamond, fillcolor="#1a3a5c"];
  "v184" -> "180" [color="#cc88ff", label=sp, fontcolor="#cccccc", fontsize=9];
  "185" -> "180" [color="#ff8800", label=data, fontcolor="#cccccc", fontsize=9];
  "185" [label="const 0x0:u32", shape=ellipse, fillcolor="#2d2d2d"];
  "183" [label="StackStore u64\n→ ram[sp - 72]", shape=box3d, fillcolor="#20182a"];
  "186" -> "183" [color="#cc88aa", label=mem, fontcolor="#cccccc", fontsize=9];
  "v187" [label="init\nsp", shape=Mdiamond, fillcolor="#1a3a5c"];
  "v187" -> "183" [color="#cc88ff", label=sp, fontcolor="#cccccc", fontsize=9];
  "188" -> "183" [color="#ff8800", label=data, fontcolor="#cccccc", fontsize=9];
  "188" [label="init\nx30", shape=Mdiamond, fillcolor="#1a3a5c"];
  "186" [label="StackStore u64\n→ ram[sp - 80]", shape=box3d, fillcolor="#20182a"];
  "189" -> "186" [color="#cc88aa", label=mem, fontcolor="#cccccc", fontsize=9];
  "v190" [label="init\nsp", shape=Mdiamond, fillcolor="#1a3a5c"];
  "v190" -> "186" [color="#cc88ff", label=sp, fontcolor="#cccccc", fontsize=9];
  "191" -> "186" [color="#ff8800", label=data, fontcolor="#cccccc", fontsize=9];
  "191" [label="init\nx29", shape=Mdiamond, fillcolor="#1a3a5c"];
  "189" [label="InitialMemory", shape=Mdiamond, fillcolor="#1a3a5c"];
}
