---
source: crates/strider-analyze/tests/v3_baseline.rs
assertion_line: 177
expression: snapshot_body
---
digraph "G" {
  graph [
    rankdir=TB,
    bgcolor="#1e1e1e",
    fontcolor=white,
  ];

  node [
    shape=box,
    style="filled,rounded",
    fillcolor="#2d2d2d",
    color="#888888",
    fontcolor=white,
    fontname=monospace,
    margin=0.2,
  ];

  edge [
    color="#aaaaaa",
    fontcolor=white,
    penwidth=1.2,
  ];

  "0" [label="Entry", shape=Mdiamond, fillcolor="#1a3a5c"];
  "1" [label="Call", shape=rarrow, fillcolor="#3a1010"];
  "0" -> "1" [color="#00cccc", label=ctrl, fontcolor="#cccccc", fontsize=9];
  "2" -> "1" [color="#cc88aa", label=mem, fontcolor="#cccccc", fontsize=9];
  "3" -> "1" [color="#ffdd44", label=target, fontcolor="#cccccc", fontsize=9];
  "3" [label="const 0x10010218:u64", shape=ellipse, fillcolor="#2d2d2d"];
  "4" -> "1" [color="#ff8800", label=arg0, fontcolor="#cccccc", fontsize=9];
  "4" [label="const 0x1:u64", shape=ellipse, fillcolor="#2d2d2d"];
  "5" -> "1" [color="#ff8800", label=arg1, fontcolor="#cccccc", fontsize=9];
  "5" [label="const 0x2:u64", shape=ellipse, fillcolor="#2d2d2d"];
  "6" [label="Call", shape=rarrow, fillcolor="#3a1010"];
  "1" -> "6" [color="#00cccc", label=ctrl, fontcolor="#cccccc", fontsize=9];
  "7" -> "6" [color="#cc88aa", label=mem, fontcolor="#cccccc", fontsize=9];
  "8" -> "6" [color="#ffdd44", label=target, fontcolor="#cccccc", fontsize=9];
  "8" [label="const 0x1001024c:u64", shape=ellipse, fillcolor="#2d2d2d"];
  "9" -> "6" [color="#ff8800", label=arg0, fontcolor="#cccccc", fontsize=9];
  "9" [label="const 0x3:u64", shape=ellipse, fillcolor="#2d2d2d"];
  "10" -> "6" [color="#ff8800", label=arg1, fontcolor="#cccccc", fontsize=9];
  "10" [label="const 0x4:u64", shape=ellipse, fillcolor="#2d2d2d"];
  "11" [label="Call", shape=rarrow, fillcolor="#3a1010"];
  "6" -> "11" [color="#00cccc", label=ctrl, fontcolor="#cccccc", fontsize=9];
  "12" -> "11" [color="#cc88aa", label=mem, fontcolor="#cccccc", fontsize=9];
  "13" -> "11" [color="#ffdd44", label=target, fontcolor="#cccccc", fontsize=9];
  "13" [label="const 0x10010280:u64", shape=ellipse, fillcolor="#2d2d2d"];
  "14" -> "11" [color="#ff8800", label=arg0, fontcolor="#cccccc", fontsize=9];
  "14" [label="const 0x5:u64", shape=ellipse, fillcolor="#2d2d2d"];
  "15" -> "11" [color="#ff8800", label=arg1, fontcolor="#cccccc", fontsize=9];
  "15" [label="const 0x6:u64", shape=ellipse, fillcolor="#2d2d2d"];
  "16" [label="Call", shape=rarrow, fillcolor="#3a1010"];
  "11" -> "16" [color="#00cccc", label=ctrl, fontcolor="#cccccc", fontsize=9];
  "17" -> "16" [color="#cc88aa", label=mem, fontcolor="#cccccc", fontsize=9];
  "18" -> "16" [color="#ffdd44", label=target, fontcolor="#cccccc", fontsize=9];
  "18" [label="const 0x100102b4:u64", shape=ellipse, fillcolor="#2d2d2d"];
  "19" -> "16" [color="#ff8800", label=arg0, fontcolor="#cccccc", fontsize=9];
  "19" [label="const 0x7:u64", shape=ellipse, fillcolor="#2d2d2d"];
  "20" -> "16" [color="#ff8800", label=arg1, fontcolor="#cccccc", fontsize=9];
  "20" [label="const 0x1:u64", shape=ellipse, fillcolor="#2d2d2d"];
  "21" [label="Call", shape=rarrow, fillcolor="#3a1010"];
  "16" -> "21" [color="#00cccc", label=ctrl, fontcolor="#cccccc", fontsize=9];
  "22" -> "21" [color="#cc88aa", label=mem, fontcolor="#cccccc", fontsize=9];
  "23" -> "21" [color="#ffdd44", label=target, fontcolor="#cccccc", fontsize=9];
  "23" [label="const 0x100102e8:u64", shape=ellipse, fillcolor="#2d2d2d"];
  "24" -> "21" [color="#ff8800", label=arg0, fontcolor="#cccccc", fontsize=9];
  "24" [label="const 0x7:u64", shape=ellipse, fillcolor="#2d2d2d"];
  "25" -> "21" [color="#ff8800", label=arg1, fontcolor="#cccccc", fontsize=9];
  "25" [label="const 0x3:u64", shape=ellipse, fillcolor="#2d2d2d"];
  "26" [label="Call", shape=rarrow, fillcolor="#3a1010"];
  "21" -> "26" [color="#00cccc", label=ctrl, fontcolor="#cccccc", fontsize=9];
  "27" -> "26" [color="#cc88aa", label=mem, fontcolor="#cccccc", fontsize=9];
  "28" -> "26" [color="#ffdd44", label=target, fontcolor="#cccccc", fontsize=9];
  "28" [label="const 0x10010324:u64", shape=ellipse, fillcolor="#2d2d2d"];
  "29" -> "26" [color="#ff8800", label=arg0, fontcolor="#cccccc", fontsize=9];
  "29" [label="const 0x7:u64", shape=ellipse, fillcolor="#2d2d2d"];
  "30" -> "26" [color="#ff8800", label=arg1, fontcolor="#cccccc", fontsize=9];
  "30" [label="const 0x2:u64", shape=ellipse, fillcolor="#2d2d2d"];
  "31" [label="Call", shape=rarrow, fillcolor="#3a1010"];
  "26" -> "31" [color="#00cccc", label=ctrl, fontcolor="#cccccc", fontsize=9];
  "32" -> "31" [color="#cc88aa", label=mem, fontcolor="#cccccc", fontsize=9];
  "33" -> "31" [color="#ffdd44", label=target, fontcolor="#cccccc", fontsize=9];
  "33" [label="const 0x10010358:u64", shape=ellipse, fillcolor="#2d2d2d"];
  "34" -> "31" [color="#ff8800", label=arg0, fontcolor="#cccccc", fontsize=9];
  "34" [label="const 0x7:u64", shape=ellipse, fillcolor="#2d2d2d"];
  "35" -> "31" [color="#ff8800", label=arg1, fontcolor="#cccccc", fontsize=9];
  "35" [label="const 0x2:u64", shape=ellipse, fillcolor="#2d2d2d"];
  "36" [label="Call", shape=rarrow, fillcolor="#3a1010"];
  "31" -> "36" [color="#00cccc", label=ctrl, fontcolor="#cccccc", fontsize=9];
  "37" -> "36" [color="#cc88aa", label=mem, fontcolor="#cccccc", fontsize=9];
  "38" -> "36" [color="#ffdd44", label=target, fontcolor="#cccccc", fontsize=9];
  "38" [label="const 0x10010394:u64", shape=ellipse, fillcolor="#2d2d2d"];
  "39" -> "36" [color="#ff8800", label=arg0, fontcolor="#cccccc", fontsize=9];
  "39" [label="const 0x1:u64", shape=ellipse, fillcolor="#2d2d2d"];
  "40" -> "36" [color="#ff8800", label=arg1, fontcolor="#cccccc", fontsize=9];
  "40" [label="const 0x2:u64", shape=ellipse, fillcolor="#2d2d2d"];
  "41" [label="Call", shape=rarrow, fillcolor="#3a1010"];
  "36" -> "41" [color="#00cccc", label=ctrl, fontcolor="#cccccc", fontsize=9];
  "42" -> "41" [color="#cc88aa", label=mem, fontcolor="#cccccc", fontsize=9];
  "43" -> "41" [color="#ffdd44", label=target, fontcolor="#cccccc", fontsize=9];
  "43" [label="const 0x100103c8:u64", shape=ellipse, fillcolor="#2d2d2d"];
  "44" -> "41" [color="#ff8800", label=arg0, fontcolor="#cccccc", fontsize=9];
  "44" [label="const 0x1:u64", shape=ellipse, fillcolor="#2d2d2d"];
  "45" -> "41" [color="#ff8800", label=arg1, fontcolor="#cccccc", fontsize=9];
  "45" [label="const 0x2:u64", shape=ellipse, fillcolor="#2d2d2d"];
  "46" [label="Call", shape=rarrow, fillcolor="#3a1010"];
  "41" -> "46" [color="#00cccc", label=ctrl, fontcolor="#cccccc", fontsize=9];
  "47" -> "46" [color="#cc88aa", label=mem, fontcolor="#cccccc", fontsize=9];
  "48" -> "46" [color="#ffdd44", label=target, fontcolor="#cccccc", fontsize=9];
  "48" [label="const 0x100103fc:u64", shape=ellipse, fillcolor="#2d2d2d"];
  "49" -> "46" [color="#ff8800", label=arg0, fontcolor="#cccccc", fontsize=9];
  "49" [label="const 0x1:u64", shape=ellipse, fillcolor="#2d2d2d"];
  "50" -> "46" [color="#ff8800", label=arg1, fontcolor="#cccccc", fontsize=9];
  "50" [label="const 0x2:u64", shape=ellipse, fillcolor="#2d2d2d"];
  "51" [label="Call", shape=rarrow, fillcolor="#3a1010"];
  "46" -> "51" [color="#00cccc", label=ctrl, fontcolor="#cccccc", fontsize=9];
  "52" -> "51" [color="#cc88aa", label=mem, fontcolor="#cccccc", fontsize=9];
  "53" -> "51" [color="#ffdd44", label=target, fontcolor="#cccccc", fontsize=9];
  "53" [label="const 0x10010430:u64", shape=ellipse, fillcolor="#2d2d2d"];
  "54" -> "51" [color="#ff8800", label=arg0, fontcolor="#cccccc", fontsize=9];
  "54" [label="const 0x1:u64", shape=ellipse, fillcolor="#2d2d2d"];
  "v55" [label="Post Call\nr3", shape=box, fillcolor="#28102a", style="filled,dashed"];
  "46" -> "v55" [color="#888888", style=dashed];
  "v55" -> "51" [color="#ff8800", label=arg1, fontcolor="#cccccc", fontsize=9];
  "56" [label="Call", shape=rarrow, fillcolor="#3a1010"];
  "51" -> "56" [color="#00cccc", label=ctrl, fontcolor="#cccccc", fontsize=9];
  "57" -> "56" [color="#cc88aa", label=mem, fontcolor="#cccccc", fontsize=9];
  "58" -> "56" [color="#ffdd44", label=target, fontcolor="#cccccc", fontsize=9];
  "58" [label="const 0x10010454:u64", shape=ellipse, fillcolor="#2d2d2d"];
  "59" -> "56" [color="#ff8800", label=arg0, fontcolor="#cccccc", fontsize=9];
  "59" [label="const 0x1:u64", shape=ellipse, fillcolor="#2d2d2d"];
  "60" -> "56" [color="#ff8800", label=arg1, fontcolor="#cccccc", fontsize=9];
  "60" [label="const 0x2:u64", shape=ellipse, fillcolor="#2d2d2d"];
  "61" [label="Call", shape=rarrow, fillcolor="#3a1010"];
  "56" -> "61" [color="#00cccc", label=ctrl, fontcolor="#cccccc", fontsize=9];
  "62" -> "61" [color="#cc88aa", label=mem, fontcolor="#cccccc", fontsize=9];
  "63" -> "61" [color="#ffdd44", label=target, fontcolor="#cccccc", fontsize=9];
  "63" [label="const 0x10010488:u64", shape=ellipse, fillcolor="#2d2d2d"];
  "64" -> "61" [color="#ff8800", label=arg0, fontcolor="#cccccc", fontsize=9];
  "64" [label="const 0x8:u64", shape=ellipse, fillcolor="#2d2d2d"];
  "65" -> "61" [color="#ff8800", label=arg1, fontcolor="#cccccc", fontsize=9];
  "65" [label="const 0x1:u64", shape=ellipse, fillcolor="#2d2d2d"];
  "66" [label="Call", shape=rarrow, fillcolor="#3a1010"];
  "61" -> "66" [color="#00cccc", label=ctrl, fontcolor="#cccccc", fontsize=9];
  "67" -> "66" [color="#cc88aa", label=mem, fontcolor="#cccccc", fontsize=9];
  "68" -> "66" [color="#ffdd44", label=target, fontcolor="#cccccc", fontsize=9];
  "68" [label="const 0x100104bc:u64", shape=ellipse, fillcolor="#2d2d2d"];
  "69" -> "66" [color="#ff8800", label=arg0, fontcolor="#cccccc", fontsize=9];
  "69" [label="const 0xfffffffffffffff8:u64", shape=ellipse, fillcolor="#2d2d2d"];
  "70" -> "66" [color="#ff8800", label=arg1, fontcolor="#cccccc", fontsize=9];
  "70" [label="const 0x1:u64", shape=ellipse, fillcolor="#2d2d2d"];
  "71" [label="Call", shape=rarrow, fillcolor="#3a1010"];
  "66" -> "71" [color="#00cccc", label=ctrl, fontcolor="#cccccc", fontsize=9];
  "72" -> "71" [color="#cc88aa", label=mem, fontcolor="#cccccc", fontsize=9];
  "73" -> "71" [color="#ffdd44", label=target, fontcolor="#cccccc", fontsize=9];
  "73" [label="const 0x100104f0:u64", shape=ellipse, fillcolor="#2d2d2d"];
  "74" -> "71" [color="#ff8800", label=arg0, fontcolor="#cccccc", fontsize=9];
  "74" [label="const 0x1:u64", shape=ellipse, fillcolor="#2d2d2d"];
  "v75" [label="Post Call\nr3", shape=box, fillcolor="#28102a", style="filled,dashed"];
  "66" -> "v75" [color="#888888", style=dashed];
  "v75" -> "71" [color="#ff8800", label=arg1, fontcolor="#cccccc", fontsize=9];
  "76" [label="Return", shape=doublecircle, fillcolor="#103a10"];
  "71" -> "76" [color="#00cccc", label=ctrl, fontcolor="#cccccc", fontsize=9];
  "77" -> "76" [color="#cc88aa", label=mem, fontcolor="#cccccc", fontsize=9];
  "78" -> "76" [color="#88cc88", label=r3, fontcolor="#cccccc", fontsize=9];
  "v79" [label="Post Call\nr3", shape=box, fillcolor="#28102a", style="filled,dashed"];
  "71" -> "v79" [color="#888888", style=dashed];
  "v79" -> "76" [color="#88cc88", label=r4, fontcolor="#cccccc", fontsize=9];
  "v80" [label="Post Call\nf1", shape=box, fillcolor="#28102a", style="filled,dashed"];
  "71" -> "v80" [color="#888888", style=dashed];
  "v80" -> "76" [color="#88cc88", label=f1, fontcolor="#cccccc", fontsize=9];
  "v81" [label="Post Call\nf2", shape=box, fillcolor="#28102a", style="filled,dashed"];
  "71" -> "v81" [color="#888888", style=dashed];
  "v81" -> "76" [color="#88cc88", label=f2, fontcolor="#cccccc", fontsize=9];
  "78" [label="SignExtend\nu32 → u64", shape=box, fillcolor="#2d2d2d"];
  "82" -> "78" [color="#88cc88", label=val, fontcolor="#cccccc", fontsize=9];
  "82" [label="Truncate\nu64 → u32", shape=box, fillcolor="#2d2d2d"];
  "83" -> "82" [color="#88cc88", label=val, fontcolor="#cccccc", fontsize=9];
  "83" [label="Xor:u64", shape=box, fillcolor="#2d2d2d"];
  "84" -> "83" [color="#4488ff", label=lhs, fontcolor="#cccccc", fontsize=9];
  "v79" -> "83" [color="#ff4444", label=rhs, fontcolor="#cccccc", fontsize=9];
  "84" [label="ZeroExtend\nu32 → u64", shape=box, fillcolor="#2d2d2d"];
  "85" -> "84" [color="#88cc88", label=val, fontcolor="#cccccc", fontsize=9];
  "85" [label="Load u32\n← ram", shape=box3d, fillcolor="#102030"];
  "86" -> "85" [color="#cc88aa", label=mem, fontcolor="#cccccc", fontsize=9];
  "87" -> "85" [color="#cc88ff", label=addr, fontcolor="#cccccc", fontsize=9];
  "87" [label="Add:u64", shape=box, fillcolor="#2d2d2d"];
  "88" -> "87" [color="#4488ff", label=lhs, fontcolor="#cccccc", fontsize=9];
  "89" -> "87" [color="#ff4444", label=rhs, fontcolor="#cccccc", fontsize=9];
  "89" [label="const 0xfffffffffffffff4:u64", shape=ellipse, fillcolor="#2d2d2d"];
  "88" [label="init\nr1", shape=Mdiamond, fillcolor="#1a3a5c"];
  "86" [label="MemPartition[MemPartitionId(15)]", shape=trapezium, fillcolor="#3a1a4a"];
  "71" -> "86" [color="#cc88aa", label=mem, fontcolor="#cccccc", fontsize=9];
  "77" [label="MemUnion", shape=trapezium, fillcolor="#3a1a4a"];
  "90" -> "77" [color="#cc88aa", label=mem, fontcolor="#cccccc", fontsize=9];
  "90" [label="StackStore u32\n→ ram[sp - 12]", shape=box3d, fillcolor="#20182a"];
  "86" -> "90" [color="#cc88aa", label=mem, fontcolor="#cccccc", fontsize=9];
  "v91" [label="init\nr1", shape=Mdiamond, fillcolor="#1a3a5c"];
  "v91" -> "90" [color="#cc88ff", label=sp, fontcolor="#cccccc", fontsize=9];
  "82" -> "90" [color="#ff8800", label=data, fontcolor="#cccccc", fontsize=9];
  "72" [label="MemUnion", shape=trapezium, fillcolor="#3a1a4a"];
  "92" -> "72" [color="#cc88aa", label=mem, fontcolor="#cccccc", fontsize=9];
  "92" [label="StackStore u32\n→ ram[sp - 12]", shape=box3d, fillcolor="#20182a"];
  "93" -> "92" [color="#cc88aa", label=mem, fontcolor="#cccccc", fontsize=9];
  "v94" [label="init\nr1", shape=Mdiamond, fillcolor="#1a3a5c"];
  "v94" -> "92" [color="#cc88ff", label=sp, fontcolor="#cccccc", fontsize=9];
  "95" -> "92" [color="#ff8800", label=data, fontcolor="#cccccc", fontsize=9];
  "95" [label="Truncate\nu64 → u32", shape=box, fillcolor="#2d2d2d"];
  "96" -> "95" [color="#88cc88", label=val, fontcolor="#cccccc", fontsize=9];
  "96" [label="Xor:u64", shape=box, fillcolor="#2d2d2d"];
  "97" -> "96" [color="#4488ff", label=lhs, fontcolor="#cccccc", fontsize=9];
  "v75" -> "96" [color="#ff4444", label=rhs, fontcolor="#cccccc", fontsize=9];
  "97" [label="ZeroExtend\nu32 → u64", shape=box, fillcolor="#2d2d2d"];
  "98" -> "97" [color="#88cc88", label=val, fontcolor="#cccccc", fontsize=9];
  "98" [label="Load u32\n← ram", shape=box3d, fillcolor="#102030"];
  "93" -> "98" [color="#cc88aa", label=mem, fontcolor="#cccccc", fontsize=9];
  "87" -> "98" [color="#cc88ff", label=addr, fontcolor="#cccccc", fontsize=9];
  "93" [label="MemPartition[MemPartitionId(14)]", shape=trapezium, fillcolor="#3a1a4a"];
  "66" -> "93" [color="#cc88aa", label=mem, fontcolor="#cccccc", fontsize=9];
  "67" [label="MemUnion", shape=trapezium, fillcolor="#3a1a4a"];
  "99" -> "67" [color="#cc88aa", label=mem, fontcolor="#cccccc", fontsize=9];
  "99" [label="StackStore u32\n→ ram[sp - 12]", shape=box3d, fillcolor="#20182a"];
  "100" -> "99" [color="#cc88aa", label=mem, fontcolor="#cccccc", fontsize=9];
  "v101" [label="init\nr1", shape=Mdiamond, fillcolor="#1a3a5c"];
  "v101" -> "99" [color="#cc88ff", label=sp, fontcolor="#cccccc", fontsize=9];
  "102" -> "99" [color="#ff8800", label=data, fontcolor="#cccccc", fontsize=9];
  "102" [label="Truncate\nu64 → u32", shape=box, fillcolor="#2d2d2d"];
  "103" -> "102" [color="#88cc88", label=val, fontcolor="#cccccc", fontsize=9];
  "103" [label="Xor:u64", shape=box, fillcolor="#2d2d2d"];
  "104" -> "103" [color="#4488ff", label=lhs, fontcolor="#cccccc", fontsize=9];
  "v105" [label="Post Call\nr3", shape=box, fillcolor="#28102a", style="filled,dashed"];
  "61" -> "v105" [color="#888888", style=dashed];
  "v105" -> "103" [color="#ff4444", label=rhs, fontcolor="#cccccc", fontsize=9];
  "104" [label="ZeroExtend\nu32 → u64", shape=box, fillcolor="#2d2d2d"];
  "106" -> "104" [color="#88cc88", label=val, fontcolor="#cccccc", fontsize=9];
  "106" [label="Load u32\n← ram", shape=box3d, fillcolor="#102030"];
  "100" -> "106" [color="#cc88aa", label=mem, fontcolor="#cccccc", fontsize=9];
  "87" -> "106" [color="#cc88ff", label=addr, fontcolor="#cccccc", fontsize=9];
  "100" [label="MemPartition[MemPartitionId(13)]", shape=trapezium, fillcolor="#3a1a4a"];
  "61" -> "100" [color="#cc88aa", label=mem, fontcolor="#cccccc", fontsize=9];
  "62" [label="MemUnion", shape=trapezium, fillcolor="#3a1a4a"];
  "107" -> "62" [color="#cc88aa", label=mem, fontcolor="#cccccc", fontsize=9];
  "107" [label="StackStore u32\n→ ram[sp - 12]", shape=box3d, fillcolor="#20182a"];
  "108" -> "107" [color="#cc88aa", label=mem, fontcolor="#cccccc", fontsize=9];
  "v109" [label="init\nr1", shape=Mdiamond, fillcolor="#1a3a5c"];
  "v109" -> "107" [color="#cc88ff", label=sp, fontcolor="#cccccc", fontsize=9];
  "110" -> "107" [color="#ff8800", label=data, fontcolor="#cccccc", fontsize=9];
  "110" [label="Truncate\nu64 → u32", shape=box, fillcolor="#2d2d2d"];
  "111" -> "110" [color="#88cc88", label=val, fontcolor="#cccccc", fontsize=9];
  "111" [label="Xor:u64", shape=box, fillcolor="#2d2d2d"];
  "112" -> "111" [color="#4488ff", label=lhs, fontcolor="#cccccc", fontsize=9];
  "v113" [label="Post Call\nr3", shape=box, fillcolor="#28102a", style="filled,dashed"];
  "56" -> "v113" [color="#888888", style=dashed];
  "v113" -> "111" [color="#ff4444", label=rhs, fontcolor="#cccccc", fontsize=9];
  "112" [label="ZeroExtend\nu32 → u64", shape=box, fillcolor="#2d2d2d"];
  "114" -> "112" [color="#88cc88", label=val, fontcolor="#cccccc", fontsize=9];
  "114" [label="Load u32\n← ram", shape=box3d, fillcolor="#102030"];
  "108" -> "114" [color="#cc88aa", label=mem, fontcolor="#cccccc", fontsize=9];
  "87" -> "114" [color="#cc88ff", label=addr, fontcolor="#cccccc", fontsize=9];
  "108" [label="MemPartition[MemPartitionId(12)]", shape=trapezium, fillcolor="#3a1a4a"];
  "56" -> "108" [color="#cc88aa", label=mem, fontcolor="#cccccc", fontsize=9];
  "57" [label="MemUnion", shape=trapezium, fillcolor="#3a1a4a"];
  "115" -> "57" [color="#cc88aa", label=mem, fontcolor="#cccccc", fontsize=9];
  "115" [label="StackStore u32\n→ ram[sp - 12]", shape=box3d, fillcolor="#20182a"];
  "116" -> "115" [color="#cc88aa", label=mem, fontcolor="#cccccc", fontsize=9];
  "v117" [label="init\nr1", shape=Mdiamond, fillcolor="#1a3a5c"];
  "v117" -> "115" [color="#cc88ff", label=sp, fontcolor="#cccccc", fontsize=9];
  "118" -> "115" [color="#ff8800", label=data, fontcolor="#cccccc", fontsize=9];
  "118" [label="Truncate\nu64 → u32", shape=box, fillcolor="#2d2d2d"];
  "119" -> "118" [color="#88cc88", label=val, fontcolor="#cccccc", fontsize=9];
  "119" [label="Xor:u64", shape=box, fillcolor="#2d2d2d"];
  "120" -> "119" [color="#4488ff", label=lhs, fontcolor="#cccccc", fontsize=9];
  "v121" [label="Post Call\nr3", shape=box, fillcolor="#28102a", style="filled,dashed"];
  "51" -> "v121" [color="#888888", style=dashed];
  "v121" -> "119" [color="#ff4444", label=rhs, fontcolor="#cccccc", fontsize=9];
  "120" [label="ZeroExtend\nu32 → u64", shape=box, fillcolor="#2d2d2d"];
  "122" -> "120" [color="#88cc88", label=val, fontcolor="#cccccc", fontsize=9];
  "122" [label="Load u32\n← ram", shape=box3d, fillcolor="#102030"];
  "116" -> "122" [color="#cc88aa", label=mem, fontcolor="#cccccc", fontsize=9];
  "87" -> "122" [color="#cc88ff", label=addr, fontcolor="#cccccc", fontsize=9];
  "116" [label="MemPartition[MemPartitionId(11)]", shape=trapezium, fillcolor="#3a1a4a"];
  "51" -> "116" [color="#cc88aa", label=mem, fontcolor="#cccccc", fontsize=9];
  "52" [label="MemUnion", shape=trapezium, fillcolor="#3a1a4a"];
  "123" -> "52" [color="#cc88aa", label=mem, fontcolor="#cccccc", fontsize=9];
  "123" [label="StackStore u32\n→ ram[sp - 12]", shape=box3d, fillcolor="#20182a"];
  "124" -> "123" [color="#cc88aa", label=mem, fontcolor="#cccccc", fontsize=9];
  "v125" [label="init\nr1", shape=Mdiamond, fillcolor="#1a3a5c"];
  "v125" -> "123" [color="#cc88ff", label=sp, fontcolor="#cccccc", fontsize=9];
  "126" -> "123" [color="#ff8800", label=data, fontcolor="#cccccc", fontsize=9];
  "126" [label="Truncate\nu64 → u32", shape=box, fillcolor="#2d2d2d"];
  "127" -> "126" [color="#88cc88", label=val, fontcolor="#cccccc", fontsize=9];
  "127" [label="Xor:u64", shape=box, fillcolor="#2d2d2d"];
  "128" -> "127" [color="#4488ff", label=lhs, fontcolor="#cccccc", fontsize=9];
  "v55" -> "127" [color="#ff4444", label=rhs, fontcolor="#cccccc", fontsize=9];
  "128" [label="ZeroExtend\nu32 → u64", shape=box, fillcolor="#2d2d2d"];
  "129" -> "128" [color="#88cc88", label=val, fontcolor="#cccccc", fontsize=9];
  "129" [label="Load u32\n← ram", shape=box3d, fillcolor="#102030"];
  "124" -> "129" [color="#cc88aa", label=mem, fontcolor="#cccccc", fontsize=9];
  "87" -> "129" [color="#cc88ff", label=addr, fontcolor="#cccccc", fontsize=9];
  "124" [label="MemPartition[MemPartitionId(10)]", shape=trapezium, fillcolor="#3a1a4a"];
  "46" -> "124" [color="#cc88aa", label=mem, fontcolor="#cccccc", fontsize=9];
  "47" [label="MemUnion", shape=trapezium, fillcolor="#3a1a4a"];
  "130" -> "47" [color="#cc88aa", label=mem, fontcolor="#cccccc", fontsize=9];
  "130" [label="StackStore u32\n→ ram[sp - 12]", shape=box3d, fillcolor="#20182a"];
  "131" -> "130" [color="#cc88aa", label=mem, fontcolor="#cccccc", fontsize=9];
  "v132" [label="init\nr1", shape=Mdiamond, fillcolor="#1a3a5c"];
  "v132" -> "130" [color="#cc88ff", label=sp, fontcolor="#cccccc", fontsize=9];
  "133" -> "130" [color="#ff8800", label=data, fontcolor="#cccccc", fontsize=9];
  "133" [label="Truncate\nu64 → u32", shape=box, fillcolor="#2d2d2d"];
  "134" -> "133" [color="#88cc88", label=val, fontcolor="#cccccc", fontsize=9];
  "134" [label="Xor:u64", shape=box, fillcolor="#2d2d2d"];
  "135" -> "134" [color="#4488ff", label=lhs, fontcolor="#cccccc", fontsize=9];
  "v136" [label="Post Call\nr3", shape=box, fillcolor="#28102a", style="filled,dashed"];
  "41" -> "v136" [color="#888888", style=dashed];
  "v136" -> "134" [color="#ff4444", label=rhs, fontcolor="#cccccc", fontsize=9];
  "135" [label="ZeroExtend\nu32 → u64", shape=box, fillcolor="#2d2d2d"];
  "137" -> "135" [color="#88cc88", label=val, fontcolor="#cccccc", fontsize=9];
  "137" [label="Load u32\n← ram", shape=box3d, fillcolor="#102030"];
  "131" -> "137" [color="#cc88aa", label=mem, fontcolor="#cccccc", fontsize=9];
  "87" -> "137" [color="#cc88ff", label=addr, fontcolor="#cccccc", fontsize=9];
  "131" [label="MemPartition[MemPartitionId(9)]", shape=trapezium, fillcolor="#3a1a4a"];
  "41" -> "131" [color="#cc88aa", label=mem, fontcolor="#cccccc", fontsize=9];
  "42" [label="MemUnion", shape=trapezium, fillcolor="#3a1a4a"];
  "138" -> "42" [color="#cc88aa", label=mem, fontcolor="#cccccc", fontsize=9];
  "138" [label="StackStore u32\n→ ram[sp - 12]", shape=box3d, fillcolor="#20182a"];
  "139" -> "138" [color="#cc88aa", label=mem, fontcolor="#cccccc", fontsize=9];
  "v140" [label="init\nr1", shape=Mdiamond, fillcolor="#1a3a5c"];
  "v140" -> "138" [color="#cc88ff", label=sp, fontcolor="#cccccc", fontsize=9];
  "141" -> "138" [color="#ff8800", label=data, fontcolor="#cccccc", fontsize=9];
  "141" [label="Truncate\nu64 → u32", shape=box, fillcolor="#2d2d2d"];
  "142" -> "141" [color="#88cc88", label=val, fontcolor="#cccccc", fontsize=9];
  "142" [label="Xor:u64", shape=box, fillcolor="#2d2d2d"];
  "143" -> "142" [color="#4488ff", label=lhs, fontcolor="#cccccc", fontsize=9];
  "v144" [label="Post Call\nr3", shape=box, fillcolor="#28102a", style="filled,dashed"];
  "36" -> "v144" [color="#888888", style=dashed];
  "v144" -> "142" [color="#ff4444", label=rhs, fontcolor="#cccccc", fontsize=9];
  "143" [label="ZeroExtend\nu32 → u64", shape=box, fillcolor="#2d2d2d"];
  "145" -> "143" [color="#88cc88", label=val, fontcolor="#cccccc", fontsize=9];
  "145" [label="Load u32\n← ram", shape=box3d, fillcolor="#102030"];
  "139" -> "145" [color="#cc88aa", label=mem, fontcolor="#cccccc", fontsize=9];
  "87" -> "145" [color="#cc88ff", label=addr, fontcolor="#cccccc", fontsize=9];
  "139" [label="MemPartition[MemPartitionId(8)]", shape=trapezium, fillcolor="#3a1a4a"];
  "36" -> "139" [color="#cc88aa", label=mem, fontcolor="#cccccc", fontsize=9];
  "37" [label="MemUnion", shape=trapezium, fillcolor="#3a1a4a"];
  "146" -> "37" [color="#cc88aa", label=mem, fontcolor="#cccccc", fontsize=9];
  "146" [label="StackStore u32\n→ ram[sp - 12]", shape=box3d, fillcolor="#20182a"];
  "147" -> "146" [color="#cc88aa", label=mem, fontcolor="#cccccc", fontsize=9];
  "v148" [label="init\nr1", shape=Mdiamond, fillcolor="#1a3a5c"];
  "v148" -> "146" [color="#cc88ff", label=sp, fontcolor="#cccccc", fontsize=9];
  "149" -> "146" [color="#ff8800", label=data, fontcolor="#cccccc", fontsize=9];
  "149" [label="Truncate\nu64 → u32", shape=box, fillcolor="#2d2d2d"];
  "150" -> "149" [color="#88cc88", label=val, fontcolor="#cccccc", fontsize=9];
  "150" [label="Xor:u64", shape=box, fillcolor="#2d2d2d"];
  "151" -> "150" [color="#4488ff", label=lhs, fontcolor="#cccccc", fontsize=9];
  "v152" [label="Post Call\nr3", shape=box, fillcolor="#28102a", style="filled,dashed"];
  "31" -> "v152" [color="#888888", style=dashed];
  "v152" -> "150" [color="#ff4444", label=rhs, fontcolor="#cccccc", fontsize=9];
  "151" [label="ZeroExtend\nu32 → u64", shape=box, fillcolor="#2d2d2d"];
  "153" -> "151" [color="#88cc88", label=val, fontcolor="#cccccc", fontsize=9];
  "153" [label="Load u32\n← ram", shape=box3d, fillcolor="#102030"];
  "147" -> "153" [color="#cc88aa", label=mem, fontcolor="#cccccc", fontsize=9];
  "87" -> "153" [color="#cc88ff", label=addr, fontcolor="#cccccc", fontsize=9];
  "147" [label="MemPartition[MemPartitionId(7)]", shape=trapezium, fillcolor="#3a1a4a"];
  "31" -> "147" [color="#cc88aa", label=mem, fontcolor="#cccccc", fontsize=9];
  "32" [label="MemUnion", shape=trapezium, fillcolor="#3a1a4a"];
  "154" -> "32" [color="#cc88aa", label=mem, fontcolor="#cccccc", fontsize=9];
  "154" [label="StackStore u32\n→ ram[sp - 12]", shape=box3d, fillcolor="#20182a"];
  "155" -> "154" [color="#cc88aa", label=mem, fontcolor="#cccccc", fontsize=9];
  "v156" [label="init\nr1", shape=Mdiamond, fillcolor="#1a3a5c"];
  "v156" -> "154" [color="#cc88ff", label=sp, fontcolor="#cccccc", fontsize=9];
  "157" -> "154" [color="#ff8800", label=data, fontcolor="#cccccc", fontsize=9];
  "157" [label="Truncate\nu64 → u32", shape=box, fillcolor="#2d2d2d"];
  "158" -> "157" [color="#88cc88", label=val, fontcolor="#cccccc", fontsize=9];
  "158" [label="Xor:u64", shape=box, fillcolor="#2d2d2d"];
  "159" -> "158" [color="#4488ff", label=lhs, fontcolor="#cccccc", fontsize=9];
  "v160" [label="Post Call\nr3", shape=box, fillcolor="#28102a", style="filled,dashed"];
  "26" -> "v160" [color="#888888", style=dashed];
  "v160" -> "158" [color="#ff4444", label=rhs, fontcolor="#cccccc", fontsize=9];
  "159" [label="ZeroExtend\nu32 → u64", shape=box, fillcolor="#2d2d2d"];
  "161" -> "159" [color="#88cc88", label=val, fontcolor="#cccccc", fontsize=9];
  "161" [label="Load u32\n← ram", shape=box3d, fillcolor="#102030"];
  "155" -> "161" [color="#cc88aa", label=mem, fontcolor="#cccccc", fontsize=9];
  "87" -> "161" [color="#cc88ff", label=addr, fontcolor="#cccccc", fontsize=9];
  "155" [label="MemPartition[MemPartitionId(6)]", shape=trapezium, fillcolor="#3a1a4a"];
  "26" -> "155" [color="#cc88aa", label=mem, fontcolor="#cccccc", fontsize=9];
  "27" [label="MemUnion", shape=trapezium, fillcolor="#3a1a4a"];
  "162" -> "27" [color="#cc88aa", label=mem, fontcolor="#cccccc", fontsize=9];
  "162" [label="StackStore u32\n→ ram[sp - 12]", shape=box3d, fillcolor="#20182a"];
  "163" -> "162" [color="#cc88aa", label=mem, fontcolor="#cccccc", fontsize=9];
  "v164" [label="init\nr1", shape=Mdiamond, fillcolor="#1a3a5c"];
  "v164" -> "162" [color="#cc88ff", label=sp, fontcolor="#cccccc", fontsize=9];
  "165" -> "162" [color="#ff8800", label=data, fontcolor="#cccccc", fontsize=9];
  "165" [label="Truncate\nu64 → u32", shape=box, fillcolor="#2d2d2d"];
  "166" -> "165" [color="#88cc88", label=val, fontcolor="#cccccc", fontsize=9];
  "166" [label="Xor:u64", shape=box, fillcolor="#2d2d2d"];
  "167" -> "166" [color="#4488ff", label=lhs, fontcolor="#cccccc", fontsize=9];
  "v168" [label="Post Call\nr3", shape=box, fillcolor="#28102a", style="filled,dashed"];
  "21" -> "v168" [color="#888888", style=dashed];
  "v168" -> "166" [color="#ff4444", label=rhs, fontcolor="#cccccc", fontsize=9];
  "167" [label="ZeroExtend\nu32 → u64", shape=box, fillcolor="#2d2d2d"];
  "169" -> "167" [color="#88cc88", label=val, fontcolor="#cccccc", fontsize=9];
  "169" [label="Load u32\n← ram", shape=box3d, fillcolor="#102030"];
  "163" -> "169" [color="#cc88aa", label=mem, fontcolor="#cccccc", fontsize=9];
  "87" -> "169" [color="#cc88ff", label=addr, fontcolor="#cccccc", fontsize=9];
  "163" [label="MemPartition[MemPartitionId(5)]", shape=trapezium, fillcolor="#3a1a4a"];
  "21" -> "163" [color="#cc88aa", label=mem, fontcolor="#cccccc", fontsize=9];
  "22" [label="MemUnion", shape=trapezium, fillcolor="#3a1a4a"];
  "170" -> "22" [color="#cc88aa", label=mem, fontcolor="#cccccc", fontsize=9];
  "170" [label="StackStore u32\n→ ram[sp - 12]", shape=box3d, fillcolor="#20182a"];
  "171" -> "170" [color="#cc88aa", label=mem, fontcolor="#cccccc", fontsize=9];
  "v172" [label="init\nr1", shape=Mdiamond, fillcolor="#1a3a5c"];
  "v172" -> "170" [color="#cc88ff", label=sp, fontcolor="#cccccc", fontsize=9];
  "173" -> "170" [color="#ff8800", label=data, fontcolor="#cccccc", fontsize=9];
  "173" [label="Truncate\nu64 → u32", shape=box, fillcolor="#2d2d2d"];
  "174" -> "173" [color="#88cc88", label=val, fontcolor="#cccccc", fontsize=9];
  "174" [label="Xor:u64", shape=box, fillcolor="#2d2d2d"];
  "175" -> "174" [color="#4488ff", label=lhs, fontcolor="#cccccc", fontsize=9];
  "v176" [label="Post Call\nr3", shape=box, fillcolor="#28102a", style="filled,dashed"];
  "16" -> "v176" [color="#888888", style=dashed];
  "v176" -> "174" [color="#ff4444", label=rhs, fontcolor="#cccccc", fontsize=9];
  "175" [label="ZeroExtend\nu32 → u64", shape=box, fillcolor="#2d2d2d"];
  "177" -> "175" [color="#88cc88", label=val, fontcolor="#cccccc", fontsize=9];
  "177" [label="Load u32\n← ram", shape=box3d, fillcolor="#102030"];
  "171" -> "177" [color="#cc88aa", label=mem, fontcolor="#cccccc", fontsize=9];
  "87" -> "177" [color="#cc88ff", label=addr, fontcolor="#cccccc", fontsize=9];
  "171" [label="MemPartition[MemPartitionId(4)]", shape=trapezium, fillcolor="#3a1a4a"];
  "16" -> "171" [color="#cc88aa", label=mem, fontcolor="#cccccc", fontsize=9];
  "17" [label="MemUnion", shape=trapezium, fillcolor="#3a1a4a"];
  "178" -> "17" [color="#cc88aa", label=mem, fontcolor="#cccccc", fontsize=9];
  "178" [label="StackStore u32\n→ ram[sp - 12]", shape=box3d, fillcolor="#20182a"];
  "179" -> "178" [color="#cc88aa", label=mem, fontcolor="#cccccc", fontsize=9];
  "v180" [label="init\nr1", shape=Mdiamond, fillcolor="#1a3a5c"];
  "v180" -> "178" [color="#cc88ff", label=sp, fontcolor="#cccccc", fontsize=9];
  "181" -> "178" [color="#ff8800", label=data, fontcolor="#cccccc", fontsize=9];
  "181" [label="Truncate\nu64 → u32", shape=box, fillcolor="#2d2d2d"];
  "182" -> "181" [color="#88cc88", label=val, fontcolor="#cccccc", fontsize=9];
  "182" [label="Xor:u64", shape=box, fillcolor="#2d2d2d"];
  "183" -> "182" [color="#4488ff", label=lhs, fontcolor="#cccccc", fontsize=9];
  "v184" [label="Post Call\nr3", shape=box, fillcolor="#28102a", style="filled,dashed"];
  "11" -> "v184" [color="#888888", style=dashed];
  "v184" -> "182" [color="#ff4444", label=rhs, fontcolor="#cccccc", fontsize=9];
  "183" [label="ZeroExtend\nu32 → u64", shape=box, fillcolor="#2d2d2d"];
  "185" -> "183" [color="#88cc88", label=val, fontcolor="#cccccc", fontsize=9];
  "185" [label="Load u32\n← ram", shape=box3d, fillcolor="#102030"];
  "179" -> "185" [color="#cc88aa", label=mem, fontcolor="#cccccc", fontsize=9];
  "87" -> "185" [color="#cc88ff", label=addr, fontcolor="#cccccc", fontsize=9];
  "179" [label="MemPartition[MemPartitionId(3)]", shape=trapezium, fillcolor="#3a1a4a"];
  "11" -> "179" [color="#cc88aa", label=mem, fontcolor="#cccccc", fontsize=9];
  "12" [label="MemUnion", shape=trapezium, fillcolor="#3a1a4a"];
  "186" -> "12" [color="#cc88aa", label=mem, fontcolor="#cccccc", fontsize=9];
  "186" [label="StackStore u32\n→ ram[sp - 12]", shape=box3d, fillcolor="#20182a"];
  "187" -> "186" [color="#cc88aa", label=mem, fontcolor="#cccccc", fontsize=9];
  "v188" [label="init\nr1", shape=Mdiamond, fillcolor="#1a3a5c"];
  "v188" -> "186" [color="#cc88ff", label=sp, fontcolor="#cccccc", fontsize=9];
  "189" -> "186" [color="#ff8800", label=data, fontcolor="#cccccc", fontsize=9];
  "189" [label="Truncate\nu64 → u32", shape=box, fillcolor="#2d2d2d"];
  "190" -> "189" [color="#88cc88", label=val, fontcolor="#cccccc", fontsize=9];
  "190" [label="Xor:u64", shape=box, fillcolor="#2d2d2d"];
  "191" -> "190" [color="#4488ff", label=lhs, fontcolor="#cccccc", fontsize=9];
  "v192" [label="Post Call\nr3", shape=box, fillcolor="#28102a", style="filled,dashed"];
  "6" -> "v192" [color="#888888", style=dashed];
  "v192" -> "190" [color="#ff4444", label=rhs, fontcolor="#cccccc", fontsize=9];
  "191" [label="ZeroExtend\nu32 → u64", shape=box, fillcolor="#2d2d2d"];
  "193" -> "191" [color="#88cc88", label=val, fontcolor="#cccccc", fontsize=9];
  "193" [label="Load u32\n← ram", shape=box3d, fillcolor="#102030"];
  "187" -> "193" [color="#cc88aa", label=mem, fontcolor="#cccccc", fontsize=9];
  "87" -> "193" [color="#cc88ff", label=addr, fontcolor="#cccccc", fontsize=9];
  "187" [label="MemPartition[MemPartitionId(2)]", shape=trapezium, fillcolor="#3a1a4a"];
  "6" -> "187" [color="#cc88aa", label=mem, fontcolor="#cccccc", fontsize=9];
  "7" [label="MemUnion", shape=trapezium, fillcolor="#3a1a4a"];
  "194" -> "7" [color="#cc88aa", label=mem, fontcolor="#cccccc", fontsize=9];
  "194" [label="StackStore u32\n→ ram[sp - 12]", shape=box3d, fillcolor="#20182a"];
  "195" -> "194" [color="#cc88aa", label=mem, fontcolor="#cccccc", fontsize=9];
  "v196" [label="init\nr1", shape=Mdiamond, fillcolor="#1a3a5c"];
  "v196" -> "194" [color="#cc88ff", label=sp, fontcolor="#cccccc", fontsize=9];
  "197" -> "194" [color="#ff8800", label=data, fontcolor="#cccccc", fontsize=9];
  "197" [label="Truncate\nu64 → u32", shape=box, fillcolor="#2d2d2d"];
  "198" -> "197" [color="#88cc88", label=val, fontcolor="#cccccc", fontsize=9];
  "198" [label="Xor:u64", shape=box, fillcolor="#2d2d2d"];
  "199" -> "198" [color="#4488ff", label=lhs, fontcolor="#cccccc", fontsize=9];
  "v200" [label="Post Call\nr3", shape=box, fillcolor="#28102a", style="filled,dashed"];
  "1" -> "v200" [color="#888888", style=dashed];
  "v200" -> "198" [color="#ff4444", label=rhs, fontcolor="#cccccc", fontsize=9];
  "199" [label="ZeroExtend\nu32 → u64", shape=box, fillcolor="#2d2d2d"];
  "201" -> "199" [color="#88cc88", label=val, fontcolor="#cccccc", fontsize=9];
  "201" [label="Load u32\n← ram", shape=box3d, fillcolor="#102030"];
  "195" -> "201" [color="#cc88aa", label=mem, fontcolor="#cccccc", fontsize=9];
  "87" -> "201" [color="#cc88ff", label=addr, fontcolor="#cccccc", fontsize=9];
  "195" [label="MemPartition[MemPartitionId(1)]", shape=trapezium, fillcolor="#3a1a4a"];
  "1" -> "195" [color="#cc88aa", label=mem, fontcolor="#cccccc", fontsize=9];
  "2" [label="MemUnion", shape=trapezium, fillcolor="#3a1a4a"];
  "202" -> "2" [color="#cc88aa", label=mem, fontcolor="#cccccc", fontsize=9];
  "202" [label="StackStore u32\n→ ram[sp - 12]", shape=box3d, fillcolor="#20182a"];
  "203" -> "202" [color="#cc88aa", label=mem, fontcolor="#cccccc", fontsize=9];
  "v204" [label="init\nr1", shape=Mdiamond, fillcolor="#1a3a5c"];
  "v204" -> "202" [color="#cc88ff", label=sp, fontcolor="#cccccc", fontsize=9];
  "205" -> "202" [color="#ff8800", label=data, fontcolor="#cccccc", fontsize=9];
  "205" [label="const 0x0:u32", shape=ellipse, fillcolor="#2d2d2d"];
  "203" [label="StackStore u64\n→ ram[sp - 112]", shape=box3d, fillcolor="#20182a"];
  "206" -> "203" [color="#cc88aa", label=mem, fontcolor="#cccccc", fontsize=9];
  "v207" [label="init\nr1", shape=Mdiamond, fillcolor="#1a3a5c"];
  "v207" -> "203" [color="#cc88ff", label=sp, fontcolor="#cccccc", fontsize=9];
  "88" -> "203" [color="#ff8800", label=data, fontcolor="#cccccc", fontsize=9];
  "206" [label="StackStore u64\n→ ram[sp + 16]", shape=box3d, fillcolor="#20182a"];
  "208" -> "206" [color="#cc88aa", label=mem, fontcolor="#cccccc", fontsize=9];
  "v209" [label="init\nr1", shape=Mdiamond, fillcolor="#1a3a5c"];
  "v209" -> "206" [color="#cc88ff", label=sp, fontcolor="#cccccc", fontsize=9];
  "210" -> "206" [color="#ff8800", label=data, fontcolor="#cccccc", fontsize=9];
  "210" [label="init\nLR", shape=Mdiamond, fillcolor="#1a3a5c"];
  "208" [label="StackStore u64\n→ ram[sp - 8]", shape=box3d, fillcolor="#20182a"];
  "211" -> "208" [color="#cc88aa", label=mem, fontcolor="#cccccc", fontsize=9];
  "v212" [label="init\nr1", shape=Mdiamond, fillcolor="#1a3a5c"];
  "v212" -> "208" [color="#cc88ff", label=sp, fontcolor="#cccccc", fontsize=9];
  "213" -> "208" [color="#ff8800", label=data, fontcolor="#cccccc", fontsize=9];
  "213" [label="init\nr31", shape=Mdiamond, fillcolor="#1a3a5c"];
  "211" [label="MemPartition[MemPartitionId(0)]", shape=trapezium, fillcolor="#3a1a4a"];
  "214" -> "211" [color="#cc88aa", label=mem, fontcolor="#cccccc", fontsize=9];
  "214" [label="InitialMemory", shape=Mdiamond, fillcolor="#1a3a5c"];
}
