---
source: crates/strider-analyze/tests/v3_baseline.rs
assertion_line: 177
expression: snapshot_body
---
digraph "G" {
  graph [
    rankdir=TB,
    bgcolor="#1e1e1e",
    fontcolor=white,
  ];

  node [
    shape=box,
    style="filled,rounded",
    fillcolor="#2d2d2d",
    color="#888888",
    fontcolor=white,
    fontname=monospace,
    margin=0.2,
  ];

  edge [
    color="#aaaaaa",
    fontcolor=white,
    penwidth=1.2,
  ];

  "0" [label="Entry", shape=Mdiamond, fillcolor="#1a3a5c"];
  "1" [label="If", shape=diamond, fillcolor="#3a2a10"];
  "v2" [label="if.true", shape=trapezium, fillcolor="#3a2a10"];
  "1" -> "v2" [color="#00cccc", label=true, fontcolor="#cccccc", fontsize=9];
  "v3" [label="if.false", shape=trapezium, fillcolor="#3a2a10"];
  "1" -> "v3" [color="#00cccc", label=false, fontcolor="#cccccc", fontsize=9];
  "0" -> "1" [color="#00cccc", label=ctrl, fontcolor="#cccccc", fontsize=9];
  "4" -> "1" [color="#ff44ff", label=cond, fontcolor="#cccccc", fontsize=9];
  "5" [label="Call", shape=rarrow, fillcolor="#3a1010"];
  "v3" -> "5" [color="#00cccc", label=ctrl, fontcolor="#cccccc", fontsize=9];
  "6" -> "5" [color="#cc88aa", label=mem, fontcolor="#cccccc", fontsize=9];
  "7" -> "5" [color="#ffdd44", label=target, fontcolor="#cccccc", fontsize=9];
  "7" [label="const 0x10010198:u32", shape=ellipse, fillcolor="#2d2d2d"];
  "8" -> "5" [color="#ff8800", label=arg0, fontcolor="#cccccc", fontsize=9];
  "9" -> "5" [color="#ff8800", label=arg1, fontcolor="#cccccc", fontsize=9];
  "10" -> "5" [color="#ff8800", label=arg2, fontcolor="#cccccc", fontsize=9];
  "10" -> "5" [color="#ff8800", label=arg3, fontcolor="#cccccc", fontsize=9];
  "11" [label="Region", shape=invhouse, fillcolor="#2a1a4a"];
  "5" -> "11" [color="#00cccc", label=ctrl, fontcolor="#cccccc", fontsize=9];
  "12" -> "11" [color="#00cccc", label=ctrl, fontcolor="#cccccc", fontsize=9];
  "13" [label="Return", shape=doublecircle, fillcolor="#103a10"];
  "11" -> "13" [color="#00cccc", label=ctrl, fontcolor="#cccccc", fontsize=9];
  "14" -> "13" [color="#cc88aa", label=mem, fontcolor="#cccccc", fontsize=9];
  "15" -> "13" [color="#88cc88", label=r3, fontcolor="#cccccc", fontsize=9];
  "16" -> "13" [color="#88cc88", label=r4, fontcolor="#cccccc", fontsize=9];
  "17" -> "13" [color="#88cc88", label=f1, fontcolor="#cccccc", fontsize=9];
  "18" -> "13" [color="#88cc88", label=f2, fontcolor="#cccccc", fontsize=9];
  "18" [label="φ f2", shape=house, fillcolor="#163030"];
  "11" -> "18" [color="#dddddd", label=phi, fontcolor="#cccccc", fontsize=9];
  "v19" [label="Post Call\nf2", shape=box, fillcolor="#28102a", style="filled,dashed"];
  "5" -> "v19" [color="#888888", style=dashed];
  "v19" -> "18" [color="#dddddd", label=in, fontcolor="#cccccc", fontsize=9];
  "v20" [label="Post Call\nf2", shape=box, fillcolor="#28102a", style="filled,dashed"];
  "12" -> "v20" [color="#888888", style=dashed];
  "v20" -> "18" [color="#dddddd", label=in, fontcolor="#cccccc", fontsize=9];
  "12" [label="Call", shape=rarrow, fillcolor="#3a1010"];
  "v2" -> "12" [color="#00cccc", label=ctrl, fontcolor="#cccccc", fontsize=9];
  "21" -> "12" [color="#cc88aa", label=mem, fontcolor="#cccccc", fontsize=9];
  "22" -> "12" [color="#ffdd44", label=target, fontcolor="#cccccc", fontsize=9];
  "22" [label="const 0x10010198:u32", shape=ellipse, fillcolor="#2d2d2d"];
  "10" -> "12" [color="#ff8800", label=arg0, fontcolor="#cccccc", fontsize=9];
  "9" -> "12" [color="#ff8800", label=arg1, fontcolor="#cccccc", fontsize=9];
  "8" -> "12" [color="#ff8800", label=arg2, fontcolor="#cccccc", fontsize=9];
  "10" -> "12" [color="#ff8800", label=arg3, fontcolor="#cccccc", fontsize=9];
  "10" [label="init\nr6", shape=Mdiamond, fillcolor="#1a3a5c"];
  "8" [label="init\nr4", shape=Mdiamond, fillcolor="#1a3a5c"];
  "9" [label="init\nr5", shape=Mdiamond, fillcolor="#1a3a5c"];
  "21" [label="MemUnion", shape=trapezium, fillcolor="#3a1a4a"];
  "23" -> "21" [color="#cc88aa", label=mem, fontcolor="#cccccc", fontsize=9];
  "23" [label="StackStore u32\n→ ram[sp - 28]", shape=box3d, fillcolor="#20182a"];
  "24" -> "23" [color="#cc88aa", label=mem, fontcolor="#cccccc", fontsize=9];
  "v25" [label="init\nr1", shape=Mdiamond, fillcolor="#1a3a5c"];
  "v25" -> "23" [color="#cc88ff", label=sp, fontcolor="#cccccc", fontsize=9];
  "26" -> "23" [color="#ff8800", label=data, fontcolor="#cccccc", fontsize=9];
  "26" [label="init\nr3", shape=Mdiamond, fillcolor="#1a3a5c"];
  "27" [label="init\nr1", shape=Mdiamond, fillcolor="#1a3a5c"];
  "24" [label="StackStore u32\n→ ram[sp - 28]", shape=box3d, fillcolor="#20182a"];
  "28" -> "24" [color="#cc88aa", label=mem, fontcolor="#cccccc", fontsize=9];
  "v29" [label="init\nr1", shape=Mdiamond, fillcolor="#1a3a5c"];
  "v29" -> "24" [color="#cc88ff", label=sp, fontcolor="#cccccc", fontsize=9];
  "26" -> "24" [color="#ff8800", label=data, fontcolor="#cccccc", fontsize=9];
  "28" [label="StackStore u32\n→ ram[sp - 24]", shape=box3d, fillcolor="#20182a"];
  "30" -> "28" [color="#cc88aa", label=mem, fontcolor="#cccccc", fontsize=9];
  "v31" [label="init\nr1", shape=Mdiamond, fillcolor="#1a3a5c"];
  "v31" -> "28" [color="#cc88ff", label=sp, fontcolor="#cccccc", fontsize=9];
  "10" -> "28" [color="#ff8800", label=data, fontcolor="#cccccc", fontsize=9];
  "30" [label="StackStore u32\n→ ram[sp - 20]", shape=box3d, fillcolor="#20182a"];
  "32" -> "30" [color="#cc88aa", label=mem, fontcolor="#cccccc", fontsize=9];
  "v33" [label="init\nr1", shape=Mdiamond, fillcolor="#1a3a5c"];
  "v33" -> "30" [color="#cc88ff", label=sp, fontcolor="#cccccc", fontsize=9];
  "9" -> "30" [color="#ff8800", label=data, fontcolor="#cccccc", fontsize=9];
  "32" [label="StackStore u32\n→ ram[sp - 16]", shape=box3d, fillcolor="#20182a"];
  "34" -> "32" [color="#cc88aa", label=mem, fontcolor="#cccccc", fontsize=9];
  "v35" [label="init\nr1", shape=Mdiamond, fillcolor="#1a3a5c"];
  "v35" -> "32" [color="#cc88ff", label=sp, fontcolor="#cccccc", fontsize=9];
  "8" -> "32" [color="#ff8800", label=data, fontcolor="#cccccc", fontsize=9];
  "34" [label="StackStore u32\n→ ram[sp - 12]", shape=box3d, fillcolor="#20182a"];
  "36" -> "34" [color="#cc88aa", label=mem, fontcolor="#cccccc", fontsize=9];
  "v37" [label="init\nr1", shape=Mdiamond, fillcolor="#1a3a5c"];
  "v37" -> "34" [color="#cc88ff", label=sp, fontcolor="#cccccc", fontsize=9];
  "26" -> "34" [color="#ff8800", label=data, fontcolor="#cccccc", fontsize=9];
  "36" [label="StackStore u32\n→ ram[sp - 4]", shape=box3d, fillcolor="#20182a"];
  "38" -> "36" [color="#cc88aa", label=mem, fontcolor="#cccccc", fontsize=9];
  "v39" [label="init\nr1", shape=Mdiamond, fillcolor="#1a3a5c"];
  "v39" -> "36" [color="#cc88ff", label=sp, fontcolor="#cccccc", fontsize=9];
  "40" -> "36" [color="#ff8800", label=data, fontcolor="#cccccc", fontsize=9];
  "40" [label="init\nr31", shape=Mdiamond, fillcolor="#1a3a5c"];
  "38" [label="StackStore u32\n→ ram[sp - 48]", shape=box3d, fillcolor="#20182a"];
  "41" -> "38" [color="#cc88aa", label=mem, fontcolor="#cccccc", fontsize=9];
  "v42" [label="init\nr1", shape=Mdiamond, fillcolor="#1a3a5c"];
  "v42" -> "38" [color="#cc88ff", label=sp, fontcolor="#cccccc", fontsize=9];
  "27" -> "38" [color="#ff8800", label=data, fontcolor="#cccccc", fontsize=9];
  "41" [label="StackStore u32\n→ ram[sp + 4]", shape=box3d, fillcolor="#20182a"];
  "43" -> "41" [color="#cc88aa", label=mem, fontcolor="#cccccc", fontsize=9];
  "v44" [label="init\nr1", shape=Mdiamond, fillcolor="#1a3a5c"];
  "v44" -> "41" [color="#cc88ff", label=sp, fontcolor="#cccccc", fontsize=9];
  "45" -> "41" [color="#ff8800", label=data, fontcolor="#cccccc", fontsize=9];
  "45" [label="init\nLR", shape=Mdiamond, fillcolor="#1a3a5c"];
  "43" [label="MemPartition[MemPartitionId(0)]", shape=trapezium, fillcolor="#3a1a4a"];
  "46" -> "43" [color="#cc88aa", label=mem, fontcolor="#cccccc", fontsize=9];
  "46" [label="InitialMemory", shape=Mdiamond, fillcolor="#1a3a5c"];
  "17" [label="φ f1", shape=house, fillcolor="#163030"];
  "11" -> "17" [color="#dddddd", label=phi, fontcolor="#cccccc", fontsize=9];
  "v47" [label="Post Call\nf1", shape=box, fillcolor="#28102a", style="filled,dashed"];
  "5" -> "v47" [color="#888888", style=dashed];
  "v47" -> "17" [color="#dddddd", label=in, fontcolor="#cccccc", fontsize=9];
  "v48" [label="Post Call\nf1", shape=box, fillcolor="#28102a", style="filled,dashed"];
  "12" -> "v48" [color="#888888", style=dashed];
  "v48" -> "17" [color="#dddddd", label=in, fontcolor="#cccccc", fontsize=9];
  "16" [label="φ r4", shape=house, fillcolor="#163030"];
  "11" -> "16" [color="#dddddd", label=phi, fontcolor="#cccccc", fontsize=9];
  "v49" [label="Post Call\nr4", shape=box, fillcolor="#28102a", style="filled,dashed"];
  "5" -> "v49" [color="#888888", style=dashed];
  "v49" -> "16" [color="#dddddd", label=in, fontcolor="#cccccc", fontsize=9];
  "v50" [label="Post Call\nr4", shape=box, fillcolor="#28102a", style="filled,dashed"];
  "12" -> "v50" [color="#888888", style=dashed];
  "v50" -> "16" [color="#dddddd", label=in, fontcolor="#cccccc", fontsize=9];
  "15" [label="φ Val", shape=house, fillcolor="#163030"];
  "11" -> "15" [color="#dddddd", label=phi, fontcolor="#cccccc", fontsize=9];
  "51" -> "15" [color="#dddddd", label=in, fontcolor="#cccccc", fontsize=9];
  "52" -> "15" [color="#dddddd", label=in, fontcolor="#cccccc", fontsize=9];
  "52" [label="Add:u32", shape=box, fillcolor="#2d2d2d"];
  "v53" [label="Post Call\nr3", shape=box, fillcolor="#28102a", style="filled,dashed"];
  "12" -> "v53" [color="#888888", style=dashed];
  "v53" -> "52" [color="#4488ff", label=lhs, fontcolor="#cccccc", fontsize=9];
  "54" -> "52" [color="#ff4444", label=rhs, fontcolor="#cccccc", fontsize=9];
  "54" [label="const 0x2:u32", shape=ellipse, fillcolor="#2d2d2d"];
  "51" [label="Add:u32", shape=box, fillcolor="#2d2d2d"];
  "v55" [label="Post Call\nr3", shape=box, fillcolor="#28102a", style="filled,dashed"];
  "5" -> "v55" [color="#888888", style=dashed];
  "v55" -> "51" [color="#4488ff", label=lhs, fontcolor="#cccccc", fontsize=9];
  "56" -> "51" [color="#ff4444", label=rhs, fontcolor="#cccccc", fontsize=9];
  "56" [label="const 0x1:u32", shape=ellipse, fillcolor="#2d2d2d"];
  "14" [label="φ Mem", shape=house, fillcolor="#163030"];
  "11" -> "14" [color="#dddddd", label=phi, fontcolor="#cccccc", fontsize=9];
  "57" -> "14" [color="#cc88aa", label=mem, fontcolor="#cccccc", fontsize=9];
  "58" -> "14" [color="#cc88aa", label=mem, fontcolor="#cccccc", fontsize=9];
  "58" [label="StackStore u32\n→ ram[sp - 8]", shape=box3d, fillcolor="#20182a"];
  "59" -> "58" [color="#cc88aa", label=mem, fontcolor="#cccccc", fontsize=9];
  "v60" [label="init\nr1", shape=Mdiamond, fillcolor="#1a3a5c"];
  "v60" -> "58" [color="#cc88ff", label=sp, fontcolor="#cccccc", fontsize=9];
  "52" -> "58" [color="#ff8800", label=data, fontcolor="#cccccc", fontsize=9];
  "59" [label="StackStore u32\n→ ram[sp - 36]", shape=box3d, fillcolor="#20182a"];
  "61" -> "59" [color="#cc88aa", label=mem, fontcolor="#cccccc", fontsize=9];
  "v62" [label="init\nr1", shape=Mdiamond, fillcolor="#1a3a5c"];
  "v62" -> "59" [color="#cc88ff", label=sp, fontcolor="#cccccc", fontsize=9];
  "v53" -> "59" [color="#ff8800", label=data, fontcolor="#cccccc", fontsize=9];
  "61" [label="StackStore u32\n→ ram[sp - 36]", shape=box3d, fillcolor="#20182a"];
  "12" -> "61" [color="#cc88aa", label=mem, fontcolor="#cccccc", fontsize=9];
  "v63" [label="init\nr1", shape=Mdiamond, fillcolor="#1a3a5c"];
  "v63" -> "61" [color="#cc88ff", label=sp, fontcolor="#cccccc", fontsize=9];
  "v53" -> "61" [color="#ff8800", label=data, fontcolor="#cccccc", fontsize=9];
  "57" [label="StackStore u32\n→ ram[sp - 8]", shape=box3d, fillcolor="#20182a"];
  "64" -> "57" [color="#cc88aa", label=mem, fontcolor="#cccccc", fontsize=9];
  "v65" [label="init\nr1", shape=Mdiamond, fillcolor="#1a3a5c"];
  "v65" -> "57" [color="#cc88ff", label=sp, fontcolor="#cccccc", fontsize=9];
  "51" -> "57" [color="#ff8800", label=data, fontcolor="#cccccc", fontsize=9];
  "64" [label="StackStore u32\n→ ram[sp - 32]", shape=box3d, fillcolor="#20182a"];
  "66" -> "64" [color="#cc88aa", label=mem, fontcolor="#cccccc", fontsize=9];
  "v67" [label="init\nr1", shape=Mdiamond, fillcolor="#1a3a5c"];
  "v67" -> "64" [color="#cc88ff", label=sp, fontcolor="#cccccc", fontsize=9];
  "v55" -> "64" [color="#ff8800", label=data, fontcolor="#cccccc", fontsize=9];
  "66" [label="StackStore u32\n→ ram[sp - 32]", shape=box3d, fillcolor="#20182a"];
  "5" -> "66" [color="#cc88aa", label=mem, fontcolor="#cccccc", fontsize=9];
  "v68" [label="init\nr1", shape=Mdiamond, fillcolor="#1a3a5c"];
  "v68" -> "66" [color="#cc88ff", label=sp, fontcolor="#cccccc", fontsize=9];
  "v55" -> "66" [color="#ff8800", label=data, fontcolor="#cccccc", fontsize=9];
  "6" [label="MemUnion", shape=trapezium, fillcolor="#3a1a4a"];
  "23" -> "6" [color="#cc88aa", label=mem, fontcolor="#cccccc", fontsize=9];
  "4" [label="Cast → bool\nfrom u8", shape=box, fillcolor="#2d2d2d"];
  "69" -> "4" [color="#88cc88", label=val, fontcolor="#cccccc", fontsize=9];
  "69" [label="And:u8", shape=box, fillcolor="#2d2d2d"];
  "70" -> "69" [color="#4488ff", label=lhs, fontcolor="#cccccc", fontsize=9];
  "71" -> "69" [color="#ff4444", label=rhs, fontcolor="#cccccc", fontsize=9];
  "71" [label="const 0x1:u8", shape=ellipse, fillcolor="#2d2d2d"];
  "70" [label="ShiftRight:u8", shape=box, fillcolor="#2d2d2d"];
  "72" -> "70" [color="#4488ff", label=lhs, fontcolor="#cccccc", fontsize=9];
  "73" -> "70" [color="#ff4444", label=rhs, fontcolor="#cccccc", fontsize=9];
  "73" [label="const 0x1:u8", shape=ellipse, fillcolor="#2d2d2d"];
  "72" [label="Or:u8", shape=box, fillcolor="#2d2d2d"];
  "74" -> "72" [color="#4488ff", label=lhs, fontcolor="#cccccc", fontsize=9];
  "75" -> "72" [color="#ff4444", label=rhs, fontcolor="#cccccc", fontsize=9];
  "75" [label="And:u8", shape=box, fillcolor="#2d2d2d"];
  "76" -> "75" [color="#4488ff", label=lhs, fontcolor="#cccccc", fontsize=9];
  "77" -> "75" [color="#ff4444", label=rhs, fontcolor="#cccccc", fontsize=9];
  "77" [label="const 0x1:u8", shape=ellipse, fillcolor="#2d2d2d"];
  "76" [label="init\nxer_so", shape=Mdiamond, fillcolor="#1a3a5c"];
  "74" [label="Or:u8", shape=box, fillcolor="#2d2d2d"];
  "78" -> "74" [color="#4488ff", label=lhs, fontcolor="#cccccc", fontsize=9];
  "79" -> "74" [color="#ff4444", label=rhs, fontcolor="#cccccc", fontsize=9];
  "79" [label="ShiftLeft:u8", shape=box, fillcolor="#2d2d2d"];
  "80" -> "79" [color="#4488ff", label=lhs, fontcolor="#cccccc", fontsize=9];
  "81" -> "79" [color="#ff4444", label=rhs, fontcolor="#cccccc", fontsize=9];
  "81" [label="const 0x1:u8", shape=ellipse, fillcolor="#2d2d2d"];
  "80" [label="Cast → u8\nfrom bool", shape=box, fillcolor="#2d2d2d"];
  "82" -> "80" [color="#88cc88", label=val, fontcolor="#cccccc", fontsize=9];
  "82" [label="Equal\nu32 → bool", shape=box, fillcolor="#2d2d2d"];
  "26" -> "82" [color="#4488ff", label=lhs, fontcolor="#cccccc", fontsize=9];
  "83" -> "82" [color="#ff4444", label=rhs, fontcolor="#cccccc", fontsize=9];
  "83" [label="const 0x0:u32", shape=ellipse, fillcolor="#2d2d2d"];
  "78" [label="Or:u8", shape=box, fillcolor="#2d2d2d"];
  "84" -> "78" [color="#4488ff", label=lhs, fontcolor="#cccccc", fontsize=9];
  "85" -> "78" [color="#ff4444", label=rhs, fontcolor="#cccccc", fontsize=9];
  "85" [label="ShiftLeft:u8", shape=box, fillcolor="#2d2d2d"];
  "86" -> "85" [color="#4488ff", label=lhs, fontcolor="#cccccc", fontsize=9];
  "87" -> "85" [color="#ff4444", label=rhs, fontcolor="#cccccc", fontsize=9];
  "87" [label="const 0x2:u8", shape=ellipse, fillcolor="#2d2d2d"];
  "86" [label="Cast → u8\nfrom bool", shape=box, fillcolor="#2d2d2d"];
  "88" -> "86" [color="#88cc88", label=val, fontcolor="#cccccc", fontsize=9];
  "88" [label="Less\nu32 → bool", shape=box, fillcolor="#2d2d2d"];
  "89" -> "88" [color="#4488ff", label=lhs, fontcolor="#cccccc", fontsize=9];
  "89" [label="const 0x0:u32", shape=ellipse, fillcolor="#2d2d2d"];
  "26" -> "88" [color="#ff4444", label=rhs, fontcolor="#cccccc", fontsize=9];
  "84" [label="ShiftLeft:u8", shape=box, fillcolor="#2d2d2d"];
  "90" -> "84" [color="#4488ff", label=lhs, fontcolor="#cccccc", fontsize=9];
  "91" -> "84" [color="#ff4444", label=rhs, fontcolor="#cccccc", fontsize=9];
  "91" [label="const 0x3:u8", shape=ellipse, fillcolor="#2d2d2d"];
  "90" [label="Cast → u8\nfrom bool", shape=box, fillcolor="#2d2d2d"];
  "92" -> "90" [color="#88cc88", label=val, fontcolor="#cccccc", fontsize=9];
  "92" [label="Less\nu32 → bool", shape=box, fillcolor="#2d2d2d"];
  "26" -> "92" [color="#4488ff", label=lhs, fontcolor="#cccccc", fontsize=9];
  "93" -> "92" [color="#ff4444", label=rhs, fontcolor="#cccccc", fontsize=9];
  "93" [label="const 0x0:u32", shape=ellipse, fillcolor="#2d2d2d"];
}
