---
source: crates/strider-analyze/tests/v3_baseline.rs
assertion_line: 177
expression: snapshot_body
---
digraph "G" {
  graph [
    rankdir=TB,
    bgcolor="#1e1e1e",
    fontcolor=white,
  ];

  node [
    shape=box,
    style="filled,rounded",
    fillcolor="#2d2d2d",
    color="#888888",
    fontcolor=white,
    fontname=monospace,
    margin=0.2,
  ];

  edge [
    color="#aaaaaa",
    fontcolor=white,
    penwidth=1.2,
  ];

  "0" [label="Entry", shape=Mdiamond, fillcolor="#1a3a5c"];
  "1" [label="Call", shape=rarrow, fillcolor="#3a1010"];
  "0" -> "1" [color="#00cccc", label=ctrl, fontcolor="#cccccc", fontsize=9];
  "2" -> "1" [color="#cc88aa", label=mem, fontcolor="#cccccc", fontsize=9];
  "3" -> "1" [color="#ffdd44", label=target, fontcolor="#cccccc", fontsize=9];
  "3" [label="const 0x400840:u32", shape=ellipse, fillcolor="#2d2d2d"];
  "4" -> "1" [color="#ff8800", label=arg0, fontcolor="#cccccc", fontsize=9];
  "4" [label="const 0x1:u32", shape=ellipse, fillcolor="#2d2d2d"];
  "5" -> "1" [color="#ff8800", label=arg1, fontcolor="#cccccc", fontsize=9];
  "5" [label="const 0x2:u32", shape=ellipse, fillcolor="#2d2d2d"];
  "6" [label="Call", shape=rarrow, fillcolor="#3a1010"];
  "1" -> "6" [color="#00cccc", label=ctrl, fontcolor="#cccccc", fontsize=9];
  "7" -> "6" [color="#cc88aa", label=mem, fontcolor="#cccccc", fontsize=9];
  "8" -> "6" [color="#ffdd44", label=target, fontcolor="#cccccc", fontsize=9];
  "8" [label="const 0x400848:u32", shape=ellipse, fillcolor="#2d2d2d"];
  "9" -> "6" [color="#ff8800", label=arg0, fontcolor="#cccccc", fontsize=9];
  "9" [label="const 0x3:u32", shape=ellipse, fillcolor="#2d2d2d"];
  "10" -> "6" [color="#ff8800", label=arg1, fontcolor="#cccccc", fontsize=9];
  "10" [label="const 0x4:u32", shape=ellipse, fillcolor="#2d2d2d"];
  "11" [label="Call", shape=rarrow, fillcolor="#3a1010"];
  "6" -> "11" [color="#00cccc", label=ctrl, fontcolor="#cccccc", fontsize=9];
  "12" -> "11" [color="#cc88aa", label=mem, fontcolor="#cccccc", fontsize=9];
  "13" -> "11" [color="#ffdd44", label=target, fontcolor="#cccccc", fontsize=9];
  "13" [label="const 0x400850:u32", shape=ellipse, fillcolor="#2d2d2d"];
  "14" -> "11" [color="#ff8800", label=arg0, fontcolor="#cccccc", fontsize=9];
  "14" [label="const 0x5:u32", shape=ellipse, fillcolor="#2d2d2d"];
  "15" -> "11" [color="#ff8800", label=arg1, fontcolor="#cccccc", fontsize=9];
  "15" [label="const 0x6:u32", shape=ellipse, fillcolor="#2d2d2d"];
  "16" [label="Call", shape=rarrow, fillcolor="#3a1010"];
  "11" -> "16" [color="#00cccc", label=ctrl, fontcolor="#cccccc", fontsize=9];
  "17" -> "16" [color="#cc88aa", label=mem, fontcolor="#cccccc", fontsize=9];
  "18" -> "16" [color="#ffdd44", label=target, fontcolor="#cccccc", fontsize=9];
  "18" [label="const 0x400858:u32", shape=ellipse, fillcolor="#2d2d2d"];
  "19" -> "16" [color="#ff8800", label=arg0, fontcolor="#cccccc", fontsize=9];
  "19" [label="const 0x7:u32", shape=ellipse, fillcolor="#2d2d2d"];
  "20" -> "16" [color="#ff8800", label=arg1, fontcolor="#cccccc", fontsize=9];
  "20" [label="const 0x1:u32", shape=ellipse, fillcolor="#2d2d2d"];
  "21" [label="Call", shape=rarrow, fillcolor="#3a1010"];
  "16" -> "21" [color="#00cccc", label=ctrl, fontcolor="#cccccc", fontsize=9];
  "22" -> "21" [color="#cc88aa", label=mem, fontcolor="#cccccc", fontsize=9];
  "23" -> "21" [color="#ffdd44", label=target, fontcolor="#cccccc", fontsize=9];
  "23" [label="const 0x400868:u32", shape=ellipse, fillcolor="#2d2d2d"];
  "v24" [label="Post Call\na0", shape=box, fillcolor="#28102a", style="filled,dashed"];
  "16" -> "v24" [color="#888888", style=dashed];
  "v24" -> "21" [color="#ff8800", label=arg0, fontcolor="#cccccc", fontsize=9];
  "25" -> "21" [color="#ff8800", label=arg1, fontcolor="#cccccc", fontsize=9];
  "25" [label="const 0x3:u32", shape=ellipse, fillcolor="#2d2d2d"];
  "26" [label="Call", shape=rarrow, fillcolor="#3a1010"];
  "21" -> "26" [color="#00cccc", label=ctrl, fontcolor="#cccccc", fontsize=9];
  "27" -> "26" [color="#cc88aa", label=mem, fontcolor="#cccccc", fontsize=9];
  "28" -> "26" [color="#ffdd44", label=target, fontcolor="#cccccc", fontsize=9];
  "28" [label="const 0x400878:u32", shape=ellipse, fillcolor="#2d2d2d"];
  "v29" [label="Post Call\na0", shape=box, fillcolor="#28102a", style="filled,dashed"];
  "21" -> "v29" [color="#888888", style=dashed];
  "v29" -> "26" [color="#ff8800", label=arg0, fontcolor="#cccccc", fontsize=9];
  "30" -> "26" [color="#ff8800", label=arg1, fontcolor="#cccccc", fontsize=9];
  "30" [label="const 0x2:u32", shape=ellipse, fillcolor="#2d2d2d"];
  "31" [label="Call", shape=rarrow, fillcolor="#3a1010"];
  "26" -> "31" [color="#00cccc", label=ctrl, fontcolor="#cccccc", fontsize=9];
  "32" -> "31" [color="#cc88aa", label=mem, fontcolor="#cccccc", fontsize=9];
  "33" -> "31" [color="#ffdd44", label=target, fontcolor="#cccccc", fontsize=9];
  "33" [label="const 0x400888:u32", shape=ellipse, fillcolor="#2d2d2d"];
  "v34" [label="Post Call\na0", shape=box, fillcolor="#28102a", style="filled,dashed"];
  "26" -> "v34" [color="#888888", style=dashed];
  "v34" -> "31" [color="#ff8800", label=arg0, fontcolor="#cccccc", fontsize=9];
  "v35" [label="Post Call\na1", shape=box, fillcolor="#28102a", style="filled,dashed"];
  "26" -> "v35" [color="#888888", style=dashed];
  "v35" -> "31" [color="#ff8800", label=arg1, fontcolor="#cccccc", fontsize=9];
  "36" [label="Call", shape=rarrow, fillcolor="#3a1010"];
  "31" -> "36" [color="#00cccc", label=ctrl, fontcolor="#cccccc", fontsize=9];
  "37" -> "36" [color="#cc88aa", label=mem, fontcolor="#cccccc", fontsize=9];
  "38" -> "36" [color="#ffdd44", label=target, fontcolor="#cccccc", fontsize=9];
  "38" [label="const 0x400898:u32", shape=ellipse, fillcolor="#2d2d2d"];
  "39" -> "36" [color="#ff8800", label=arg0, fontcolor="#cccccc", fontsize=9];
  "39" [label="const 0x1:u32", shape=ellipse, fillcolor="#2d2d2d"];
  "v40" [label="Post Call\na1", shape=box, fillcolor="#28102a", style="filled,dashed"];
  "31" -> "v40" [color="#888888", style=dashed];
  "v40" -> "36" [color="#ff8800", label=arg1, fontcolor="#cccccc", fontsize=9];
  "41" [label="Call", shape=rarrow, fillcolor="#3a1010"];
  "36" -> "41" [color="#00cccc", label=ctrl, fontcolor="#cccccc", fontsize=9];
  "42" -> "41" [color="#cc88aa", label=mem, fontcolor="#cccccc", fontsize=9];
  "43" -> "41" [color="#ffdd44", label=target, fontcolor="#cccccc", fontsize=9];
  "43" [label="const 0x4008a0:u32", shape=ellipse, fillcolor="#2d2d2d"];
  "v44" [label="Post Call\na0", shape=box, fillcolor="#28102a", style="filled,dashed"];
  "36" -> "v44" [color="#888888", style=dashed];
  "v44" -> "41" [color="#ff8800", label=arg0, fontcolor="#cccccc", fontsize=9];
  "v45" [label="Post Call\na1", shape=box, fillcolor="#28102a", style="filled,dashed"];
  "36" -> "v45" [color="#888888", style=dashed];
  "v45" -> "41" [color="#ff8800", label=arg1, fontcolor="#cccccc", fontsize=9];
  "46" [label="Call", shape=rarrow, fillcolor="#3a1010"];
  "41" -> "46" [color="#00cccc", label=ctrl, fontcolor="#cccccc", fontsize=9];
  "47" -> "46" [color="#cc88aa", label=mem, fontcolor="#cccccc", fontsize=9];
  "48" -> "46" [color="#ffdd44", label=target, fontcolor="#cccccc", fontsize=9];
  "48" [label="const 0x4008a8:u32", shape=ellipse, fillcolor="#2d2d2d"];
  "v49" [label="Post Call\na0", shape=box, fillcolor="#28102a", style="filled,dashed"];
  "41" -> "v49" [color="#888888", style=dashed];
  "v49" -> "46" [color="#ff8800", label=arg0, fontcolor="#cccccc", fontsize=9];
  "v50" [label="Post Call\na1", shape=box, fillcolor="#28102a", style="filled,dashed"];
  "41" -> "v50" [color="#888888", style=dashed];
  "v50" -> "46" [color="#ff8800", label=arg1, fontcolor="#cccccc", fontsize=9];
  "51" [label="Call", shape=rarrow, fillcolor="#3a1010"];
  "46" -> "51" [color="#00cccc", label=ctrl, fontcolor="#cccccc", fontsize=9];
  "52" -> "51" [color="#cc88aa", label=mem, fontcolor="#cccccc", fontsize=9];
  "53" -> "51" [color="#ffdd44", label=target, fontcolor="#cccccc", fontsize=9];
  "53" [label="const 0x4008b0:u32", shape=ellipse, fillcolor="#2d2d2d"];
  "v54" [label="Post Call\na0", shape=box, fillcolor="#28102a", style="filled,dashed"];
  "46" -> "v54" [color="#888888", style=dashed];
  "v54" -> "51" [color="#ff8800", label=arg0, fontcolor="#cccccc", fontsize=9];
  "v55" [label="Post Call\na1", shape=box, fillcolor="#28102a", style="filled,dashed"];
  "46" -> "v55" [color="#888888", style=dashed];
  "v55" -> "51" [color="#ff8800", label=arg1, fontcolor="#cccccc", fontsize=9];
  "56" [label="Call", shape=rarrow, fillcolor="#3a1010"];
  "51" -> "56" [color="#00cccc", label=ctrl, fontcolor="#cccccc", fontsize=9];
  "57" -> "56" [color="#cc88aa", label=mem, fontcolor="#cccccc", fontsize=9];
  "58" -> "56" [color="#ffdd44", label=target, fontcolor="#cccccc", fontsize=9];
  "58" [label="const 0x4008b8:u32", shape=ellipse, fillcolor="#2d2d2d"];
  "v59" [label="Post Call\na0", shape=box, fillcolor="#28102a", style="filled,dashed"];
  "51" -> "v59" [color="#888888", style=dashed];
  "v59" -> "56" [color="#ff8800", label=arg0, fontcolor="#cccccc", fontsize=9];
  "v60" [label="Post Call\na1", shape=box, fillcolor="#28102a", style="filled,dashed"];
  "51" -> "v60" [color="#888888", style=dashed];
  "v60" -> "56" [color="#ff8800", label=arg1, fontcolor="#cccccc", fontsize=9];
  "61" [label="Call", shape=rarrow, fillcolor="#3a1010"];
  "56" -> "61" [color="#00cccc", label=ctrl, fontcolor="#cccccc", fontsize=9];
  "62" -> "61" [color="#cc88aa", label=mem, fontcolor="#cccccc", fontsize=9];
  "63" -> "61" [color="#ffdd44", label=target, fontcolor="#cccccc", fontsize=9];
  "63" [label="const 0x4008c0:u32", shape=ellipse, fillcolor="#2d2d2d"];
  "64" -> "61" [color="#ff8800", label=arg0, fontcolor="#cccccc", fontsize=9];
  "64" [label="const 0x8:u32", shape=ellipse, fillcolor="#2d2d2d"];
  "65" -> "61" [color="#ff8800", label=arg1, fontcolor="#cccccc", fontsize=9];
  "65" [label="const 0x1:u32", shape=ellipse, fillcolor="#2d2d2d"];
  "66" [label="Call", shape=rarrow, fillcolor="#3a1010"];
  "61" -> "66" [color="#00cccc", label=ctrl, fontcolor="#cccccc", fontsize=9];
  "67" -> "66" [color="#cc88aa", label=mem, fontcolor="#cccccc", fontsize=9];
  "68" -> "66" [color="#ffdd44", label=target, fontcolor="#cccccc", fontsize=9];
  "68" [label="const 0x4008c8:u32", shape=ellipse, fillcolor="#2d2d2d"];
  "69" -> "66" [color="#ff8800", label=arg0, fontcolor="#cccccc", fontsize=9];
  "69" [label="const 0xfffffff8:u32", shape=ellipse, fillcolor="#2d2d2d"];
  "v70" [label="Post Call\na1", shape=box, fillcolor="#28102a", style="filled,dashed"];
  "61" -> "v70" [color="#888888", style=dashed];
  "v70" -> "66" [color="#ff8800", label=arg1, fontcolor="#cccccc", fontsize=9];
  "71" [label="Call", shape=rarrow, fillcolor="#3a1010"];
  "66" -> "71" [color="#00cccc", label=ctrl, fontcolor="#cccccc", fontsize=9];
  "72" -> "71" [color="#cc88aa", label=mem, fontcolor="#cccccc", fontsize=9];
  "73" -> "71" [color="#ffdd44", label=target, fontcolor="#cccccc", fontsize=9];
  "73" [label="const 0x4008d0:u32", shape=ellipse, fillcolor="#2d2d2d"];
  "74" -> "71" [color="#ff8800", label=arg0, fontcolor="#cccccc", fontsize=9];
  "74" [label="const 0x1:u32", shape=ellipse, fillcolor="#2d2d2d"];
  "v75" [label="Post Call\na1", shape=box, fillcolor="#28102a", style="filled,dashed"];
  "66" -> "v75" [color="#888888", style=dashed];
  "v75" -> "71" [color="#ff8800", label=arg1, fontcolor="#cccccc", fontsize=9];
  "76" [label="Return", shape=doublecircle, fillcolor="#103a10"];
  "71" -> "76" [color="#00cccc", label=ctrl, fontcolor="#cccccc", fontsize=9];
  "77" -> "76" [color="#cc88aa", label=mem, fontcolor="#cccccc", fontsize=9];
  "78" -> "76" [color="#88cc88", label=v0, fontcolor="#cccccc", fontsize=9];
  "78" -> "76" [color="#88cc88", label=v1, fontcolor="#cccccc", fontsize=9];
  "v79" [label="Post Call\nf0", shape=box, fillcolor="#28102a", style="filled,dashed"];
  "71" -> "v79" [color="#888888", style=dashed];
  "v79" -> "76" [color="#88cc88", label=f0, fontcolor="#cccccc", fontsize=9];
  "v80" [label="Post Call\nf2", shape=box, fillcolor="#28102a", style="filled,dashed"];
  "71" -> "v80" [color="#888888", style=dashed];
  "v80" -> "76" [color="#88cc88", label=f2, fontcolor="#cccccc", fontsize=9];
  "78" [label="Xor:u32", shape=box, fillcolor="#2d2d2d"];
  "81" -> "78" [color="#4488ff", label=lhs, fontcolor="#cccccc", fontsize=9];
  "v82" [label="Post Call\nv0", shape=box, fillcolor="#28102a", style="filled,dashed"];
  "71" -> "v82" [color="#888888", style=dashed];
  "v82" -> "78" [color="#ff4444", label=rhs, fontcolor="#cccccc", fontsize=9];
  "81" [label="Load u32\n← ram", shape=box3d, fillcolor="#102030"];
  "83" -> "81" [color="#cc88aa", label=mem, fontcolor="#cccccc", fontsize=9];
  "84" -> "81" [color="#cc88ff", label=addr, fontcolor="#cccccc", fontsize=9];
  "84" [label="Add:u32", shape=box, fillcolor="#2d2d2d"];
  "85" -> "84" [color="#4488ff", label=lhs, fontcolor="#cccccc", fontsize=9];
  "86" -> "84" [color="#ff4444", label=rhs, fontcolor="#cccccc", fontsize=9];
  "86" [label="const 0xfffffff0:u32", shape=ellipse, fillcolor="#2d2d2d"];
  "85" [label="init\nsp", shape=Mdiamond, fillcolor="#1a3a5c"];
  "83" [label="MemPartition[MemPartitionId(15)]", shape=trapezium, fillcolor="#3a1a4a"];
  "71" -> "83" [color="#cc88aa", label=mem, fontcolor="#cccccc", fontsize=9];
  "77" [label="MemUnion", shape=trapezium, fillcolor="#3a1a4a"];
  "87" -> "77" [color="#cc88aa", label=mem, fontcolor="#cccccc", fontsize=9];
  "87" [label="StackStore u32\n→ ram[sp - 16]", shape=box3d, fillcolor="#20182a"];
  "83" -> "87" [color="#cc88aa", label=mem, fontcolor="#cccccc", fontsize=9];
  "v88" [label="init\nsp", shape=Mdiamond, fillcolor="#1a3a5c"];
  "v88" -> "87" [color="#cc88ff", label=sp, fontcolor="#cccccc", fontsize=9];
  "78" -> "87" [color="#ff8800", label=data, fontcolor="#cccccc", fontsize=9];
  "72" [label="MemUnion", shape=trapezium, fillcolor="#3a1a4a"];
  "89" -> "72" [color="#cc88aa", label=mem, fontcolor="#cccccc", fontsize=9];
  "89" [label="StackStore u32\n→ ram[sp - 16]", shape=box3d, fillcolor="#20182a"];
  "90" -> "89" [color="#cc88aa", label=mem, fontcolor="#cccccc", fontsize=9];
  "v91" [label="init\nsp", shape=Mdiamond, fillcolor="#1a3a5c"];
  "v91" -> "89" [color="#cc88ff", label=sp, fontcolor="#cccccc", fontsize=9];
  "92" -> "89" [color="#ff8800", label=data, fontcolor="#cccccc", fontsize=9];
  "92" [label="Xor:u32", shape=box, fillcolor="#2d2d2d"];
  "93" -> "92" [color="#4488ff", label=lhs, fontcolor="#cccccc", fontsize=9];
  "v94" [label="Post Call\nv0", shape=box, fillcolor="#28102a", style="filled,dashed"];
  "66" -> "v94" [color="#888888", style=dashed];
  "v94" -> "92" [color="#ff4444", label=rhs, fontcolor="#cccccc", fontsize=9];
  "93" [label="Load u32\n← ram", shape=box3d, fillcolor="#102030"];
  "90" -> "93" [color="#cc88aa", label=mem, fontcolor="#cccccc", fontsize=9];
  "84" -> "93" [color="#cc88ff", label=addr, fontcolor="#cccccc", fontsize=9];
  "90" [label="MemPartition[MemPartitionId(14)]", shape=trapezium, fillcolor="#3a1a4a"];
  "66" -> "90" [color="#cc88aa", label=mem, fontcolor="#cccccc", fontsize=9];
  "67" [label="MemUnion", shape=trapezium, fillcolor="#3a1a4a"];
  "95" -> "67" [color="#cc88aa", label=mem, fontcolor="#cccccc", fontsize=9];
  "95" [label="StackStore u32\n→ ram[sp - 16]", shape=box3d, fillcolor="#20182a"];
  "96" -> "95" [color="#cc88aa", label=mem, fontcolor="#cccccc", fontsize=9];
  "v97" [label="init\nsp", shape=Mdiamond, fillcolor="#1a3a5c"];
  "v97" -> "95" [color="#cc88ff", label=sp, fontcolor="#cccccc", fontsize=9];
  "98" -> "95" [color="#ff8800", label=data, fontcolor="#cccccc", fontsize=9];
  "98" [label="Xor:u32", shape=box, fillcolor="#2d2d2d"];
  "v99" [label="Post Call\nv0", shape=box, fillcolor="#28102a", style="filled,dashed"];
  "61" -> "v99" [color="#888888", style=dashed];
  "v99" -> "98" [color="#4488ff", label=lhs, fontcolor="#cccccc", fontsize=9];
  "100" -> "98" [color="#ff4444", label=rhs, fontcolor="#cccccc", fontsize=9];
  "100" [label="Load u32\n← ram", shape=box3d, fillcolor="#102030"];
  "96" -> "100" [color="#cc88aa", label=mem, fontcolor="#cccccc", fontsize=9];
  "84" -> "100" [color="#cc88ff", label=addr, fontcolor="#cccccc", fontsize=9];
  "96" [label="MemPartition[MemPartitionId(13)]", shape=trapezium, fillcolor="#3a1a4a"];
  "61" -> "96" [color="#cc88aa", label=mem, fontcolor="#cccccc", fontsize=9];
  "62" [label="MemUnion", shape=trapezium, fillcolor="#3a1a4a"];
  "101" -> "62" [color="#cc88aa", label=mem, fontcolor="#cccccc", fontsize=9];
  "101" [label="StackStore u32\n→ ram[sp - 16]", shape=box3d, fillcolor="#20182a"];
  "102" -> "101" [color="#cc88aa", label=mem, fontcolor="#cccccc", fontsize=9];
  "v103" [label="init\nsp", shape=Mdiamond, fillcolor="#1a3a5c"];
  "v103" -> "101" [color="#cc88ff", label=sp, fontcolor="#cccccc", fontsize=9];
  "104" -> "101" [color="#ff8800", label=data, fontcolor="#cccccc", fontsize=9];
  "104" [label="Xor:u32", shape=box, fillcolor="#2d2d2d"];
  "v105" [label="Post Call\nv0", shape=box, fillcolor="#28102a", style="filled,dashed"];
  "56" -> "v105" [color="#888888", style=dashed];
  "v105" -> "104" [color="#4488ff", label=lhs, fontcolor="#cccccc", fontsize=9];
  "106" -> "104" [color="#ff4444", label=rhs, fontcolor="#cccccc", fontsize=9];
  "106" [label="Load u32\n← ram", shape=box3d, fillcolor="#102030"];
  "102" -> "106" [color="#cc88aa", label=mem, fontcolor="#cccccc", fontsize=9];
  "84" -> "106" [color="#cc88ff", label=addr, fontcolor="#cccccc", fontsize=9];
  "102" [label="MemPartition[MemPartitionId(12)]", shape=trapezium, fillcolor="#3a1a4a"];
  "56" -> "102" [color="#cc88aa", label=mem, fontcolor="#cccccc", fontsize=9];
  "57" [label="MemUnion", shape=trapezium, fillcolor="#3a1a4a"];
  "107" -> "57" [color="#cc88aa", label=mem, fontcolor="#cccccc", fontsize=9];
  "107" [label="StackStore u32\n→ ram[sp - 16]", shape=box3d, fillcolor="#20182a"];
  "108" -> "107" [color="#cc88aa", label=mem, fontcolor="#cccccc", fontsize=9];
  "v109" [label="init\nsp", shape=Mdiamond, fillcolor="#1a3a5c"];
  "v109" -> "107" [color="#cc88ff", label=sp, fontcolor="#cccccc", fontsize=9];
  "110" -> "107" [color="#ff8800", label=data, fontcolor="#cccccc", fontsize=9];
  "110" [label="Xor:u32", shape=box, fillcolor="#2d2d2d"];
  "111" -> "110" [color="#4488ff", label=lhs, fontcolor="#cccccc", fontsize=9];
  "v112" [label="Post Call\nv0", shape=box, fillcolor="#28102a", style="filled,dashed"];
  "51" -> "v112" [color="#888888", style=dashed];
  "v112" -> "110" [color="#ff4444", label=rhs, fontcolor="#cccccc", fontsize=9];
  "111" [label="Load u32\n← ram", shape=box3d, fillcolor="#102030"];
  "108" -> "111" [color="#cc88aa", label=mem, fontcolor="#cccccc", fontsize=9];
  "84" -> "111" [color="#cc88ff", label=addr, fontcolor="#cccccc", fontsize=9];
  "108" [label="MemPartition[MemPartitionId(11)]", shape=trapezium, fillcolor="#3a1a4a"];
  "51" -> "108" [color="#cc88aa", label=mem, fontcolor="#cccccc", fontsize=9];
  "52" [label="MemUnion", shape=trapezium, fillcolor="#3a1a4a"];
  "113" -> "52" [color="#cc88aa", label=mem, fontcolor="#cccccc", fontsize=9];
  "113" [label="StackStore u32\n→ ram[sp - 16]", shape=box3d, fillcolor="#20182a"];
  "114" -> "113" [color="#cc88aa", label=mem, fontcolor="#cccccc", fontsize=9];
  "v115" [label="init\nsp", shape=Mdiamond, fillcolor="#1a3a5c"];
  "v115" -> "113" [color="#cc88ff", label=sp, fontcolor="#cccccc", fontsize=9];
  "116" -> "113" [color="#ff8800", label=data, fontcolor="#cccccc", fontsize=9];
  "116" [label="Xor:u32", shape=box, fillcolor="#2d2d2d"];
  "117" -> "116" [color="#4488ff", label=lhs, fontcolor="#cccccc", fontsize=9];
  "v118" [label="Post Call\nv0", shape=box, fillcolor="#28102a", style="filled,dashed"];
  "46" -> "v118" [color="#888888", style=dashed];
  "v118" -> "116" [color="#ff4444", label=rhs, fontcolor="#cccccc", fontsize=9];
  "117" [label="Load u32\n← ram", shape=box3d, fillcolor="#102030"];
  "114" -> "117" [color="#cc88aa", label=mem, fontcolor="#cccccc", fontsize=9];
  "84" -> "117" [color="#cc88ff", label=addr, fontcolor="#cccccc", fontsize=9];
  "114" [label="MemPartition[MemPartitionId(10)]", shape=trapezium, fillcolor="#3a1a4a"];
  "46" -> "114" [color="#cc88aa", label=mem, fontcolor="#cccccc", fontsize=9];
  "47" [label="MemUnion", shape=trapezium, fillcolor="#3a1a4a"];
  "119" -> "47" [color="#cc88aa", label=mem, fontcolor="#cccccc", fontsize=9];
  "119" [label="StackStore u32\n→ ram[sp - 16]", shape=box3d, fillcolor="#20182a"];
  "120" -> "119" [color="#cc88aa", label=mem, fontcolor="#cccccc", fontsize=9];
  "v121" [label="init\nsp", shape=Mdiamond, fillcolor="#1a3a5c"];
  "v121" -> "119" [color="#cc88ff", label=sp, fontcolor="#cccccc", fontsize=9];
  "122" -> "119" [color="#ff8800", label=data, fontcolor="#cccccc", fontsize=9];
  "122" [label="Xor:u32", shape=box, fillcolor="#2d2d2d"];
  "123" -> "122" [color="#4488ff", label=lhs, fontcolor="#cccccc", fontsize=9];
  "v124" [label="Post Call\nv0", shape=box, fillcolor="#28102a", style="filled,dashed"];
  "41" -> "v124" [color="#888888", style=dashed];
  "v124" -> "122" [color="#ff4444", label=rhs, fontcolor="#cccccc", fontsize=9];
  "123" [label="Load u32\n← ram", shape=box3d, fillcolor="#102030"];
  "120" -> "123" [color="#cc88aa", label=mem, fontcolor="#cccccc", fontsize=9];
  "84" -> "123" [color="#cc88ff", label=addr, fontcolor="#cccccc", fontsize=9];
  "120" [label="MemPartition[MemPartitionId(9)]", shape=trapezium, fillcolor="#3a1a4a"];
  "41" -> "120" [color="#cc88aa", label=mem, fontcolor="#cccccc", fontsize=9];
  "42" [label="MemUnion", shape=trapezium, fillcolor="#3a1a4a"];
  "125" -> "42" [color="#cc88aa", label=mem, fontcolor="#cccccc", fontsize=9];
  "125" [label="StackStore u32\n→ ram[sp - 16]", shape=box3d, fillcolor="#20182a"];
  "126" -> "125" [color="#cc88aa", label=mem, fontcolor="#cccccc", fontsize=9];
  "v127" [label="init\nsp", shape=Mdiamond, fillcolor="#1a3a5c"];
  "v127" -> "125" [color="#cc88ff", label=sp, fontcolor="#cccccc", fontsize=9];
  "128" -> "125" [color="#ff8800", label=data, fontcolor="#cccccc", fontsize=9];
  "128" [label="Xor:u32", shape=box, fillcolor="#2d2d2d"];
  "129" -> "128" [color="#4488ff", label=lhs, fontcolor="#cccccc", fontsize=9];
  "v130" [label="Post Call\nv0", shape=box, fillcolor="#28102a", style="filled,dashed"];
  "36" -> "v130" [color="#888888", style=dashed];
  "v130" -> "128" [color="#ff4444", label=rhs, fontcolor="#cccccc", fontsize=9];
  "129" [label="Load u32\n← ram", shape=box3d, fillcolor="#102030"];
  "126" -> "129" [color="#cc88aa", label=mem, fontcolor="#cccccc", fontsize=9];
  "84" -> "129" [color="#cc88ff", label=addr, fontcolor="#cccccc", fontsize=9];
  "126" [label="MemPartition[MemPartitionId(8)]", shape=trapezium, fillcolor="#3a1a4a"];
  "36" -> "126" [color="#cc88aa", label=mem, fontcolor="#cccccc", fontsize=9];
  "37" [label="MemUnion", shape=trapezium, fillcolor="#3a1a4a"];
  "131" -> "37" [color="#cc88aa", label=mem, fontcolor="#cccccc", fontsize=9];
  "131" [label="StackStore u32\n→ ram[sp - 16]", shape=box3d, fillcolor="#20182a"];
  "132" -> "131" [color="#cc88aa", label=mem, fontcolor="#cccccc", fontsize=9];
  "v133" [label="init\nsp", shape=Mdiamond, fillcolor="#1a3a5c"];
  "v133" -> "131" [color="#cc88ff", label=sp, fontcolor="#cccccc", fontsize=9];
  "134" -> "131" [color="#ff8800", label=data, fontcolor="#cccccc", fontsize=9];
  "134" [label="Xor:u32", shape=box, fillcolor="#2d2d2d"];
  "135" -> "134" [color="#4488ff", label=lhs, fontcolor="#cccccc", fontsize=9];
  "v136" [label="Post Call\nv0", shape=box, fillcolor="#28102a", style="filled,dashed"];
  "31" -> "v136" [color="#888888", style=dashed];
  "v136" -> "134" [color="#ff4444", label=rhs, fontcolor="#cccccc", fontsize=9];
  "135" [label="Load u32\n← ram", shape=box3d, fillcolor="#102030"];
  "132" -> "135" [color="#cc88aa", label=mem, fontcolor="#cccccc", fontsize=9];
  "84" -> "135" [color="#cc88ff", label=addr, fontcolor="#cccccc", fontsize=9];
  "132" [label="MemPartition[MemPartitionId(7)]", shape=trapezium, fillcolor="#3a1a4a"];
  "31" -> "132" [color="#cc88aa", label=mem, fontcolor="#cccccc", fontsize=9];
  "32" [label="MemUnion", shape=trapezium, fillcolor="#3a1a4a"];
  "137" -> "32" [color="#cc88aa", label=mem, fontcolor="#cccccc", fontsize=9];
  "137" [label="StackStore u32\n→ ram[sp - 16]", shape=box3d, fillcolor="#20182a"];
  "138" -> "137" [color="#cc88aa", label=mem, fontcolor="#cccccc", fontsize=9];
  "v139" [label="init\nsp", shape=Mdiamond, fillcolor="#1a3a5c"];
  "v139" -> "137" [color="#cc88ff", label=sp, fontcolor="#cccccc", fontsize=9];
  "140" -> "137" [color="#ff8800", label=data, fontcolor="#cccccc", fontsize=9];
  "140" [label="Xor:u32", shape=box, fillcolor="#2d2d2d"];
  "141" -> "140" [color="#4488ff", label=lhs, fontcolor="#cccccc", fontsize=9];
  "v142" [label="Post Call\nv0", shape=box, fillcolor="#28102a", style="filled,dashed"];
  "26" -> "v142" [color="#888888", style=dashed];
  "v142" -> "140" [color="#ff4444", label=rhs, fontcolor="#cccccc", fontsize=9];
  "141" [label="Load u32\n← ram", shape=box3d, fillcolor="#102030"];
  "138" -> "141" [color="#cc88aa", label=mem, fontcolor="#cccccc", fontsize=9];
  "84" -> "141" [color="#cc88ff", label=addr, fontcolor="#cccccc", fontsize=9];
  "138" [label="MemPartition[MemPartitionId(6)]", shape=trapezium, fillcolor="#3a1a4a"];
  "26" -> "138" [color="#cc88aa", label=mem, fontcolor="#cccccc", fontsize=9];
  "27" [label="MemUnion", shape=trapezium, fillcolor="#3a1a4a"];
  "143" -> "27" [color="#cc88aa", label=mem, fontcolor="#cccccc", fontsize=9];
  "143" [label="StackStore u32\n→ ram[sp - 16]", shape=box3d, fillcolor="#20182a"];
  "144" -> "143" [color="#cc88aa", label=mem, fontcolor="#cccccc", fontsize=9];
  "v145" [label="init\nsp", shape=Mdiamond, fillcolor="#1a3a5c"];
  "v145" -> "143" [color="#cc88ff", label=sp, fontcolor="#cccccc", fontsize=9];
  "146" -> "143" [color="#ff8800", label=data, fontcolor="#cccccc", fontsize=9];
  "146" [label="Xor:u32", shape=box, fillcolor="#2d2d2d"];
  "v147" [label="Post Call\nv0", shape=box, fillcolor="#28102a", style="filled,dashed"];
  "21" -> "v147" [color="#888888", style=dashed];
  "v147" -> "146" [color="#4488ff", label=lhs, fontcolor="#cccccc", fontsize=9];
  "148" -> "146" [color="#ff4444", label=rhs, fontcolor="#cccccc", fontsize=9];
  "148" [label="Load u32\n← ram", shape=box3d, fillcolor="#102030"];
  "144" -> "148" [color="#cc88aa", label=mem, fontcolor="#cccccc", fontsize=9];
  "84" -> "148" [color="#cc88ff", label=addr, fontcolor="#cccccc", fontsize=9];
  "144" [label="MemPartition[MemPartitionId(5)]", shape=trapezium, fillcolor="#3a1a4a"];
  "21" -> "144" [color="#cc88aa", label=mem, fontcolor="#cccccc", fontsize=9];
  "22" [label="MemUnion", shape=trapezium, fillcolor="#3a1a4a"];
  "149" -> "22" [color="#cc88aa", label=mem, fontcolor="#cccccc", fontsize=9];
  "149" [label="StackStore u32\n→ ram[sp - 16]", shape=box3d, fillcolor="#20182a"];
  "150" -> "149" [color="#cc88aa", label=mem, fontcolor="#cccccc", fontsize=9];
  "v151" [label="init\nsp", shape=Mdiamond, fillcolor="#1a3a5c"];
  "v151" -> "149" [color="#cc88ff", label=sp, fontcolor="#cccccc", fontsize=9];
  "152" -> "149" [color="#ff8800", label=data, fontcolor="#cccccc", fontsize=9];
  "152" [label="Xor:u32", shape=box, fillcolor="#2d2d2d"];
  "v153" [label="Post Call\nv0", shape=box, fillcolor="#28102a", style="filled,dashed"];
  "16" -> "v153" [color="#888888", style=dashed];
  "v153" -> "152" [color="#4488ff", label=lhs, fontcolor="#cccccc", fontsize=9];
  "154" -> "152" [color="#ff4444", label=rhs, fontcolor="#cccccc", fontsize=9];
  "154" [label="Load u32\n← ram", shape=box3d, fillcolor="#102030"];
  "150" -> "154" [color="#cc88aa", label=mem, fontcolor="#cccccc", fontsize=9];
  "84" -> "154" [color="#cc88ff", label=addr, fontcolor="#cccccc", fontsize=9];
  "150" [label="MemPartition[MemPartitionId(4)]", shape=trapezium, fillcolor="#3a1a4a"];
  "16" -> "150" [color="#cc88aa", label=mem, fontcolor="#cccccc", fontsize=9];
  "17" [label="MemUnion", shape=trapezium, fillcolor="#3a1a4a"];
  "155" -> "17" [color="#cc88aa", label=mem, fontcolor="#cccccc", fontsize=9];
  "155" [label="StackStore u32\n→ ram[sp - 16]", shape=box3d, fillcolor="#20182a"];
  "156" -> "155" [color="#cc88aa", label=mem, fontcolor="#cccccc", fontsize=9];
  "v157" [label="init\nsp", shape=Mdiamond, fillcolor="#1a3a5c"];
  "v157" -> "155" [color="#cc88ff", label=sp, fontcolor="#cccccc", fontsize=9];
  "158" -> "155" [color="#ff8800", label=data, fontcolor="#cccccc", fontsize=9];
  "158" [label="Xor:u32", shape=box, fillcolor="#2d2d2d"];
  "159" -> "158" [color="#4488ff", label=lhs, fontcolor="#cccccc", fontsize=9];
  "v160" [label="Post Call\nv0", shape=box, fillcolor="#28102a", style="filled,dashed"];
  "11" -> "v160" [color="#888888", style=dashed];
  "v160" -> "158" [color="#ff4444", label=rhs, fontcolor="#cccccc", fontsize=9];
  "159" [label="Load u32\n← ram", shape=box3d, fillcolor="#102030"];
  "156" -> "159" [color="#cc88aa", label=mem, fontcolor="#cccccc", fontsize=9];
  "84" -> "159" [color="#cc88ff", label=addr, fontcolor="#cccccc", fontsize=9];
  "156" [label="MemPartition[MemPartitionId(3)]", shape=trapezium, fillcolor="#3a1a4a"];
  "11" -> "156" [color="#cc88aa", label=mem, fontcolor="#cccccc", fontsize=9];
  "12" [label="MemUnion", shape=trapezium, fillcolor="#3a1a4a"];
  "161" -> "12" [color="#cc88aa", label=mem, fontcolor="#cccccc", fontsize=9];
  "161" [label="StackStore u32\n→ ram[sp - 16]", shape=box3d, fillcolor="#20182a"];
  "162" -> "161" [color="#cc88aa", label=mem, fontcolor="#cccccc", fontsize=9];
  "v163" [label="init\nsp", shape=Mdiamond, fillcolor="#1a3a5c"];
  "v163" -> "161" [color="#cc88ff", label=sp, fontcolor="#cccccc", fontsize=9];
  "164" -> "161" [color="#ff8800", label=data, fontcolor="#cccccc", fontsize=9];
  "164" [label="Xor:u32", shape=box, fillcolor="#2d2d2d"];
  "165" -> "164" [color="#4488ff", label=lhs, fontcolor="#cccccc", fontsize=9];
  "v166" [label="Post Call\nv0", shape=box, fillcolor="#28102a", style="filled,dashed"];
  "6" -> "v166" [color="#888888", style=dashed];
  "v166" -> "164" [color="#ff4444", label=rhs, fontcolor="#cccccc", fontsize=9];
  "165" [label="Load u32\n← ram", shape=box3d, fillcolor="#102030"];
  "162" -> "165" [color="#cc88aa", label=mem, fontcolor="#cccccc", fontsize=9];
  "84" -> "165" [color="#cc88ff", label=addr, fontcolor="#cccccc", fontsize=9];
  "162" [label="MemPartition[MemPartitionId(2)]", shape=trapezium, fillcolor="#3a1a4a"];
  "6" -> "162" [color="#cc88aa", label=mem, fontcolor="#cccccc", fontsize=9];
  "7" [label="MemUnion", shape=trapezium, fillcolor="#3a1a4a"];
  "167" -> "7" [color="#cc88aa", label=mem, fontcolor="#cccccc", fontsize=9];
  "167" [label="StackStore u32\n→ ram[sp - 16]", shape=box3d, fillcolor="#20182a"];
  "168" -> "167" [color="#cc88aa", label=mem, fontcolor="#cccccc", fontsize=9];
  "v169" [label="init\nsp", shape=Mdiamond, fillcolor="#1a3a5c"];
  "v169" -> "167" [color="#cc88ff", label=sp, fontcolor="#cccccc", fontsize=9];
  "170" -> "167" [color="#ff8800", label=data, fontcolor="#cccccc", fontsize=9];
  "170" [label="Xor:u32", shape=box, fillcolor="#2d2d2d"];
  "171" -> "170" [color="#4488ff", label=lhs, fontcolor="#cccccc", fontsize=9];
  "v172" [label="Post Call\nv0", shape=box, fillcolor="#28102a", style="filled,dashed"];
  "1" -> "v172" [color="#888888", style=dashed];
  "v172" -> "170" [color="#ff4444", label=rhs, fontcolor="#cccccc", fontsize=9];
  "171" [label="Load u32\n← ram", shape=box3d, fillcolor="#102030"];
  "168" -> "171" [color="#cc88aa", label=mem, fontcolor="#cccccc", fontsize=9];
  "84" -> "171" [color="#cc88ff", label=addr, fontcolor="#cccccc", fontsize=9];
  "168" [label="MemPartition[MemPartitionId(1)]", shape=trapezium, fillcolor="#3a1a4a"];
  "1" -> "168" [color="#cc88aa", label=mem, fontcolor="#cccccc", fontsize=9];
  "2" [label="MemUnion", shape=trapezium, fillcolor="#3a1a4a"];
  "173" -> "2" [color="#cc88aa", label=mem, fontcolor="#cccccc", fontsize=9];
  "173" [label="StackStore u32\n→ ram[sp - 16]", shape=box3d, fillcolor="#20182a"];
  "174" -> "173" [color="#cc88aa", label=mem, fontcolor="#cccccc", fontsize=9];
  "v175" [label="init\nsp", shape=Mdiamond, fillcolor="#1a3a5c"];
  "v175" -> "173" [color="#cc88ff", label=sp, fontcolor="#cccccc", fontsize=9];
  "176" -> "173" [color="#ff8800", label=data, fontcolor="#cccccc", fontsize=9];
  "176" [label="const 0x0:u32", shape=ellipse, fillcolor="#2d2d2d"];
  "174" [label="StackStore u32\n→ ram[sp - 4]", shape=box3d, fillcolor="#20182a"];
  "177" -> "174" [color="#cc88aa", label=mem, fontcolor="#cccccc", fontsize=9];
  "v178" [label="init\nsp", shape=Mdiamond, fillcolor="#1a3a5c"];
  "v178" -> "174" [color="#cc88ff", label=sp, fontcolor="#cccccc", fontsize=9];
  "179" -> "174" [color="#ff8800", label=data, fontcolor="#cccccc", fontsize=9];
  "179" [label="init\nra", shape=Mdiamond, fillcolor="#1a3a5c"];
  "177" [label="MemPartition[MemPartitionId(0)]", shape=trapezium, fillcolor="#3a1a4a"];
  "180" -> "177" [color="#cc88aa", label=mem, fontcolor="#cccccc", fontsize=9];
  "180" [label="InitialMemory", shape=Mdiamond, fillcolor="#1a3a5c"];
}
